ARM GAS  /tmp/ccnsJxgI.s 			page 1


   1              		.cpu cortex-m4
   2              		.arch armv7e-m
   3              		.fpu fpv4-sp-d16
   4              		.eabi_attribute 27, 1
   5              		.eabi_attribute 28, 1
   6              		.eabi_attribute 20, 1
   7              		.eabi_attribute 21, 1
   8              		.eabi_attribute 23, 3
   9              		.eabi_attribute 24, 1
  10              		.eabi_attribute 25, 1
  11              		.eabi_attribute 26, 1
  12              		.eabi_attribute 30, 1
  13              		.eabi_attribute 34, 1
  14              		.eabi_attribute 18, 4
  15              		.file	"adc_shared.c"
  16              		.text
  17              	.Ltext0:
  18              		.cfi_sections	.debug_frame
  19              		.file 1 "Core/Src/adc_shared.c"
  20              		.section	.text.adc_shared_init,"ax",%progbits
  21              		.align	1
  22              		.global	adc_shared_init
  23              		.syntax unified
  24              		.thumb
  25              		.thumb_func
  27              	adc_shared_init:
  28              	.LFB220:
   1:Core/Src/adc_shared.c **** #include "adc_shared.h"
   2:Core/Src/adc_shared.c **** #include "main.h"
   3:Core/Src/adc_shared.c **** #include "stm32f4xx_hal.h"
   4:Core/Src/adc_shared.c **** 
   5:Core/Src/adc_shared.c **** static ADC_HandleTypeDef s_hadc1;
   6:Core/Src/adc_shared.c **** static bool s_initialized = false;
   7:Core/Src/adc_shared.c **** 
   8:Core/Src/adc_shared.c **** void adc_shared_init(void)
   9:Core/Src/adc_shared.c **** {
  29              		.loc 1 9 1 view -0
  30              		.cfi_startproc
  31              		@ args = 0, pretend = 0, frame = 0
  32              		@ frame_needed = 0, uses_anonymous_args = 0
  33 0000 08B5     		push	{r3, lr}
  34              	.LCFI0:
  35              		.cfi_def_cfa_offset 8
  36              		.cfi_offset 3, -8
  37              		.cfi_offset 14, -4
  10:Core/Src/adc_shared.c ****     if (s_initialized) {
  38              		.loc 1 10 5 view .LVU1
  39              		.loc 1 10 9 is_stmt 0 view .LVU2
  40 0002 134B     		ldr	r3, .L7
  41 0004 1B78     		ldrb	r3, [r3]	@ zero_extendqisi2
  42              		.loc 1 10 8 view .LVU3
  43 0006 03B1     		cbz	r3, .L5
  44              	.L1:
  11:Core/Src/adc_shared.c ****         return;
  12:Core/Src/adc_shared.c ****     }
  13:Core/Src/adc_shared.c **** 
  14:Core/Src/adc_shared.c ****     s_hadc1.Instance                   = ADC1;
ARM GAS  /tmp/ccnsJxgI.s 			page 2


  15:Core/Src/adc_shared.c ****     s_hadc1.Init.ClockPrescaler        = ADC_CLOCK_SYNC_PCLK_DIV4;
  16:Core/Src/adc_shared.c ****     s_hadc1.Init.Resolution            = ADC_RESOLUTION_12B;
  17:Core/Src/adc_shared.c ****     s_hadc1.Init.ScanConvMode          = DISABLE;
  18:Core/Src/adc_shared.c ****     s_hadc1.Init.ContinuousConvMode    = DISABLE;
  19:Core/Src/adc_shared.c ****     s_hadc1.Init.DiscontinuousConvMode = DISABLE;
  20:Core/Src/adc_shared.c ****     s_hadc1.Init.ExternalTrigConvEdge  = ADC_EXTERNALTRIGCONVEDGE_NONE;
  21:Core/Src/adc_shared.c ****     s_hadc1.Init.ExternalTrigConv      = ADC_SOFTWARE_START;
  22:Core/Src/adc_shared.c ****     s_hadc1.Init.DataAlign             = ADC_DATAALIGN_RIGHT;
  23:Core/Src/adc_shared.c ****     s_hadc1.Init.NbrOfConversion       = 1;
  24:Core/Src/adc_shared.c ****     s_hadc1.Init.DMAContinuousRequests = DISABLE;
  25:Core/Src/adc_shared.c ****     s_hadc1.Init.EOCSelection          = ADC_EOC_SINGLE_CONV;
  26:Core/Src/adc_shared.c **** 
  27:Core/Src/adc_shared.c ****     if (HAL_ADC_Init(&s_hadc1) != HAL_OK) {
  28:Core/Src/adc_shared.c ****         Error_Handler();
  29:Core/Src/adc_shared.c ****     }
  30:Core/Src/adc_shared.c **** 
  31:Core/Src/adc_shared.c ****     s_initialized = true;
  32:Core/Src/adc_shared.c **** }
  45              		.loc 1 32 1 view .LVU4
  46 0008 08BD     		pop	{r3, pc}
  47              	.L5:
  14:Core/Src/adc_shared.c ****     s_hadc1.Init.ClockPrescaler        = ADC_CLOCK_SYNC_PCLK_DIV4;
  48              		.loc 1 14 5 is_stmt 1 view .LVU5
  14:Core/Src/adc_shared.c ****     s_hadc1.Init.ClockPrescaler        = ADC_CLOCK_SYNC_PCLK_DIV4;
  49              		.loc 1 14 40 is_stmt 0 view .LVU6
  50 000a 1248     		ldr	r0, .L7+4
  51 000c 03F18043 		add	r3, r3, #1073741824
  52 0010 03F59033 		add	r3, r3, #73728
  53 0014 0360     		str	r3, [r0]
  15:Core/Src/adc_shared.c ****     s_hadc1.Init.Resolution            = ADC_RESOLUTION_12B;
  54              		.loc 1 15 5 is_stmt 1 view .LVU7
  15:Core/Src/adc_shared.c ****     s_hadc1.Init.Resolution            = ADC_RESOLUTION_12B;
  55              		.loc 1 15 40 is_stmt 0 view .LVU8
  56 0016 4FF48033 		mov	r3, #65536
  57 001a 4360     		str	r3, [r0, #4]
  16:Core/Src/adc_shared.c ****     s_hadc1.Init.ScanConvMode          = DISABLE;
  58              		.loc 1 16 5 is_stmt 1 view .LVU9
  16:Core/Src/adc_shared.c ****     s_hadc1.Init.ScanConvMode          = DISABLE;
  59              		.loc 1 16 40 is_stmt 0 view .LVU10
  60 001c 0023     		movs	r3, #0
  61 001e 8360     		str	r3, [r0, #8]
  17:Core/Src/adc_shared.c ****     s_hadc1.Init.ContinuousConvMode    = DISABLE;
  62              		.loc 1 17 5 is_stmt 1 view .LVU11
  17:Core/Src/adc_shared.c ****     s_hadc1.Init.ContinuousConvMode    = DISABLE;
  63              		.loc 1 17 40 is_stmt 0 view .LVU12
  64 0020 0361     		str	r3, [r0, #16]
  18:Core/Src/adc_shared.c ****     s_hadc1.Init.DiscontinuousConvMode = DISABLE;
  65              		.loc 1 18 5 is_stmt 1 view .LVU13
  18:Core/Src/adc_shared.c ****     s_hadc1.Init.DiscontinuousConvMode = DISABLE;
  66              		.loc 1 18 40 is_stmt 0 view .LVU14
  67 0022 0376     		strb	r3, [r0, #24]
  19:Core/Src/adc_shared.c ****     s_hadc1.Init.ExternalTrigConvEdge  = ADC_EXTERNALTRIGCONVEDGE_NONE;
  68              		.loc 1 19 5 is_stmt 1 view .LVU15
  19:Core/Src/adc_shared.c ****     s_hadc1.Init.ExternalTrigConvEdge  = ADC_EXTERNALTRIGCONVEDGE_NONE;
  69              		.loc 1 19 40 is_stmt 0 view .LVU16
  70 0024 80F82030 		strb	r3, [r0, #32]
  20:Core/Src/adc_shared.c ****     s_hadc1.Init.ExternalTrigConv      = ADC_SOFTWARE_START;
ARM GAS  /tmp/ccnsJxgI.s 			page 3


  71              		.loc 1 20 5 is_stmt 1 view .LVU17
  20:Core/Src/adc_shared.c ****     s_hadc1.Init.ExternalTrigConv      = ADC_SOFTWARE_START;
  72              		.loc 1 20 40 is_stmt 0 view .LVU18
  73 0028 C362     		str	r3, [r0, #44]
  21:Core/Src/adc_shared.c ****     s_hadc1.Init.DataAlign             = ADC_DATAALIGN_RIGHT;
  74              		.loc 1 21 5 is_stmt 1 view .LVU19
  21:Core/Src/adc_shared.c ****     s_hadc1.Init.DataAlign             = ADC_DATAALIGN_RIGHT;
  75              		.loc 1 21 40 is_stmt 0 view .LVU20
  76 002a 0B4A     		ldr	r2, .L7+8
  77 002c 8262     		str	r2, [r0, #40]
  22:Core/Src/adc_shared.c ****     s_hadc1.Init.NbrOfConversion       = 1;
  78              		.loc 1 22 5 is_stmt 1 view .LVU21
  22:Core/Src/adc_shared.c ****     s_hadc1.Init.NbrOfConversion       = 1;
  79              		.loc 1 22 40 is_stmt 0 view .LVU22
  80 002e C360     		str	r3, [r0, #12]
  23:Core/Src/adc_shared.c ****     s_hadc1.Init.DMAContinuousRequests = DISABLE;
  81              		.loc 1 23 5 is_stmt 1 view .LVU23
  23:Core/Src/adc_shared.c ****     s_hadc1.Init.DMAContinuousRequests = DISABLE;
  82              		.loc 1 23 40 is_stmt 0 view .LVU24
  83 0030 0122     		movs	r2, #1
  84 0032 C261     		str	r2, [r0, #28]
  24:Core/Src/adc_shared.c ****     s_hadc1.Init.EOCSelection          = ADC_EOC_SINGLE_CONV;
  85              		.loc 1 24 5 is_stmt 1 view .LVU25
  24:Core/Src/adc_shared.c ****     s_hadc1.Init.EOCSelection          = ADC_EOC_SINGLE_CONV;
  86              		.loc 1 24 40 is_stmt 0 view .LVU26
  87 0034 80F83030 		strb	r3, [r0, #48]
  25:Core/Src/adc_shared.c **** 
  88              		.loc 1 25 5 is_stmt 1 view .LVU27
  25:Core/Src/adc_shared.c **** 
  89              		.loc 1 25 40 is_stmt 0 view .LVU28
  90 0038 4261     		str	r2, [r0, #20]
  27:Core/Src/adc_shared.c ****         Error_Handler();
  91              		.loc 1 27 5 is_stmt 1 view .LVU29
  27:Core/Src/adc_shared.c ****         Error_Handler();
  92              		.loc 1 27 9 is_stmt 0 view .LVU30
  93 003a FFF7FEFF 		bl	HAL_ADC_Init
  94              	.LVL0:
  27:Core/Src/adc_shared.c ****         Error_Handler();
  95              		.loc 1 27 8 discriminator 1 view .LVU31
  96 003e 18B9     		cbnz	r0, .L6
  97              	.L3:
  31:Core/Src/adc_shared.c **** }
  98              		.loc 1 31 5 is_stmt 1 view .LVU32
  31:Core/Src/adc_shared.c **** }
  99              		.loc 1 31 19 is_stmt 0 view .LVU33
 100 0040 034B     		ldr	r3, .L7
 101 0042 0122     		movs	r2, #1
 102 0044 1A70     		strb	r2, [r3]
 103 0046 DFE7     		b	.L1
 104              	.L6:
  28:Core/Src/adc_shared.c ****     }
 105              		.loc 1 28 9 is_stmt 1 view .LVU34
 106 0048 FFF7FEFF 		bl	Error_Handler
 107              	.LVL1:
 108 004c F8E7     		b	.L3
 109              	.L8:
 110 004e 00BF     		.align	2
ARM GAS  /tmp/ccnsJxgI.s 			page 4


 111              	.L7:
 112 0050 00000000 		.word	s_initialized
 113 0054 00000000 		.word	s_hadc1
 114 0058 0100000F 		.word	251658241
 115              		.cfi_endproc
 116              	.LFE220:
 118              		.section	.text.adc_shared_read_channel,"ax",%progbits
 119              		.align	1
 120              		.global	adc_shared_read_channel
 121              		.syntax unified
 122              		.thumb
 123              		.thumb_func
 125              	adc_shared_read_channel:
 126              	.LVL2:
 127              	.LFB221:
  33:Core/Src/adc_shared.c **** 
  34:Core/Src/adc_shared.c **** bool adc_shared_read_channel(uint32_t channel, uint32_t sampling_time, uint16_t *raw)
  35:Core/Src/adc_shared.c **** {
 128              		.loc 1 35 1 view -0
 129              		.cfi_startproc
 130              		@ args = 0, pretend = 0, frame = 16
 131              		@ frame_needed = 0, uses_anonymous_args = 0
 132              		.loc 1 35 1 is_stmt 0 view .LVU36
 133 0000 70B5     		push	{r4, r5, r6, lr}
 134              	.LCFI1:
 135              		.cfi_def_cfa_offset 16
 136              		.cfi_offset 4, -16
 137              		.cfi_offset 5, -12
 138              		.cfi_offset 6, -8
 139              		.cfi_offset 14, -4
 140 0002 84B0     		sub	sp, sp, #16
 141              	.LCFI2:
 142              		.cfi_def_cfa_offset 32
  36:Core/Src/adc_shared.c ****     ADC_ChannelConfTypeDef ch = {0};
 143              		.loc 1 36 5 is_stmt 1 view .LVU37
 144              		.loc 1 36 28 is_stmt 0 view .LVU38
 145 0004 0023     		movs	r3, #0
 146 0006 0093     		str	r3, [sp]
 147 0008 0193     		str	r3, [sp, #4]
 148 000a 0293     		str	r3, [sp, #8]
 149 000c 0393     		str	r3, [sp, #12]
  37:Core/Src/adc_shared.c **** 
  38:Core/Src/adc_shared.c ****     if (raw == NULL) {
 150              		.loc 1 38 5 is_stmt 1 view .LVU39
 151              		.loc 1 38 8 is_stmt 0 view .LVU40
 152 000e 62B3     		cbz	r2, .L12
 153 0010 0546     		mov	r5, r0
 154 0012 0C46     		mov	r4, r1
 155 0014 1646     		mov	r6, r2
  39:Core/Src/adc_shared.c ****         return false;
  40:Core/Src/adc_shared.c ****     }
  41:Core/Src/adc_shared.c **** 
  42:Core/Src/adc_shared.c ****     adc_shared_init();
 156              		.loc 1 42 5 is_stmt 1 view .LVU41
 157 0016 FFF7FEFF 		bl	adc_shared_init
 158              	.LVL3:
  43:Core/Src/adc_shared.c **** 
ARM GAS  /tmp/ccnsJxgI.s 			page 5


  44:Core/Src/adc_shared.c ****     ch.Channel      = channel;
 159              		.loc 1 44 5 view .LVU42
 160              		.loc 1 44 21 is_stmt 0 view .LVU43
 161 001a 0095     		str	r5, [sp]
  45:Core/Src/adc_shared.c ****     ch.Rank         = 1;
 162              		.loc 1 45 5 is_stmt 1 view .LVU44
 163              		.loc 1 45 21 is_stmt 0 view .LVU45
 164 001c 0123     		movs	r3, #1
 165 001e 0193     		str	r3, [sp, #4]
  46:Core/Src/adc_shared.c ****     ch.SamplingTime = sampling_time;
 166              		.loc 1 46 5 is_stmt 1 view .LVU46
 167              		.loc 1 46 21 is_stmt 0 view .LVU47
 168 0020 0294     		str	r4, [sp, #8]
  47:Core/Src/adc_shared.c ****     ch.Offset       = 0;
 169              		.loc 1 47 5 is_stmt 1 view .LVU48
 170              		.loc 1 47 21 is_stmt 0 view .LVU49
 171 0022 0023     		movs	r3, #0
 172 0024 0393     		str	r3, [sp, #12]
  48:Core/Src/adc_shared.c **** 
  49:Core/Src/adc_shared.c ****     if (HAL_ADC_ConfigChannel(&s_hadc1, &ch) != HAL_OK) {
 173              		.loc 1 49 5 is_stmt 1 view .LVU50
 174              		.loc 1 49 9 is_stmt 0 view .LVU51
 175 0026 6946     		mov	r1, sp
 176 0028 1148     		ldr	r0, .L19
 177 002a FFF7FEFF 		bl	HAL_ADC_ConfigChannel
 178              	.LVL4:
 179              		.loc 1 49 8 discriminator 1 view .LVU52
 180 002e 10B1     		cbz	r0, .L16
  50:Core/Src/adc_shared.c ****         return false;
 181              		.loc 1 50 16 view .LVU53
 182 0030 0020     		movs	r0, #0
 183              	.LVL5:
 184              	.L10:
  51:Core/Src/adc_shared.c ****     }
  52:Core/Src/adc_shared.c **** 
  53:Core/Src/adc_shared.c ****     if (HAL_ADC_Start(&s_hadc1) != HAL_OK) {
  54:Core/Src/adc_shared.c ****         return false;
  55:Core/Src/adc_shared.c ****     }
  56:Core/Src/adc_shared.c **** 
  57:Core/Src/adc_shared.c ****     if (HAL_ADC_PollForConversion(&s_hadc1, 10U) != HAL_OK) {
  58:Core/Src/adc_shared.c ****         (void)HAL_ADC_Stop(&s_hadc1);
  59:Core/Src/adc_shared.c ****         return false;
  60:Core/Src/adc_shared.c ****     }
  61:Core/Src/adc_shared.c **** 
  62:Core/Src/adc_shared.c ****     *raw = (uint16_t)HAL_ADC_GetValue(&s_hadc1);
  63:Core/Src/adc_shared.c ****     (void)HAL_ADC_Stop(&s_hadc1);
  64:Core/Src/adc_shared.c ****     return true;
  65:Core/Src/adc_shared.c **** }
 185              		.loc 1 65 1 view .LVU54
 186 0032 04B0     		add	sp, sp, #16
 187              	.LCFI3:
 188              		.cfi_remember_state
 189              		.cfi_def_cfa_offset 16
 190              		@ sp needed
 191 0034 70BD     		pop	{r4, r5, r6, pc}
 192              	.LVL6:
 193              	.L16:
ARM GAS  /tmp/ccnsJxgI.s 			page 6


 194              	.LCFI4:
 195              		.cfi_restore_state
  53:Core/Src/adc_shared.c ****         return false;
 196              		.loc 1 53 5 is_stmt 1 view .LVU55
  53:Core/Src/adc_shared.c ****         return false;
 197              		.loc 1 53 9 is_stmt 0 view .LVU56
 198 0036 0E48     		ldr	r0, .L19
 199 0038 FFF7FEFF 		bl	HAL_ADC_Start
 200              	.LVL7:
  53:Core/Src/adc_shared.c ****         return false;
 201              		.loc 1 53 8 discriminator 1 view .LVU57
 202 003c 08B1     		cbz	r0, .L17
  54:Core/Src/adc_shared.c ****     }
 203              		.loc 1 54 16 view .LVU58
 204 003e 0020     		movs	r0, #0
 205 0040 F7E7     		b	.L10
 206              	.L17:
  57:Core/Src/adc_shared.c ****         (void)HAL_ADC_Stop(&s_hadc1);
 207              		.loc 1 57 5 is_stmt 1 view .LVU59
  57:Core/Src/adc_shared.c ****         (void)HAL_ADC_Stop(&s_hadc1);
 208              		.loc 1 57 9 is_stmt 0 view .LVU60
 209 0042 0A21     		movs	r1, #10
 210 0044 0A48     		ldr	r0, .L19
 211 0046 FFF7FEFF 		bl	HAL_ADC_PollForConversion
 212              	.LVL8:
  57:Core/Src/adc_shared.c ****         (void)HAL_ADC_Stop(&s_hadc1);
 213              		.loc 1 57 8 discriminator 1 view .LVU61
 214 004a 48B9     		cbnz	r0, .L18
  62:Core/Src/adc_shared.c ****     (void)HAL_ADC_Stop(&s_hadc1);
 215              		.loc 1 62 5 is_stmt 1 view .LVU62
  62:Core/Src/adc_shared.c ****     (void)HAL_ADC_Stop(&s_hadc1);
 216              		.loc 1 62 22 is_stmt 0 view .LVU63
 217 004c 084C     		ldr	r4, .L19
 218              	.LVL9:
  62:Core/Src/adc_shared.c ****     (void)HAL_ADC_Stop(&s_hadc1);
 219              		.loc 1 62 22 view .LVU64
 220 004e 2046     		mov	r0, r4
 221 0050 FFF7FEFF 		bl	HAL_ADC_GetValue
 222              	.LVL10:
  62:Core/Src/adc_shared.c ****     (void)HAL_ADC_Stop(&s_hadc1);
 223              		.loc 1 62 10 discriminator 1 view .LVU65
 224 0054 3080     		strh	r0, [r6]	@ movhi
  63:Core/Src/adc_shared.c ****     return true;
 225              		.loc 1 63 5 is_stmt 1 view .LVU66
  63:Core/Src/adc_shared.c ****     return true;
 226              		.loc 1 63 11 is_stmt 0 view .LVU67
 227 0056 2046     		mov	r0, r4
 228 0058 FFF7FEFF 		bl	HAL_ADC_Stop
 229              	.LVL11:
  64:Core/Src/adc_shared.c **** }
 230              		.loc 1 64 5 is_stmt 1 view .LVU68
  64:Core/Src/adc_shared.c **** }
 231              		.loc 1 64 12 is_stmt 0 view .LVU69
 232 005c 0120     		movs	r0, #1
 233 005e E8E7     		b	.L10
 234              	.LVL12:
 235              	.L18:
ARM GAS  /tmp/ccnsJxgI.s 			page 7


  58:Core/Src/adc_shared.c ****         return false;
 236              		.loc 1 58 9 is_stmt 1 view .LVU70
  58:Core/Src/adc_shared.c ****         return false;
 237              		.loc 1 58 15 is_stmt 0 view .LVU71
 238 0060 0348     		ldr	r0, .L19
 239 0062 FFF7FEFF 		bl	HAL_ADC_Stop
 240              	.LVL13:
  59:Core/Src/adc_shared.c ****     }
 241              		.loc 1 59 9 is_stmt 1 view .LVU72
  59:Core/Src/adc_shared.c ****     }
 242              		.loc 1 59 16 is_stmt 0 view .LVU73
 243 0066 0020     		movs	r0, #0
 244 0068 E3E7     		b	.L10
 245              	.LVL14:
 246              	.L12:
  39:Core/Src/adc_shared.c ****     }
 247              		.loc 1 39 16 view .LVU74
 248 006a 0020     		movs	r0, #0
 249              	.LVL15:
  39:Core/Src/adc_shared.c ****     }
 250              		.loc 1 39 16 view .LVU75
 251 006c E1E7     		b	.L10
 252              	.L20:
 253 006e 00BF     		.align	2
 254              	.L19:
 255 0070 00000000 		.word	s_hadc1
 256              		.cfi_endproc
 257              	.LFE221:
 259              		.section	.bss.s_initialized,"aw",%nobits
 262              	s_initialized:
 263 0000 00       		.space	1
 264              		.section	.bss.s_hadc1,"aw",%nobits
 265              		.align	2
 268              	s_hadc1:
 269 0000 00000000 		.space	72
 269      00000000 
 269      00000000 
 269      00000000 
 269      00000000 
 270              		.text
 271              	.Letext0:
 272              		.file 2 "/home/alpri/st/stm32cubeclt_1.21.0/GNU-tools-for-STM32/arm-none-eabi/include/machine/_def
 273              		.file 3 "/home/alpri/st/stm32cubeclt_1.21.0/GNU-tools-for-STM32/arm-none-eabi/include/sys/_stdint.
 274              		.file 4 "Drivers/CMSIS/Device/ST/STM32F4xx/Include/stm32f411xe.h"
 275              		.file 5 "Drivers/CMSIS/Device/ST/STM32F4xx/Include/stm32f4xx.h"
 276              		.file 6 "Drivers/STM32F4xx_HAL_Driver/Inc/stm32f4xx_hal_def.h"
 277              		.file 7 "Drivers/STM32F4xx_HAL_Driver/Inc/stm32f4xx_hal_dma.h"
 278              		.file 8 "Drivers/STM32F4xx_HAL_Driver/Inc/stm32f4xx_hal_adc.h"
 279              		.file 9 "Core/Inc/main.h"
ARM GAS  /tmp/ccnsJxgI.s 			page 8


DEFINED SYMBOLS
                            *ABS*:00000000 adc_shared.c
     /tmp/ccnsJxgI.s:21     .text.adc_shared_init:00000000 $t
     /tmp/ccnsJxgI.s:27     .text.adc_shared_init:00000000 adc_shared_init
     /tmp/ccnsJxgI.s:112    .text.adc_shared_init:00000050 $d
     /tmp/ccnsJxgI.s:262    .bss.s_initialized:00000000 s_initialized
     /tmp/ccnsJxgI.s:268    .bss.s_hadc1:00000000 s_hadc1
     /tmp/ccnsJxgI.s:119    .text.adc_shared_read_channel:00000000 $t
     /tmp/ccnsJxgI.s:125    .text.adc_shared_read_channel:00000000 adc_shared_read_channel
     /tmp/ccnsJxgI.s:255    .text.adc_shared_read_channel:00000070 $d
     /tmp/ccnsJxgI.s:263    .bss.s_initialized:00000000 $d
     /tmp/ccnsJxgI.s:265    .bss.s_hadc1:00000000 $d

UNDEFINED SYMBOLS
HAL_ADC_Init
Error_Handler
HAL_ADC_ConfigChannel
HAL_ADC_Start
HAL_ADC_PollForConversion
HAL_ADC_GetValue
HAL_ADC_Stop
