ARM GAS  /tmp/ccF4lbcu.s 			page 1


   1              		.cpu cortex-m4
   2              		.arch armv7e-m
   3              		.fpu fpv4-sp-d16
   4              		.eabi_attribute 27, 1
   5              		.eabi_attribute 28, 1
   6              		.eabi_attribute 20, 1
   7              		.eabi_attribute 21, 1
   8              		.eabi_attribute 23, 3
   9              		.eabi_attribute 24, 1
  10              		.eabi_attribute 25, 1
  11              		.eabi_attribute 26, 1
  12              		.eabi_attribute 30, 1
  13              		.eabi_attribute 34, 1
  14              		.eabi_attribute 18, 4
  15              		.file	"i2c.c"
  16              		.text
  17              	.Ltext0:
  18              		.cfi_sections	.debug_frame
  19              		.file 1 "Core/Src/i2c.c"
  20              		.section	.text.MX_I2C1_Init,"ax",%progbits
  21              		.align	1
  22              		.global	MX_I2C1_Init
  23              		.syntax unified
  24              		.thumb
  25              		.thumb_func
  27              	MX_I2C1_Init:
  28              	.LFB220:
   1:Core/Src/i2c.c **** /* USER CODE BEGIN Header */
   2:Core/Src/i2c.c **** /**
   3:Core/Src/i2c.c ****   ******************************************************************************
   4:Core/Src/i2c.c ****   * @file    i2c.c
   5:Core/Src/i2c.c ****   * @brief   This file provides code for the configuration
   6:Core/Src/i2c.c ****   *          of the I2C instances.
   7:Core/Src/i2c.c ****   ******************************************************************************
   8:Core/Src/i2c.c ****   * @attention
   9:Core/Src/i2c.c ****   *
  10:Core/Src/i2c.c ****   * Copyright (c) 2026 STMicroelectronics.
  11:Core/Src/i2c.c ****   * All rights reserved.
  12:Core/Src/i2c.c ****   *
  13:Core/Src/i2c.c ****   * This software is licensed under terms that can be found in the LICENSE file
  14:Core/Src/i2c.c ****   * in the root directory of this software component.
  15:Core/Src/i2c.c ****   * If no LICENSE file comes with this software, it is provided AS-IS.
  16:Core/Src/i2c.c ****   *
  17:Core/Src/i2c.c ****   ******************************************************************************
  18:Core/Src/i2c.c ****   */
  19:Core/Src/i2c.c **** /* USER CODE END Header */
  20:Core/Src/i2c.c **** /* Includes ------------------------------------------------------------------*/
  21:Core/Src/i2c.c **** #include "i2c.h"
  22:Core/Src/i2c.c **** 
  23:Core/Src/i2c.c **** /* USER CODE BEGIN 0 */
  24:Core/Src/i2c.c **** 
  25:Core/Src/i2c.c **** /* USER CODE END 0 */
  26:Core/Src/i2c.c **** 
  27:Core/Src/i2c.c **** I2C_HandleTypeDef hi2c1;
  28:Core/Src/i2c.c **** 
  29:Core/Src/i2c.c **** /* I2C1 init function */
  30:Core/Src/i2c.c **** void MX_I2C1_Init(void)
ARM GAS  /tmp/ccF4lbcu.s 			page 2


  31:Core/Src/i2c.c **** {
  29              		.loc 1 31 1 view -0
  30              		.cfi_startproc
  31              		@ args = 0, pretend = 0, frame = 0
  32              		@ frame_needed = 0, uses_anonymous_args = 0
  33 0000 08B5     		push	{r3, lr}
  34              	.LCFI0:
  35              		.cfi_def_cfa_offset 8
  36              		.cfi_offset 3, -8
  37              		.cfi_offset 14, -4
  32:Core/Src/i2c.c **** 
  33:Core/Src/i2c.c ****   /* USER CODE BEGIN I2C1_Init 0 */
  34:Core/Src/i2c.c **** 
  35:Core/Src/i2c.c ****   /* USER CODE END I2C1_Init 0 */
  36:Core/Src/i2c.c **** 
  37:Core/Src/i2c.c ****   /* USER CODE BEGIN I2C1_Init 1 */
  38:Core/Src/i2c.c **** 
  39:Core/Src/i2c.c ****   /* USER CODE END I2C1_Init 1 */
  40:Core/Src/i2c.c ****   hi2c1.Instance = I2C1;
  38              		.loc 1 40 3 view .LVU1
  39              		.loc 1 40 18 is_stmt 0 view .LVU2
  40 0002 0B48     		ldr	r0, .L5
  41 0004 0B4B     		ldr	r3, .L5+4
  42 0006 0360     		str	r3, [r0]
  41:Core/Src/i2c.c ****   hi2c1.Init.ClockSpeed = 100000;
  43              		.loc 1 41 3 is_stmt 1 view .LVU3
  44              		.loc 1 41 25 is_stmt 0 view .LVU4
  45 0008 0B4B     		ldr	r3, .L5+8
  46 000a 4360     		str	r3, [r0, #4]
  42:Core/Src/i2c.c ****   hi2c1.Init.DutyCycle = I2C_DUTYCYCLE_2;
  47              		.loc 1 42 3 is_stmt 1 view .LVU5
  48              		.loc 1 42 24 is_stmt 0 view .LVU6
  49 000c 0023     		movs	r3, #0
  50 000e 8360     		str	r3, [r0, #8]
  43:Core/Src/i2c.c ****   hi2c1.Init.OwnAddress1 = 0;
  51              		.loc 1 43 3 is_stmt 1 view .LVU7
  52              		.loc 1 43 26 is_stmt 0 view .LVU8
  53 0010 C360     		str	r3, [r0, #12]
  44:Core/Src/i2c.c ****   hi2c1.Init.AddressingMode = I2C_ADDRESSINGMODE_7BIT;
  54              		.loc 1 44 3 is_stmt 1 view .LVU9
  55              		.loc 1 44 29 is_stmt 0 view .LVU10
  56 0012 4FF48042 		mov	r2, #16384
  57 0016 0261     		str	r2, [r0, #16]
  45:Core/Src/i2c.c ****   hi2c1.Init.DualAddressMode = I2C_DUALADDRESS_DISABLE;
  58              		.loc 1 45 3 is_stmt 1 view .LVU11
  59              		.loc 1 45 30 is_stmt 0 view .LVU12
  60 0018 4361     		str	r3, [r0, #20]
  46:Core/Src/i2c.c ****   hi2c1.Init.OwnAddress2 = 0;
  61              		.loc 1 46 3 is_stmt 1 view .LVU13
  62              		.loc 1 46 26 is_stmt 0 view .LVU14
  63 001a 8361     		str	r3, [r0, #24]
  47:Core/Src/i2c.c ****   hi2c1.Init.GeneralCallMode = I2C_GENERALCALL_DISABLE;
  64              		.loc 1 47 3 is_stmt 1 view .LVU15
  65              		.loc 1 47 30 is_stmt 0 view .LVU16
  66 001c C361     		str	r3, [r0, #28]
  48:Core/Src/i2c.c ****   hi2c1.Init.NoStretchMode = I2C_NOSTRETCH_DISABLE;
  67              		.loc 1 48 3 is_stmt 1 view .LVU17
ARM GAS  /tmp/ccF4lbcu.s 			page 3


  68              		.loc 1 48 28 is_stmt 0 view .LVU18
  69 001e 0362     		str	r3, [r0, #32]
  49:Core/Src/i2c.c ****   if (HAL_I2C_Init(&hi2c1) != HAL_OK)
  70              		.loc 1 49 3 is_stmt 1 view .LVU19
  71              		.loc 1 49 7 is_stmt 0 view .LVU20
  72 0020 FFF7FEFF 		bl	HAL_I2C_Init
  73              	.LVL0:
  74              		.loc 1 49 6 discriminator 1 view .LVU21
  75 0024 00B9     		cbnz	r0, .L4
  76              	.L1:
  50:Core/Src/i2c.c ****   {
  51:Core/Src/i2c.c ****     Error_Handler();
  52:Core/Src/i2c.c ****   }
  53:Core/Src/i2c.c ****   /* USER CODE BEGIN I2C1_Init 2 */
  54:Core/Src/i2c.c **** 
  55:Core/Src/i2c.c ****   /* USER CODE END I2C1_Init 2 */
  56:Core/Src/i2c.c **** 
  57:Core/Src/i2c.c **** }
  77              		.loc 1 57 1 view .LVU22
  78 0026 08BD     		pop	{r3, pc}
  79              	.L4:
  51:Core/Src/i2c.c ****   }
  80              		.loc 1 51 5 is_stmt 1 view .LVU23
  81 0028 FFF7FEFF 		bl	Error_Handler
  82              	.LVL1:
  83              		.loc 1 57 1 is_stmt 0 view .LVU24
  84 002c FBE7     		b	.L1
  85              	.L6:
  86 002e 00BF     		.align	2
  87              	.L5:
  88 0030 00000000 		.word	hi2c1
  89 0034 00540040 		.word	1073763328
  90 0038 A0860100 		.word	100000
  91              		.cfi_endproc
  92              	.LFE220:
  94              		.section	.text.HAL_I2C_MspInit,"ax",%progbits
  95              		.align	1
  96              		.global	HAL_I2C_MspInit
  97              		.syntax unified
  98              		.thumb
  99              		.thumb_func
 101              	HAL_I2C_MspInit:
 102              	.LVL2:
 103              	.LFB221:
  58:Core/Src/i2c.c **** 
  59:Core/Src/i2c.c **** void HAL_I2C_MspInit(I2C_HandleTypeDef* i2cHandle)
  60:Core/Src/i2c.c **** {
 104              		.loc 1 60 1 is_stmt 1 view -0
 105              		.cfi_startproc
 106              		@ args = 0, pretend = 0, frame = 32
 107              		@ frame_needed = 0, uses_anonymous_args = 0
 108              		.loc 1 60 1 is_stmt 0 view .LVU26
 109 0000 70B5     		push	{r4, r5, r6, lr}
 110              	.LCFI1:
 111              		.cfi_def_cfa_offset 16
 112              		.cfi_offset 4, -16
 113              		.cfi_offset 5, -12
ARM GAS  /tmp/ccF4lbcu.s 			page 4


 114              		.cfi_offset 6, -8
 115              		.cfi_offset 14, -4
 116 0002 88B0     		sub	sp, sp, #32
 117              	.LCFI2:
 118              		.cfi_def_cfa_offset 48
  61:Core/Src/i2c.c **** 
  62:Core/Src/i2c.c ****   GPIO_InitTypeDef GPIO_InitStruct = {0};
 119              		.loc 1 62 3 is_stmt 1 view .LVU27
 120              		.loc 1 62 20 is_stmt 0 view .LVU28
 121 0004 0023     		movs	r3, #0
 122 0006 0393     		str	r3, [sp, #12]
 123 0008 0493     		str	r3, [sp, #16]
 124 000a 0593     		str	r3, [sp, #20]
 125 000c 0693     		str	r3, [sp, #24]
 126 000e 0793     		str	r3, [sp, #28]
  63:Core/Src/i2c.c ****   if(i2cHandle->Instance==I2C1)
 127              		.loc 1 63 3 is_stmt 1 view .LVU29
 128              		.loc 1 63 15 is_stmt 0 view .LVU30
 129 0010 0268     		ldr	r2, [r0]
 130              		.loc 1 63 5 view .LVU31
 131 0012 1C4B     		ldr	r3, .L11
 132 0014 9A42     		cmp	r2, r3
 133 0016 01D0     		beq	.L10
 134              	.LVL3:
 135              	.L7:
  64:Core/Src/i2c.c ****   {
  65:Core/Src/i2c.c ****   /* USER CODE BEGIN I2C1_MspInit 0 */
  66:Core/Src/i2c.c **** 
  67:Core/Src/i2c.c ****   /* USER CODE END I2C1_MspInit 0 */
  68:Core/Src/i2c.c **** 
  69:Core/Src/i2c.c ****     __HAL_RCC_GPIOB_CLK_ENABLE();
  70:Core/Src/i2c.c ****     /**I2C1 GPIO Configuration
  71:Core/Src/i2c.c ****     PB6     ------> I2C1_SCL
  72:Core/Src/i2c.c ****     PB7     ------> I2C1_SDA
  73:Core/Src/i2c.c ****     */
  74:Core/Src/i2c.c ****     GPIO_InitStruct.Pin = GPIO_PIN_6|GPIO_PIN_7;
  75:Core/Src/i2c.c ****     GPIO_InitStruct.Mode = GPIO_MODE_AF_OD;
  76:Core/Src/i2c.c ****     GPIO_InitStruct.Pull = GPIO_NOPULL;
  77:Core/Src/i2c.c ****     GPIO_InitStruct.Speed = GPIO_SPEED_FREQ_VERY_HIGH;
  78:Core/Src/i2c.c ****     GPIO_InitStruct.Alternate = GPIO_AF4_I2C1;
  79:Core/Src/i2c.c ****     HAL_GPIO_Init(GPIOB, &GPIO_InitStruct);
  80:Core/Src/i2c.c **** 
  81:Core/Src/i2c.c ****     /* I2C1 clock enable */
  82:Core/Src/i2c.c ****     __HAL_RCC_I2C1_CLK_ENABLE();
  83:Core/Src/i2c.c **** 
  84:Core/Src/i2c.c ****     /* I2C1 interrupt Init */
  85:Core/Src/i2c.c ****     HAL_NVIC_SetPriority(I2C1_EV_IRQn, 3, 0);
  86:Core/Src/i2c.c ****     HAL_NVIC_EnableIRQ(I2C1_EV_IRQn);
  87:Core/Src/i2c.c ****     HAL_NVIC_SetPriority(I2C1_ER_IRQn, 3, 0);
  88:Core/Src/i2c.c ****     HAL_NVIC_EnableIRQ(I2C1_ER_IRQn);
  89:Core/Src/i2c.c ****   /* USER CODE BEGIN I2C1_MspInit 1 */
  90:Core/Src/i2c.c **** 
  91:Core/Src/i2c.c ****   /* USER CODE END I2C1_MspInit 1 */
  92:Core/Src/i2c.c ****   }
  93:Core/Src/i2c.c **** }
 136              		.loc 1 93 1 view .LVU32
 137 0018 08B0     		add	sp, sp, #32
ARM GAS  /tmp/ccF4lbcu.s 			page 5


 138              	.LCFI3:
 139              		.cfi_remember_state
 140              		.cfi_def_cfa_offset 16
 141              		@ sp needed
 142 001a 70BD     		pop	{r4, r5, r6, pc}
 143              	.LVL4:
 144              	.L10:
 145              	.LCFI4:
 146              		.cfi_restore_state
  69:Core/Src/i2c.c ****     /**I2C1 GPIO Configuration
 147              		.loc 1 69 5 is_stmt 1 view .LVU33
 148              	.LBB2:
  69:Core/Src/i2c.c ****     /**I2C1 GPIO Configuration
 149              		.loc 1 69 5 view .LVU34
 150 001c 0025     		movs	r5, #0
 151 001e 0195     		str	r5, [sp, #4]
  69:Core/Src/i2c.c ****     /**I2C1 GPIO Configuration
 152              		.loc 1 69 5 view .LVU35
 153 0020 194C     		ldr	r4, .L11+4
 154 0022 236B     		ldr	r3, [r4, #48]
 155 0024 43F00203 		orr	r3, r3, #2
 156 0028 2363     		str	r3, [r4, #48]
  69:Core/Src/i2c.c ****     /**I2C1 GPIO Configuration
 157              		.loc 1 69 5 view .LVU36
 158 002a 236B     		ldr	r3, [r4, #48]
 159 002c 03F00203 		and	r3, r3, #2
 160 0030 0193     		str	r3, [sp, #4]
  69:Core/Src/i2c.c ****     /**I2C1 GPIO Configuration
 161              		.loc 1 69 5 view .LVU37
 162 0032 019B     		ldr	r3, [sp, #4]
 163              	.LBE2:
  69:Core/Src/i2c.c ****     /**I2C1 GPIO Configuration
 164              		.loc 1 69 5 view .LVU38
  74:Core/Src/i2c.c ****     GPIO_InitStruct.Mode = GPIO_MODE_AF_OD;
 165              		.loc 1 74 5 view .LVU39
  74:Core/Src/i2c.c ****     GPIO_InitStruct.Mode = GPIO_MODE_AF_OD;
 166              		.loc 1 74 25 is_stmt 0 view .LVU40
 167 0034 C023     		movs	r3, #192
 168 0036 0393     		str	r3, [sp, #12]
  75:Core/Src/i2c.c ****     GPIO_InitStruct.Pull = GPIO_NOPULL;
 169              		.loc 1 75 5 is_stmt 1 view .LVU41
  75:Core/Src/i2c.c ****     GPIO_InitStruct.Pull = GPIO_NOPULL;
 170              		.loc 1 75 26 is_stmt 0 view .LVU42
 171 0038 1223     		movs	r3, #18
 172 003a 0493     		str	r3, [sp, #16]
  76:Core/Src/i2c.c ****     GPIO_InitStruct.Speed = GPIO_SPEED_FREQ_VERY_HIGH;
 173              		.loc 1 76 5 is_stmt 1 view .LVU43
  77:Core/Src/i2c.c ****     GPIO_InitStruct.Alternate = GPIO_AF4_I2C1;
 174              		.loc 1 77 5 view .LVU44
  77:Core/Src/i2c.c ****     GPIO_InitStruct.Alternate = GPIO_AF4_I2C1;
 175              		.loc 1 77 27 is_stmt 0 view .LVU45
 176 003c 0326     		movs	r6, #3
 177 003e 0696     		str	r6, [sp, #24]
  78:Core/Src/i2c.c ****     HAL_GPIO_Init(GPIOB, &GPIO_InitStruct);
 178              		.loc 1 78 5 is_stmt 1 view .LVU46
  78:Core/Src/i2c.c ****     HAL_GPIO_Init(GPIOB, &GPIO_InitStruct);
 179              		.loc 1 78 31 is_stmt 0 view .LVU47
ARM GAS  /tmp/ccF4lbcu.s 			page 6


 180 0040 0423     		movs	r3, #4
 181 0042 0793     		str	r3, [sp, #28]
  79:Core/Src/i2c.c **** 
 182              		.loc 1 79 5 is_stmt 1 view .LVU48
 183 0044 03A9     		add	r1, sp, #12
 184 0046 1148     		ldr	r0, .L11+8
 185              	.LVL5:
  79:Core/Src/i2c.c **** 
 186              		.loc 1 79 5 is_stmt 0 view .LVU49
 187 0048 FFF7FEFF 		bl	HAL_GPIO_Init
 188              	.LVL6:
  82:Core/Src/i2c.c **** 
 189              		.loc 1 82 5 is_stmt 1 view .LVU50
 190              	.LBB3:
  82:Core/Src/i2c.c **** 
 191              		.loc 1 82 5 view .LVU51
 192 004c 0295     		str	r5, [sp, #8]
  82:Core/Src/i2c.c **** 
 193              		.loc 1 82 5 view .LVU52
 194 004e 236C     		ldr	r3, [r4, #64]
 195 0050 43F40013 		orr	r3, r3, #2097152
 196 0054 2364     		str	r3, [r4, #64]
  82:Core/Src/i2c.c **** 
 197              		.loc 1 82 5 view .LVU53
 198 0056 236C     		ldr	r3, [r4, #64]
 199 0058 03F40013 		and	r3, r3, #2097152
 200 005c 0293     		str	r3, [sp, #8]
  82:Core/Src/i2c.c **** 
 201              		.loc 1 82 5 view .LVU54
 202 005e 029B     		ldr	r3, [sp, #8]
 203              	.LBE3:
  82:Core/Src/i2c.c **** 
 204              		.loc 1 82 5 view .LVU55
  85:Core/Src/i2c.c ****     HAL_NVIC_EnableIRQ(I2C1_EV_IRQn);
 205              		.loc 1 85 5 view .LVU56
 206 0060 2A46     		mov	r2, r5
 207 0062 3146     		mov	r1, r6
 208 0064 1F20     		movs	r0, #31
 209 0066 FFF7FEFF 		bl	HAL_NVIC_SetPriority
 210              	.LVL7:
  86:Core/Src/i2c.c ****     HAL_NVIC_SetPriority(I2C1_ER_IRQn, 3, 0);
 211              		.loc 1 86 5 view .LVU57
 212 006a 1F20     		movs	r0, #31
 213 006c FFF7FEFF 		bl	HAL_NVIC_EnableIRQ
 214              	.LVL8:
  87:Core/Src/i2c.c ****     HAL_NVIC_EnableIRQ(I2C1_ER_IRQn);
 215              		.loc 1 87 5 view .LVU58
 216 0070 2A46     		mov	r2, r5
 217 0072 3146     		mov	r1, r6
 218 0074 2020     		movs	r0, #32
 219 0076 FFF7FEFF 		bl	HAL_NVIC_SetPriority
 220              	.LVL9:
  88:Core/Src/i2c.c ****   /* USER CODE BEGIN I2C1_MspInit 1 */
 221              		.loc 1 88 5 view .LVU59
 222 007a 2020     		movs	r0, #32
 223 007c FFF7FEFF 		bl	HAL_NVIC_EnableIRQ
 224              	.LVL10:
ARM GAS  /tmp/ccF4lbcu.s 			page 7


 225              		.loc 1 93 1 is_stmt 0 view .LVU60
 226 0080 CAE7     		b	.L7
 227              	.L12:
 228 0082 00BF     		.align	2
 229              	.L11:
 230 0084 00540040 		.word	1073763328
 231 0088 00380240 		.word	1073887232
 232 008c 00040240 		.word	1073873920
 233              		.cfi_endproc
 234              	.LFE221:
 236              		.section	.text.HAL_I2C_MspDeInit,"ax",%progbits
 237              		.align	1
 238              		.global	HAL_I2C_MspDeInit
 239              		.syntax unified
 240              		.thumb
 241              		.thumb_func
 243              	HAL_I2C_MspDeInit:
 244              	.LVL11:
 245              	.LFB222:
  94:Core/Src/i2c.c **** 
  95:Core/Src/i2c.c **** void HAL_I2C_MspDeInit(I2C_HandleTypeDef* i2cHandle)
  96:Core/Src/i2c.c **** {
 246              		.loc 1 96 1 is_stmt 1 view -0
 247              		.cfi_startproc
 248              		@ args = 0, pretend = 0, frame = 0
 249              		@ frame_needed = 0, uses_anonymous_args = 0
  97:Core/Src/i2c.c **** 
  98:Core/Src/i2c.c ****   if(i2cHandle->Instance==I2C1)
 250              		.loc 1 98 3 view .LVU62
 251              		.loc 1 98 15 is_stmt 0 view .LVU63
 252 0000 0268     		ldr	r2, [r0]
 253              		.loc 1 98 5 view .LVU64
 254 0002 0D4B     		ldr	r3, .L20
 255 0004 9A42     		cmp	r2, r3
 256 0006 00D0     		beq	.L19
 257 0008 7047     		bx	lr
 258              	.L19:
  96:Core/Src/i2c.c **** 
 259              		.loc 1 96 1 view .LVU65
 260 000a 10B5     		push	{r4, lr}
 261              	.LCFI5:
 262              		.cfi_def_cfa_offset 8
 263              		.cfi_offset 4, -8
 264              		.cfi_offset 14, -4
  99:Core/Src/i2c.c ****   {
 100:Core/Src/i2c.c ****   /* USER CODE BEGIN I2C1_MspDeInit 0 */
 101:Core/Src/i2c.c **** 
 102:Core/Src/i2c.c ****   /* USER CODE END I2C1_MspDeInit 0 */
 103:Core/Src/i2c.c ****     /* Peripheral clock disable */
 104:Core/Src/i2c.c ****     __HAL_RCC_I2C1_CLK_DISABLE();
 265              		.loc 1 104 5 is_stmt 1 view .LVU66
 266 000c 0B4A     		ldr	r2, .L20+4
 267 000e 136C     		ldr	r3, [r2, #64]
 268 0010 23F40013 		bic	r3, r3, #2097152
 269 0014 1364     		str	r3, [r2, #64]
 105:Core/Src/i2c.c **** 
 106:Core/Src/i2c.c ****     /**I2C1 GPIO Configuration
ARM GAS  /tmp/ccF4lbcu.s 			page 8


 107:Core/Src/i2c.c ****     PB6     ------> I2C1_SCL
 108:Core/Src/i2c.c ****     PB7     ------> I2C1_SDA
 109:Core/Src/i2c.c ****     */
 110:Core/Src/i2c.c ****     HAL_GPIO_DeInit(GPIOB, GPIO_PIN_6);
 270              		.loc 1 110 5 view .LVU67
 271 0016 0A4C     		ldr	r4, .L20+8
 272 0018 4021     		movs	r1, #64
 273 001a 2046     		mov	r0, r4
 274              	.LVL12:
 275              		.loc 1 110 5 is_stmt 0 view .LVU68
 276 001c FFF7FEFF 		bl	HAL_GPIO_DeInit
 277              	.LVL13:
 111:Core/Src/i2c.c **** 
 112:Core/Src/i2c.c ****     HAL_GPIO_DeInit(GPIOB, GPIO_PIN_7);
 278              		.loc 1 112 5 is_stmt 1 view .LVU69
 279 0020 8021     		movs	r1, #128
 280 0022 2046     		mov	r0, r4
 281 0024 FFF7FEFF 		bl	HAL_GPIO_DeInit
 282              	.LVL14:
 113:Core/Src/i2c.c **** 
 114:Core/Src/i2c.c ****     /* I2C1 interrupt Deinit */
 115:Core/Src/i2c.c ****     HAL_NVIC_DisableIRQ(I2C1_EV_IRQn);
 283              		.loc 1 115 5 view .LVU70
 284 0028 1F20     		movs	r0, #31
 285 002a FFF7FEFF 		bl	HAL_NVIC_DisableIRQ
 286              	.LVL15:
 116:Core/Src/i2c.c ****     HAL_NVIC_DisableIRQ(I2C1_ER_IRQn);
 287              		.loc 1 116 5 view .LVU71
 288 002e 2020     		movs	r0, #32
 289 0030 FFF7FEFF 		bl	HAL_NVIC_DisableIRQ
 290              	.LVL16:
 117:Core/Src/i2c.c ****   /* USER CODE BEGIN I2C1_MspDeInit 1 */
 118:Core/Src/i2c.c **** 
 119:Core/Src/i2c.c ****   /* USER CODE END I2C1_MspDeInit 1 */
 120:Core/Src/i2c.c ****   }
 121:Core/Src/i2c.c **** }
 291              		.loc 1 121 1 is_stmt 0 view .LVU72
 292 0034 10BD     		pop	{r4, pc}
 293              	.L21:
 294 0036 00BF     		.align	2
 295              	.L20:
 296 0038 00540040 		.word	1073763328
 297 003c 00380240 		.word	1073887232
 298 0040 00040240 		.word	1073873920
 299              		.cfi_endproc
 300              	.LFE222:
 302              		.global	hi2c1
 303              		.section	.bss.hi2c1,"aw",%nobits
 304              		.align	2
 307              	hi2c1:
 308 0000 00000000 		.space	84
 308      00000000 
 308      00000000 
 308      00000000 
 308      00000000 
 309              		.text
 310              	.Letext0:
ARM GAS  /tmp/ccF4lbcu.s 			page 9


 311              		.file 2 "Drivers/CMSIS/Device/ST/STM32F4xx/Include/stm32f411xe.h"
 312              		.file 3 "/home/alpri/st/stm32cubeclt_1.21.0/GNU-tools-for-STM32/arm-none-eabi/include/machine/_def
 313              		.file 4 "/home/alpri/st/stm32cubeclt_1.21.0/GNU-tools-for-STM32/arm-none-eabi/include/sys/_stdint.
 314              		.file 5 "Drivers/STM32F4xx_HAL_Driver/Inc/stm32f4xx_hal_def.h"
 315              		.file 6 "Drivers/STM32F4xx_HAL_Driver/Inc/stm32f4xx_hal_gpio.h"
 316              		.file 7 "Drivers/STM32F4xx_HAL_Driver/Inc/stm32f4xx_hal_dma.h"
 317              		.file 8 "Drivers/STM32F4xx_HAL_Driver/Inc/stm32f4xx_hal_i2c.h"
 318              		.file 9 "Drivers/STM32F4xx_HAL_Driver/Inc/stm32f4xx_hal_cortex.h"
 319              		.file 10 "Core/Inc/i2c.h"
 320              		.file 11 "Core/Inc/main.h"
ARM GAS  /tmp/ccF4lbcu.s 			page 10


DEFINED SYMBOLS
                            *ABS*:00000000 i2c.c
     /tmp/ccF4lbcu.s:21     .text.MX_I2C1_Init:00000000 $t
     /tmp/ccF4lbcu.s:27     .text.MX_I2C1_Init:00000000 MX_I2C1_Init
     /tmp/ccF4lbcu.s:88     .text.MX_I2C1_Init:00000030 $d
     /tmp/ccF4lbcu.s:307    .bss.hi2c1:00000000 hi2c1
     /tmp/ccF4lbcu.s:95     .text.HAL_I2C_MspInit:00000000 $t
     /tmp/ccF4lbcu.s:101    .text.HAL_I2C_MspInit:00000000 HAL_I2C_MspInit
     /tmp/ccF4lbcu.s:230    .text.HAL_I2C_MspInit:00000084 $d
     /tmp/ccF4lbcu.s:237    .text.HAL_I2C_MspDeInit:00000000 $t
     /tmp/ccF4lbcu.s:243    .text.HAL_I2C_MspDeInit:00000000 HAL_I2C_MspDeInit
     /tmp/ccF4lbcu.s:296    .text.HAL_I2C_MspDeInit:00000038 $d
     /tmp/ccF4lbcu.s:304    .bss.hi2c1:00000000 $d

UNDEFINED SYMBOLS
HAL_I2C_Init
Error_Handler
HAL_GPIO_Init
HAL_NVIC_SetPriority
HAL_NVIC_EnableIRQ
HAL_GPIO_DeInit
HAL_NVIC_DisableIRQ
