Archive member included to satisfy reference by file (symbol)

/home/alpri/st/stm32cubeclt_1.21.0/GNU-tools-for-STM32/bin/../lib/gcc/arm-none-eabi/14.3.1/../../../../arm-none-eabi/lib/thumb/v7e-m+fp/hard/libc_nano.a(libc_a-exit.o)
                              /home/alpri/st/stm32cubeclt_1.21.0/GNU-tools-for-STM32/bin/../lib/gcc/arm-none-eabi/14.3.1/../../../../arm-none-eabi/lib/thumb/v7e-m+fp/hard/crt0.o (exit)
/home/alpri/st/stm32cubeclt_1.21.0/GNU-tools-for-STM32/bin/../lib/gcc/arm-none-eabi/14.3.1/../../../../arm-none-eabi/lib/thumb/v7e-m+fp/hard/libc_nano.a(libc_a-findfp.o)
                              /home/alpri/st/stm32cubeclt_1.21.0/GNU-tools-for-STM32/bin/../lib/gcc/arm-none-eabi/14.3.1/../../../../arm-none-eabi/lib/thumb/v7e-m+fp/hard/libc_nano.a(libc_a-exit.o) (__stdio_exit_handler)
/home/alpri/st/stm32cubeclt_1.21.0/GNU-tools-for-STM32/bin/../lib/gcc/arm-none-eabi/14.3.1/../../../../arm-none-eabi/lib/thumb/v7e-m+fp/hard/libc_nano.a(libc_a-fwalk.o)
                              /home/alpri/st/stm32cubeclt_1.21.0/GNU-tools-for-STM32/bin/../lib/gcc/arm-none-eabi/14.3.1/../../../../arm-none-eabi/lib/thumb/v7e-m+fp/hard/libc_nano.a(libc_a-findfp.o) (_fwalk_sglue)
/home/alpri/st/stm32cubeclt_1.21.0/GNU-tools-for-STM32/bin/../lib/gcc/arm-none-eabi/14.3.1/../../../../arm-none-eabi/lib/thumb/v7e-m+fp/hard/libc_nano.a(libc_a-snprintf.o)
                              build/calibration.o (snprintf)
/home/alpri/st/stm32cubeclt_1.21.0/GNU-tools-for-STM32/bin/../lib/gcc/arm-none-eabi/14.3.1/../../../../arm-none-eabi/lib/thumb/v7e-m+fp/hard/libc_nano.a(libc_a-stdio.o)
                              /home/alpri/st/stm32cubeclt_1.21.0/GNU-tools-for-STM32/bin/../lib/gcc/arm-none-eabi/14.3.1/../../../../arm-none-eabi/lib/thumb/v7e-m+fp/hard/libc_nano.a(libc_a-findfp.o) (__sread)
/home/alpri/st/stm32cubeclt_1.21.0/GNU-tools-for-STM32/bin/../lib/gcc/arm-none-eabi/14.3.1/../../../../arm-none-eabi/lib/thumb/v7e-m+fp/hard/libc_nano.a(libc_a-memcmp.o)
                              build/display.o (memcmp)
/home/alpri/st/stm32cubeclt_1.21.0/GNU-tools-for-STM32/bin/../lib/gcc/arm-none-eabi/14.3.1/../../../../arm-none-eabi/lib/thumb/v7e-m+fp/hard/libc_nano.a(libc_a-memset.o)
                              /home/alpri/st/stm32cubeclt_1.21.0/GNU-tools-for-STM32/bin/../lib/gcc/arm-none-eabi/14.3.1/../../../../arm-none-eabi/lib/thumb/v7e-m+fp/hard/crt0.o (memset)
/home/alpri/st/stm32cubeclt_1.21.0/GNU-tools-for-STM32/bin/../lib/gcc/arm-none-eabi/14.3.1/../../../../arm-none-eabi/lib/thumb/v7e-m+fp/hard/libc_nano.a(libc_a-strncpy.o)
                              build/display.o (strncpy)
/home/alpri/st/stm32cubeclt_1.21.0/GNU-tools-for-STM32/bin/../lib/gcc/arm-none-eabi/14.3.1/../../../../arm-none-eabi/lib/thumb/v7e-m+fp/hard/libc_nano.a(libc_a-closer.o)
                              /home/alpri/st/stm32cubeclt_1.21.0/GNU-tools-for-STM32/bin/../lib/gcc/arm-none-eabi/14.3.1/../../../../arm-none-eabi/lib/thumb/v7e-m+fp/hard/libc_nano.a(libc_a-stdio.o) (_close_r)
/home/alpri/st/stm32cubeclt_1.21.0/GNU-tools-for-STM32/bin/../lib/gcc/arm-none-eabi/14.3.1/../../../../arm-none-eabi/lib/thumb/v7e-m+fp/hard/libc_nano.a(libc_a-reent.o)
                              /home/alpri/st/stm32cubeclt_1.21.0/GNU-tools-for-STM32/bin/../lib/gcc/arm-none-eabi/14.3.1/../../../../arm-none-eabi/lib/thumb/v7e-m+fp/hard/libc_nano.a(libc_a-closer.o) (errno)
/home/alpri/st/stm32cubeclt_1.21.0/GNU-tools-for-STM32/bin/../lib/gcc/arm-none-eabi/14.3.1/../../../../arm-none-eabi/lib/thumb/v7e-m+fp/hard/libc_nano.a(libc_a-impure.o)
                              /home/alpri/st/stm32cubeclt_1.21.0/GNU-tools-for-STM32/bin/../lib/gcc/arm-none-eabi/14.3.1/../../../../arm-none-eabi/lib/thumb/v7e-m+fp/hard/libc_nano.a(libc_a-snprintf.o) (_impure_ptr)
/home/alpri/st/stm32cubeclt_1.21.0/GNU-tools-for-STM32/bin/../lib/gcc/arm-none-eabi/14.3.1/../../../../arm-none-eabi/lib/thumb/v7e-m+fp/hard/libc_nano.a(libc_a-lseekr.o)
                              /home/alpri/st/stm32cubeclt_1.21.0/GNU-tools-for-STM32/bin/../lib/gcc/arm-none-eabi/14.3.1/../../../../arm-none-eabi/lib/thumb/v7e-m+fp/hard/libc_nano.a(libc_a-stdio.o) (_lseek_r)
/home/alpri/st/stm32cubeclt_1.21.0/GNU-tools-for-STM32/bin/../lib/gcc/arm-none-eabi/14.3.1/../../../../arm-none-eabi/lib/thumb/v7e-m+fp/hard/libc_nano.a(libc_a-readr.o)
                              /home/alpri/st/stm32cubeclt_1.21.0/GNU-tools-for-STM32/bin/../lib/gcc/arm-none-eabi/14.3.1/../../../../arm-none-eabi/lib/thumb/v7e-m+fp/hard/libc_nano.a(libc_a-stdio.o) (_read_r)
/home/alpri/st/stm32cubeclt_1.21.0/GNU-tools-for-STM32/bin/../lib/gcc/arm-none-eabi/14.3.1/../../../../arm-none-eabi/lib/thumb/v7e-m+fp/hard/libc_nano.a(libc_a-writer.o)
                              /home/alpri/st/stm32cubeclt_1.21.0/GNU-tools-for-STM32/bin/../lib/gcc/arm-none-eabi/14.3.1/../../../../arm-none-eabi/lib/thumb/v7e-m+fp/hard/libc_nano.a(libc_a-stdio.o) (_write_r)
[...]
Memory Configuration

Name             Origin             Length             Attributes
RAM              0x20000000         0x00020000         xrw
FLASH            0x08000000         0x00060000         xr
*default*        0x00000000         0xffffffff

Linker script and memory map

LOAD /home/alpri/st/stm32cubeclt_1.21.0/GNU-tools-for-STM32/bin/../lib/gcc/arm-none-eabi/14.3.1/thumb/v7e-m+fp/hard/crti.o
LOAD /home/alpri/st/stm32cubeclt_1.21.0/GNU-tools-for-STM32/bin/../lib/gcc/arm-none-eabi/14.3.1/thumb/v7e-m+fp/hard/crtbegin.o
LOAD /home/alpri/st/stm32cubeclt_1.21.0/GNU-tools-for-STM32/bin/../lib/gcc/arm-none-eabi/14.3.1/../../../../arm-none-eabi/lib/thumb/v7e-m+fp/hard/crt0.o
LOAD build/adc_shared.o
LOAD build/calibration.o
LOAD build/display.o
LOAD build/gpio.o
LOAD build/i2c.o
LOAD build/input.o
LOAD build/loadcell.o
LOAD build/main.o
LOAD build/motor.o
LOAD build/preset.o
LOAD build/speedpot.o
LOAD build/stm32f4xx_hal_msp.o
LOAD build/stm32f4xx_hal_timebase_tim.o
LOAD build/stm32f4xx_it.o
LOAD build/syscalls.o
LOAD build/sysmem.o
LOAD build/system_stm32f4xx.o
LOAD build/tim.o
LOAD build/torque_angle.o
LOAD build/stm32f4xx_hal.o
LOAD build/stm32f4xx_hal_adc.o
LOAD build/stm32f4xx_hal_adc_ex.o
LOAD build/stm32f4xx_hal_cortex.o
LOAD build/stm32f4xx_hal_dma.o
LOAD build/stm32f4xx_hal_dma_ex.o
LOAD build/stm32f4xx_hal_exti.o
LOAD build/stm32f4xx_hal_flash.o
LOAD build/stm32f4xx_hal_flash_ex.o
LOAD build/stm32f4xx_hal_flash_ramfunc.o
LOAD build/stm32f4xx_hal_gpio.o
LOAD build/stm32f4xx_hal_i2c.o
LOAD build/stm32f4xx_hal_i2c_ex.o
LOAD build/stm32f4xx_hal_pwr.o
LOAD build/stm32f4xx_hal_pwr_ex.o
LOAD build/stm32f4xx_hal_rcc.o
LOAD build/stm32f4xx_hal_rcc_ex.o
LOAD build/stm32f4xx_hal_tim.o
LOAD build/stm32f4xx_hal_tim_ex.o
LOAD build/startup_stm32f411xe.o
LOAD /home/alpri/st/stm32cubeclt_1.21.0/GNU-tools-for-STM32/bin/../lib/gcc/arm-none-eabi/14.3.1/../../../../arm-none-eabi/lib/thumb/v7e-m+fp/hard/libc_nano.a
LOAD /home/alpri/st/stm32cubeclt_1.21.0/GNU-tools-for-STM32/bin/../lib/gcc/arm-none-eabi/14.3.1/../../../../arm-none-eabi/lib/thumb/v7e-m+fp/hard/libm.a
LOAD /home/alpri/st/stm32cubeclt_1.21.0/GNU-tools-for-STM32/bin/../lib/gcc/arm-none-eabi/14.3.1/../../../../arm-none-eabi/lib/thumb/v7e-m+fp/hard/libnosys.a
START GROUP
LOAD /home/alpri/st/stm32cubeclt_1.21.0/GNU-tools-for-STM32/bin/../lib/gcc/arm-none-eabi/14.3.1/thumb/v7e-m+fp/hard/libgcc.a
LOAD /home/alpri/st/stm32cubeclt_1.21.0/GNU-tools-for-STM32/bin/../lib/gcc/arm-none-eabi/14.3.1/../../../../arm-none-eabi/lib/thumb/v7e-m+fp/hard/libc_nano.a
END GROUP
START GROUP
LOAD /home/alpri/st/stm32cubeclt_1.21.0/GNU-tools-for-STM32/bin/../lib/gcc/arm-none-eabi/14.3.1/thumb/v7e-m+fp/hard/libgcc.a
LOAD /home/alpri/st/stm32cubeclt_1.21.0/GNU-tools-for-STM32/bin/../lib/gcc/arm-none-eabi/14.3.1/../../../../arm-none-eabi/lib/thumb/v7e-m+fp/hard/libc_nano.a
END GROUP
LOAD /home/alpri/st/stm32cubeclt_1.21.0/GNU-tools-for-STM32/bin/../lib/gcc/arm-none-eabi/14.3.1/thumb/v7e-m+fp/hard/crtend.o
LOAD /home/alpri/st/stm32cubeclt_1.21.0/GNU-tools-for-STM32/bin/../lib/gcc/arm-none-eabi/14.3.1/thumb/v7e-m+fp/hard/crtn.o
                0x20020000                        _estack = (ORIGIN (RAM) + LENGTH (RAM))
                0x2001fc00                        _sstack = (_estack - _Min_Stack_Size)
                0x00000200                        _Min_Heap_Size = 0x200
                0x00000400                        _Min_Stack_Size = 0x400

.isr_vector     0x08000000      0x198
                0x08000000                        . = ALIGN (0x4)
 *(.isr_vector)
 .isr_vector    0x08000000      0x198 build/startup_stm32f411xe.o
                0x08000000                g_pfnVectors
                0x08000198                        . = ALIGN (0x4)

.text           0x080001a0     0x6e58
                0x080001a0                        . = ALIGN (0x4)
 *(.text)
 .text          0x080001a0       0x40 /home/alpri/st/stm32cubeclt_1.21.0/GNU-tools-for-STM32/bin/../lib/gcc/arm-none-eabi/14.3.1/thumb/v7e-m+fp/hard/crtbegin.o
 .text          0x080001e0       0x10 /home/alpri/st/stm32cubeclt_1.21.0/GNU-tools-for-STM32/bin/../lib/gcc/arm-none-eabi/14.3.1/../../../../arm-none-eabi/lib/thumb/v7e-m+fp/hard/libc_nano.a(libc_a-strlen.o)
                0x080001e0                strlen
 .text          0x080001f0       0xa0 /home/alpri/st/stm32cubeclt_1.21.0/GNU-tools-for-STM32/bin/../lib/gcc/arm-none-eabi/14.3.1/../../../../arm-none-eabi/lib/thumb/v7e-m+fp/hard/libc_nano.a(libc_a-memchr.o)
                0x080001f0                memchr
 .text          0x08000290      0x378 /home/alpri/st/stm32cubeclt_1.21.0/GNU-tools-for-STM32/bin/../lib/gcc/arm-none-eabi/14.3.1/thumb/v7e-m+fp/hard/libgcc.a(_arm_addsubdf3.o)
                0x08000290                __aeabi_drsub
                0x08000298                __aeabi_dsub
                0x08000298                __subdf3
                0x0800029c                __adddf3
                0x0800029c                __aeabi_dadd
                0x08000514                __aeabi_ui2d
                0x08000514                __floatunsidf
                0x08000534                __floatsidf
                0x08000534                __aeabi_i2d
                0x08000558                __extendsfdf2
                0x08000558                __aeabi_f2d
                0x0800059c                __aeabi_ul2d
                0x0800059c                __floatundidf
                0x080005ac                __floatdidf
                0x080005ac                __aeabi_l2d
 .text          0x08000608       0x30 /home/alpri/st/stm32cubeclt_1.21.0/GNU-tools-for-STM32/bin/../lib/gcc/arm-none-eabi/14.3.1/thumb/v7e-m+fp/hard/libgcc.a(_aeabi_uldivmod.o)
                0x08000608                __aeabi_uldivmod
 .text          0x08000638      0x2f8 /home/alpri/st/stm32cubeclt_1.21.0/GNU-tools-for-STM32/bin/../lib/gcc/arm-none-eabi/14.3.1/thumb/v7e-m+fp/hard/libgcc.a(_udivmoddi4.o)
                0x08000638                __udivmoddi4
 .text          0x08000930        0x4 /home/alpri/st/stm32cubeclt_1.21.0/GNU-tools-for-STM32/bin/../lib/gcc/arm-none-eabi/14.3.1/thumb/v7e-m+fp/hard/libgcc.a(_dvmd_tls.o)
                0x08000930                __aeabi_ldiv0
                0x08000930                __aeabi_idiv0
 *(.text*)
 .text.adc_shared_init
                0x08000934       0x5c build/adc_shared.o
                0x08000934                adc_shared_init
 .text.adc_shared_read_channel
                0x08000990       0x74 build/adc_shared.o
                0x08000990                adc_shared_read_channel
 .text.update_display
                0x08000a04      0x150 build/calibration.o
 .text.flash_load
                0x08000b54       0x5c build/calibration.o
                0x08000b54                flash_load
 .text.flash_save
                0x08000bb0       0x8c build/calibration.o
                0x08000bb0                flash_save
 .text.calib_init
                0x08000c3c       0x18 build/calibration.o
                0x08000c3c                calib_init
 .text.calib_start
                0x08000c54       0x30 build/calibration.o
                0x08000c54                calib_start
 .text.calib_is_active
                0x08000c84       0x1c build/calibration.o
                0x08000c84                calib_is_active
 .text.calib_confirm
                0x08000ca0       0x64 build/calibration.o
                0x08000ca0                calib_confirm
 .text.calib_adjust
                0x08000d04       0x6c build/calibration.o
                0x08000d04                calib_adjust
 .text.calib_update
                0x08000d70       0xb8 build/calibration.o
                0x08000d70                calib_update
 .text.pcf_write
                0x08000e28       0x24 build/display.o
 .text.lcd_nibble
                0x08000e4c       0x1c build/display.o
 .text.lcd_byte
                0x08000e68       0x1c build/display.o
 .text.lcd_cmd  0x08000e84        0xa build/display.o
 *fill*         0x08000e8e        0x2 
 .text.lcd_set_cursor
                0x08000e90       0x1c build/display.o
 .text.lcd_data
                0x08000eac        0xa build/display.o
 .text.lcd_print
                0x08000eb6       0x14 build/display.o
 .text.lcd_hw_init
                0x08000eca       0x72 build/display.o
 .text.format_range_kN
                0x08000f3c       0x70 build/display.o
 .text.make_line_padded
                0x08000fac       0x30 build/display.o
 .text.build_screen_auto
                0x08000fdc      0x128 build/display.o
 .text.build_screen_menu
                0x08001104       0x94 build/display.o
 .text.build_screen_preset
                0x08001198       0xc0 build/display.o
 .text.build_screen_calib
                0x08001258       0x2c build/display.o
 .text.build_screen_settings
                0x08001284       0x60 build/display.o
 .text.build_screen_error
                0x080012e4       0x40 build/display.o
 .text.build_screen_main
                0x08001324      0x194 build/display.o
 .text.flush_screen
                0x080014b8       0x6c build/display.o
 .text.display_init
                0x08001524       0x54 build/display.o
                0x08001524                display_init
 .text.display_update
                0x08001578       0x60 build/display.o
                0x08001578                display_update
 .text.display_get_screen
                0x080015d8        0xc build/display.o
                0x080015d8                display_get_screen
 .text.display_set_screen
                0x080015e4       0x40 build/display.o
                0x080015e4                display_set_screen
 .text.display_set_force
                0x08001624       0x4c build/display.o
                0x08001624                display_set_force
 .text.display_set_angle
                0x08001670       0x5c build/display.o
                0x08001670                display_set_angle
 .text.display_set_motion_mode
                0x080016cc       0x2c build/display.o
                0x080016cc                display_set_motion_mode
 .text.display_set_motion_speed
                0x080016f8       0x2c build/display.o
                0x080016f8                display_set_motion_speed
 .text.display_set_auto_metrics
                0x08001724       0x68 build/display.o
                0x08001724                display_set_auto_metrics
 .text.display_show_error
                0x0800178c       0x28 build/display.o
                0x0800178c                display_show_error
 .text.display_set_calib_text
                0x080017b4       0x40 build/display.o
                0x080017b4                display_set_calib_text
 .text.display_settings_set_angle
                0x080017f4       0x34 build/display.o
                0x080017f4                display_settings_set_angle
 .text.display_set_active_preset
                0x08001828       0x30 build/display.o
                0x08001828                display_set_active_preset
 .text.display_menu_next
                0x08001858       0x2c build/display.o
                0x08001858                display_menu_next
 .text.display_menu_prev
                0x08001884       0x2c build/display.o
                0x08001884                display_menu_prev
 .text.display_menu_get_item
                0x080018b0        0xc build/display.o
                0x080018b0                display_menu_get_item
 .text.display_preset_scroll
                0x080018bc       0x48 build/display.o
                0x080018bc                display_preset_scroll
 .text.display_preset_get_item
                0x08001904        0xc build/display.o
                0x08001904                display_preset_get_item
 .text.MX_GPIO_Init
                0x08001910      0x13c build/gpio.o
                0x08001910                MX_GPIO_Init
 .text.MX_GPIO_ZERO_BTN_Init
                0x08001a4c       0x44 build/gpio.o
                0x08001a4c                MX_GPIO_ZERO_BTN_Init
 .text.MX_I2C1_Init
                0x08001a90       0x3c build/i2c.o
                0x08001a90                MX_I2C1_Init
 .text.HAL_I2C_MspInit
                0x08001acc       0x90 build/i2c.o
                0x08001acc                HAL_I2C_MspInit
 .text.HAL_I2C_MspDeInit
                0x08001b5c       0x44 build/i2c.o
                0x08001b5c                HAL_I2C_MspDeInit
 .text.debounce_tick
                0x08001ba0       0x20 build/input.o
 .text.input_init
                0x08001bc0       0x44 build/input.o
                0x08001bc0                input_init
 .text.input_debounce_tick
                0x08001c04      0x10c build/input.o
                0x08001c04                input_debounce_tick
 .text.input_enc_isr
                0x08001d10       0x34 build/input.o
                0x08001d10                input_enc_isr
 .text.input_update
                0x08001d44        0x2 build/input.o
                0x08001d44                input_update
 *fill*         0x08001d46        0x2 
 .text.input_joy_up
                0x08001d48        0xc build/input.o
                0x08001d48                input_joy_up
 .text.input_joy_down
                0x08001d54        0xc build/input.o
                0x08001d54                input_joy_down
 .text.input_enc_sw_pressed
                0x08001d60       0x14 build/input.o
                0x08001d60                input_enc_sw_pressed
 .text.input_enc_sw_held
                0x08001d74        0xc build/input.o
                0x08001d74                input_enc_sw_held
 .text.input_enc_sw_released
                0x08001d80       0x14 build/input.o
                0x08001d80                input_enc_sw_released
 .text.input_enc_get_delta
                0x08001d94       0x14 build/input.o
                0x08001d94                input_enc_get_delta
 .text.input_stop_pressed
                0x08001da8        0xc build/input.o
                0x08001da8                input_stop_pressed
 .text.input_stop_clear
                0x08001db4        0xc build/input.o
                0x08001db4                input_stop_clear
 .text.input_stop_set
                0x08001dc0        0xc build/input.o
                0x08001dc0                input_stop_set
 .text.hx_delay
                0x08001dcc       0x16 build/loadcell.o
 *fill*         0x08001de2        0x2 
 .text.hx711_read
                0x08001de4       0x60 build/loadcell.o
 .text.loadcell_init
                0x08001e44       0x64 build/loadcell.o
                0x08001e44                loadcell_init
 .text.loadcell_update
                0x08001ea8      0x120 build/loadcell.o
                0x08001ea8                loadcell_update
 .text.loadcell_get_kg
                0x08001fc8        0xc build/loadcell.o
                0x08001fc8                loadcell_get_kg
 .text.loadcell_get_kN
                0x08001fd4       0x18 build/loadcell.o
                0x08001fd4                loadcell_get_kN
 .text.loadcell_get_fast_kg
                0x08001fec        0xc build/loadcell.o
                0x08001fec                loadcell_get_fast_kg
 .text.loadcell_get_fast_kN
                0x08001ff8       0x18 build/loadcell.o
                0x08001ff8                loadcell_get_fast_kN
 .text.loadcell_has_error
                0x08002010        0xc build/loadcell.o
                0x08002010                loadcell_has_error
 .text.loadcell_tare
                0x0800201c       0x20 build/loadcell.o
                0x0800201c                loadcell_tare
 .text.loadcell_set_scale
                0x0800203c        0xc build/loadcell.o
                0x0800203c                loadcell_set_scale
 .text.loadcell_get_scale
                0x08002048        0xc build/loadcell.o
                0x08002048                loadcell_get_scale
 .text.loadcell_get_offset
                0x08002054        0xc build/loadcell.o
                0x08002054                loadcell_get_offset
 .text.loadcell_set_offset
                0x08002060        0xc build/loadcell.o
                0x08002060                loadcell_set_offset
 .text.loadcell_read_raw
                0x0800206c       0x1c build/loadcell.o
                0x0800206c                loadcell_read_raw
 .text.absf_local
                0x08002088       0x12 build/main.o
 .text.clamp_u16_local
                0x0800209a       0x12 build/main.o
 .text.pot_map_speed
                0x080020ac       0x3c build/main.o
 .text.manual_up_speed_from_pot
                0x080020e8       0x40 build/main.o
 .text.manual_down_speed_from_pot
                0x08002128        0xe build/main.o
 *fill*         0x08002136        0x2 
 .text.auto_is_active
                0x08002138       0x18 build/main.o
 .text.auto_is_visible
                0x08002150       0x28 build/main.o
 .text.auto_select_burst_steps
                0x08002178       0x28 build/main.o
 .text.auto_reset
                0x080021a0       0x24 build/main.o
 .text.auto_start_cycle
                0x080021c4       0x30 build/main.o
 .text.ui_back_requested
                0x080021f4       0x2c build/main.o
 .text.clear_active_preset
                0x08002220       0x18 build/main.o
 .text.pot_read_filtered_raw
                0x08002238       0x20 build/main.o
 .text.auto_update
                0x08002258      0x248 build/main.o
 .text.HAL_GPIO_EXTI_Callback
                0x080024a0       0x20 build/main.o
                0x080024a0                HAL_GPIO_EXTI_Callback
 .text.HAL_TIM_PeriodElapsedCallback
                0x080024c0       0x30 build/main.o
                0x080024c0                HAL_TIM_PeriodElapsedCallback
 .text.Error_Handler
                0x080024f0        0x4 build/main.o
                0x080024f0                Error_Handler
 .text.SystemClock_Config
                0x080024f4       0x88 build/main.o
                0x080024f4                SystemClock_Config
 .text.main     0x0800257c      0x6f8 build/main.o
                0x0800257c                main
 .text.motor_limit_stop_isr
                0x08002c74       0x28 build/motor.o
 .text.ms_to_ticks
                0x08002c9c       0x24 build/motor.o
 .text.speed_to_period
                0x08002cc0       0x18 build/motor.o
 .text.motor_start_period
                0x08002cd8       0x14 build/motor.o
 .text.motor_next_accel_timer
                0x08002cec        0xe build/motor.o
 *fill*         0x08002cfa        0x2 
 .text.motor_apply_profile_step
                0x08002cfc       0x88 build/motor.o
 .text.set_direction
                0x08002d84       0x24 build/motor.o
 .text.motor_init
                0x08002da8       0x60 build/motor.o
                0x08002da8                motor_init
 .text.motor_clear_error
                0x08002e08       0x1c build/motor.o
                0x08002e08                motor_clear_error
 .text.motor_stop
                0x08002e24       0x44 build/motor.o
                0x08002e24                motor_stop
 .text.motor_emergency_stop
                0x08002e68       0x3c build/motor.o
                0x08002e68                motor_emergency_stop
 .text.motor_is_limit_top
                0x08002ea4       0x1c build/motor.o
                0x08002ea4                motor_is_limit_top
 .text.motor_nudge_up
                0x08002ec0       0x70 build/motor.o
                0x08002ec0                motor_nudge_up
 .text.motor_is_limit_bot
                0x08002f30       0x1c build/motor.o
                0x08002f30                motor_is_limit_bot
 .text.motor_command
                0x08002f4c       0xe8 build/motor.o
 .text.motor_move_up
                0x08003034       0x14 build/motor.o
                0x08003034                motor_move_up
 .text.motor_move_down
                0x08003048       0x14 build/motor.o
                0x08003048                motor_move_down
 .text.motor_start_burst
                0x0800305c       0xac build/motor.o
 .text.motor_burst_up
                0x08003108       0x1c build/motor.o
                0x08003108                motor_burst_up
 .text.motor_nudge_down
                0x08003124       0x6c build/motor.o
                0x08003124                motor_nudge_down
 .text.motor_tim_tick
                0x08003190      0x140 build/motor.o
                0x08003190                motor_tim_tick
 .text.motor_update
                0x080032d0       0x3c build/motor.o
                0x080032d0                motor_update
 .text.motor_is_running
                0x0800330c       0x20 build/motor.o
                0x0800330c                motor_is_running
 .text.motor_is_burst_active
                0x0800332c       0x14 build/motor.o
                0x0800332c                motor_is_burst_active
 .text.motor_reset_position
                0x08003340       0x10 build/motor.o
                0x08003340                motor_reset_position
 .text.speedpot_init
                0x08003350        0x8 build/speedpot.o
                0x08003350                speedpot_init
 .text.speedpot_get_raw
                0x08003358       0x24 build/speedpot.o
                0x08003358                speedpot_get_raw
 .text.HAL_MspInit
                0x0800337c       0x38 build/stm32f4xx_hal_msp.o
                0x0800337c                HAL_MspInit
 .text.HAL_ADC_MspInit
                0x080033b4       0x68 build/stm32f4xx_hal_msp.o
                0x080033b4                HAL_ADC_MspInit
 .text.HAL_InitTick
                0x0800341c       0xa4 build/stm32f4xx_hal_timebase_tim.o
                0x0800341c                HAL_InitTick
 .text.NMI_Handler
                0x080034c0        0x2 build/stm32f4xx_it.o
                0x080034c0                NMI_Handler
 .text.HardFault_Handler
                0x080034c2        0x2 build/stm32f4xx_it.o
                0x080034c2                HardFault_Handler
 .text.MemManage_Handler
                0x080034c4        0x2 build/stm32f4xx_it.o
                0x080034c4                MemManage_Handler
 .text.BusFault_Handler
                0x080034c6        0x2 build/stm32f4xx_it.o
                0x080034c6                BusFault_Handler
 .text.UsageFault_Handler
                0x080034c8        0x2 build/stm32f4xx_it.o
                0x080034c8                UsageFault_Handler
 .text.SVC_Handler
                0x080034ca        0x2 build/stm32f4xx_it.o
                0x080034ca                SVC_Handler
 .text.DebugMon_Handler
                0x080034cc        0x2 build/stm32f4xx_it.o
                0x080034cc                DebugMon_Handler
 .text.PendSV_Handler
                0x080034ce        0x2 build/stm32f4xx_it.o
                0x080034ce                PendSV_Handler
 .text.SysTick_Handler
                0x080034d0        0x2 build/stm32f4xx_it.o
                0x080034d0                SysTick_Handler
 .text.EXTI0_IRQHandler
                0x080034d2        0xa build/stm32f4xx_it.o
                0x080034d2                EXTI0_IRQHandler
 .text.EXTI15_10_IRQHandler
                0x080034dc        0xc build/stm32f4xx_it.o
                0x080034dc                EXTI15_10_IRQHandler
 .text.I2C1_EV_IRQHandler
                0x080034e8       0x10 build/stm32f4xx_it.o
                0x080034e8                I2C1_EV_IRQHandler
 .text.I2C1_ER_IRQHandler
                0x080034f8       0x10 build/stm32f4xx_it.o
                0x080034f8                I2C1_ER_IRQHandler
 .text.TIM5_IRQHandler
                0x08003508       0x10 build/stm32f4xx_it.o
                0x08003508                TIM5_IRQHandler
 .text.TIM3_IRQHandler
                0x08003518       0x10 build/stm32f4xx_it.o
                0x08003518                TIM3_IRQHandler
 .text._sbrk    0x08003528       0x48 build/sysmem.o
                0x08003528                _sbrk
 .text.SystemInit
                0x08003570       0x14 build/system_stm32f4xx.o
                0x08003570                SystemInit
 .text.MX_TIM3_Init
                0x08003584       0x4c build/tim.o
                0x08003584                MX_TIM3_Init
 .text.HAL_TIM_Base_MspInit
                0x080035d0       0x40 build/tim.o
                0x080035d0                HAL_TIM_Base_MspInit
 .text.adc_read_absolute
                0x08003610       0x88 build/torque_angle.o
 .text.torque_angle_init
                0x08003698       0x18 build/torque_angle.o
                0x08003698                torque_angle_init
 .text.torque_angle_zero
                0x080036b0       0x14 build/torque_angle.o
                0x080036b0                torque_angle_zero
 .text.torque_angle_get_deg
                0x080036c4       0x64 build/torque_angle.o
                0x080036c4                torque_angle_get_deg
 .text.torque_angle_set_target
                0x08003728       0x38 build/torque_angle.o
                0x08003728                torque_angle_set_target
 .text.torque_angle_get_target
                0x08003760        0xc build/torque_angle.o
                0x08003760                torque_angle_get_target
 .text.torque_angle_is_reached
                0x0800376c       0x20 build/torque_angle.o
                0x0800376c                torque_angle_is_reached
 .text.HAL_Init
                0x0800378c       0x34 build/stm32f4xx_hal.o
                0x0800378c                HAL_Init
 .text.HAL_IncTick
                0x080037c0       0x18 build/stm32f4xx_hal.o
                0x080037c0                HAL_IncTick
 .text.HAL_GetTick
                0x080037d8        0xc build/stm32f4xx_hal.o
                0x080037d8                HAL_GetTick
 .text.HAL_Delay
                0x080037e4       0x28 build/stm32f4xx_hal.o
                0x080037e4                HAL_Delay
 .text.ADC_Init
                0x0800380c      0x134 build/stm32f4xx_hal_adc.o
 .text.HAL_ADC_Init
                0x08003940       0x56 build/stm32f4xx_hal_adc.o
                0x08003940                HAL_ADC_Init
 *fill*         0x08003996        0x2 
 .text.HAL_ADC_Start
                0x08003998      0x108 build/stm32f4xx_hal_adc.o
                0x08003998                HAL_ADC_Start
 .text.HAL_ADC_Stop
                0x08003aa0       0x40 build/stm32f4xx_hal_adc.o
                0x08003aa0                HAL_ADC_Stop
 .text.HAL_ADC_PollForConversion
                0x08003ae0       0xb8 build/stm32f4xx_hal_adc.o
                0x08003ae0                HAL_ADC_PollForConversion
 .text.HAL_ADC_GetValue
                0x08003b98        0x6 build/stm32f4xx_hal_adc.o
                0x08003b98                HAL_ADC_GetValue
 *fill*         0x08003b9e        0x2 
 .text.HAL_ADC_ConfigChannel
                0x08003ba0      0x1ac build/stm32f4xx_hal_adc.o
                0x08003ba0                HAL_ADC_ConfigChannel
 .text.__NVIC_EnableIRQ
                0x08003d4c       0x1c build/stm32f4xx_hal_cortex.o
 .text.__NVIC_DisableIRQ
                0x08003d68       0x24 build/stm32f4xx_hal_cortex.o
 .text.__NVIC_SetPriority
                0x08003d8c       0x28 build/stm32f4xx_hal_cortex.o
 .text.NVIC_EncodePriority
                0x08003db4       0x3c build/stm32f4xx_hal_cortex.o
 .text.HAL_NVIC_SetPriorityGrouping
                0x08003df0       0x24 build/stm32f4xx_hal_cortex.o
                0x08003df0                HAL_NVIC_SetPriorityGrouping
 .text.HAL_NVIC_SetPriority
                0x08003e14       0x20 build/stm32f4xx_hal_cortex.o
                0x08003e14                HAL_NVIC_SetPriority
 .text.HAL_NVIC_EnableIRQ
                0x08003e34        0x8 build/stm32f4xx_hal_cortex.o
                0x08003e34                HAL_NVIC_EnableIRQ
 .text.HAL_NVIC_DisableIRQ
                0x08003e3c        0x8 build/stm32f4xx_hal_cortex.o
                0x08003e3c                HAL_NVIC_DisableIRQ
 .text.HAL_DMA_Abort_IT
                0x08003e44       0x24 build/stm32f4xx_hal_dma.o
                0x08003e44                HAL_DMA_Abort_IT
 .text.HAL_DMA_GetState
                0x08003e68        0x6 build/stm32f4xx_hal_dma.o
                0x08003e68                HAL_DMA_GetState
 *fill*         0x08003e6e        0x2 
 .text.FLASH_Program_DoubleWord
                0x08003e70       0x30 build/stm32f4xx_hal_flash.o
 .text.FLASH_Program_Word
                0x08003ea0       0x24 build/stm32f4xx_hal_flash.o
 .text.FLASH_Program_HalfWord
                0x08003ec4       0x24 build/stm32f4xx_hal_flash.o
 .text.FLASH_Program_Byte
                0x08003ee8       0x20 build/stm32f4xx_hal_flash.o
 .text.FLASH_SetErrorCode
                0x08003f08       0xa8 build/stm32f4xx_hal_flash.o
 .text.HAL_FLASH_Unlock
                0x08003fb0       0x30 build/stm32f4xx_hal_flash.o
                0x08003fb0                HAL_FLASH_Unlock
 .text.HAL_FLASH_Lock
                0x08003fe0       0x14 build/stm32f4xx_hal_flash.o
                0x08003fe0                HAL_FLASH_Lock
 .text.FLASH_WaitForLastOperation
                0x08003ff4       0x60 build/stm32f4xx_hal_flash.o
                0x08003ff4                FLASH_WaitForLastOperation
 .text.HAL_FLASH_Program
                0x08004054       0x7c build/stm32f4xx_hal_flash.o
                0x08004054                HAL_FLASH_Program
 .text.FLASH_MassErase
                0x080040d0       0x24 build/stm32f4xx_hal_flash_ex.o
 .text.FLASH_Erase_Sector
                0x080040f4       0x4c build/stm32f4xx_hal_flash_ex.o
                0x080040f4                FLASH_Erase_Sector
 .text.FLASH_FlushCaches
                0x08004140       0x60 build/stm32f4xx_hal_flash_ex.o
                0x08004140                FLASH_FlushCaches
 .text.HAL_FLASHEx_Erase
                0x080041a0       0x94 build/stm32f4xx_hal_flash_ex.o
                0x080041a0                HAL_FLASHEx_Erase
 .text.HAL_GPIO_Init
                0x08004234      0x1c8 build/stm32f4xx_hal_gpio.o
                0x08004234                HAL_GPIO_Init
 .text.HAL_GPIO_DeInit
                0x080043fc      0x110 build/stm32f4xx_hal_gpio.o
                0x080043fc                HAL_GPIO_DeInit
 .text.HAL_GPIO_ReadPin
                0x0800450c        0xe build/stm32f4xx_hal_gpio.o
                0x0800450c                HAL_GPIO_ReadPin
 .text.HAL_GPIO_WritePin
                0x0800451a        0xc build/stm32f4xx_hal_gpio.o
                0x0800451a                HAL_GPIO_WritePin
 *fill*         0x08004526        0x2 
 .text.HAL_GPIO_EXTI_IRQHandler
                0x08004528       0x1c build/stm32f4xx_hal_gpio.o
                0x08004528                HAL_GPIO_EXTI_IRQHandler
 .text.I2C_Flush_DR
                0x08004544       0x10 build/stm32f4xx_hal_i2c.o
 .text.I2C_Master_SB
                0x08004554       0xa4 build/stm32f4xx_hal_i2c.o
 .text.I2C_Master_ADD10
                0x080045f8       0x2a build/stm32f4xx_hal_i2c.o
 *fill*         0x08004622        0x2 
 .text.I2C_Master_ADDR
                0x08004624      0x230 build/stm32f4xx_hal_i2c.o
 .text.I2C_SlaveTransmit_BTF
                0x08004854       0x20 build/stm32f4xx_hal_i2c.o
 .text.I2C_SlaveReceive_BTF
                0x08004874       0x20 build/stm32f4xx_hal_i2c.o
 .text.I2C_WaitOnSTOPRequestThroughIT
                0x08004894       0x48 build/stm32f4xx_hal_i2c.o
 .text.I2C_IsAcknowledgeFailed
                0x080048dc       0x32 build/stm32f4xx_hal_i2c.o
 .text.I2C_ConvertOtherXferOptions
                0x0800490e       0x1e build/stm32f4xx_hal_i2c.o
 .text.I2C_WaitOnFlagUntilTimeout
                0x0800492c       0xaa build/stm32f4xx_hal_i2c.o
 .text.I2C_WaitOnMasterAddressFlagUntilTimeout
                0x080049d6       0xd6 build/stm32f4xx_hal_i2c.o
 .text.I2C_MasterRequestWrite
                0x08004aac       0xb4 build/stm32f4xx_hal_i2c.o
 .text.I2C_WaitOnTXEFlagUntilTimeout
                0x08004b60       0x5e build/stm32f4xx_hal_i2c.o
 .text.I2C_WaitOnBTFFlagUntilTimeout
                0x08004bbe       0x5e build/stm32f4xx_hal_i2c.o
 .text.HAL_I2C_Init
                0x08004c1c      0x1bc build/stm32f4xx_hal_i2c.o
                0x08004c1c                HAL_I2C_Init
 .text.HAL_I2C_DeInit
                0x08004dd8       0x32 build/stm32f4xx_hal_i2c.o
                0x08004dd8                HAL_I2C_DeInit
 *fill*         0x08004e0a        0x2 
 .text.HAL_I2C_Master_Transmit
                0x08004e0c      0x174 build/stm32f4xx_hal_i2c.o
                0x08004e0c                HAL_I2C_Master_Transmit
 .text.HAL_I2C_MasterTxCpltCallback
                0x08004f80        0x2 build/stm32f4xx_hal_i2c.o
                0x08004f80                HAL_I2C_MasterTxCpltCallback
 .text.HAL_I2C_MasterRxCpltCallback
                0x08004f82        0x2 build/stm32f4xx_hal_i2c.o
                0x08004f82                HAL_I2C_MasterRxCpltCallback
 .text.HAL_I2C_SlaveTxCpltCallback
                0x08004f84        0x2 build/stm32f4xx_hal_i2c.o
                0x08004f84                HAL_I2C_SlaveTxCpltCallback
 .text.I2C_SlaveTransmit_TXE
                0x08004f86       0x4c build/stm32f4xx_hal_i2c.o
 .text.HAL_I2C_SlaveRxCpltCallback
                0x08004fd2        0x2 build/stm32f4xx_hal_i2c.o
                0x08004fd2                HAL_I2C_SlaveRxCpltCallback
 .text.I2C_SlaveReceive_RXNE
                0x08004fd4       0x4c build/stm32f4xx_hal_i2c.o
 .text.HAL_I2C_AddrCallback
                0x08005020        0x2 build/stm32f4xx_hal_i2c.o
                0x08005020                HAL_I2C_AddrCallback
 .text.I2C_Slave_ADDR
                0x08005022       0x58 build/stm32f4xx_hal_i2c.o
 .text.HAL_I2C_ListenCpltCallback
                0x0800507a        0x2 build/stm32f4xx_hal_i2c.o
                0x0800507a                HAL_I2C_ListenCpltCallback
 .text.I2C_Slave_AF
                0x0800507c       0xa0 build/stm32f4xx_hal_i2c.o
 .text.HAL_I2C_MemTxCpltCallback
                0x0800511c        0x2 build/stm32f4xx_hal_i2c.o
                0x0800511c                HAL_I2C_MemTxCpltCallback
 .text.I2C_MasterTransmit_BTF
                0x0800511e       0x9a build/stm32f4xx_hal_i2c.o
 .text.I2C_MemoryTransmit_TXE_BTF
                0x080051b8       0xc4 build/stm32f4xx_hal_i2c.o
 .text.I2C_MasterTransmit_TXE
                0x0800527c       0xd0 build/stm32f4xx_hal_i2c.o
 .text.HAL_I2C_MemRxCpltCallback
                0x0800534c        0x2 build/stm32f4xx_hal_i2c.o
                0x0800534c                HAL_I2C_MemRxCpltCallback
 .text.I2C_MasterReceive_BTF
                0x0800534e      0x13e build/stm32f4xx_hal_i2c.o
 .text.HAL_I2C_ErrorCallback
                0x0800548c        0x2 build/stm32f4xx_hal_i2c.o
                0x0800548c                HAL_I2C_ErrorCallback
 .text.I2C_MasterReceive_RXNE
                0x0800548e      0x102 build/stm32f4xx_hal_i2c.o
 .text.HAL_I2C_AbortCpltCallback
                0x08005590        0x2 build/stm32f4xx_hal_i2c.o
                0x08005590                HAL_I2C_AbortCpltCallback
 *fill*         0x08005592        0x2 
 .text.I2C_DMAAbort
                0x08005594       0xe0 build/stm32f4xx_hal_i2c.o
 .text.I2C_ITError
                0x08005674      0x174 build/stm32f4xx_hal_i2c.o
 .text.I2C_Slave_STOPF
                0x080057e8      0x18c build/stm32f4xx_hal_i2c.o
 .text.HAL_I2C_EV_IRQHandler
                0x08005974      0x19e build/stm32f4xx_hal_i2c.o
                0x08005974                HAL_I2C_EV_IRQHandler
 .text.HAL_I2C_ER_IRQHandler
                0x08005b12       0xc4 build/stm32f4xx_hal_i2c.o
                0x08005b12                HAL_I2C_ER_IRQHandler
 *fill*         0x08005bd6        0x2 
 .text.HAL_RCC_OscConfig
                0x08005bd8      0x3f8 build/stm32f4xx_hal_rcc.o
                0x08005bd8                HAL_RCC_OscConfig
 .text.HAL_RCC_GetSysClockFreq
                0x08005fd0       0xdc build/stm32f4xx_hal_rcc.o
                0x08005fd0                HAL_RCC_GetSysClockFreq
 .text.HAL_RCC_ClockConfig
                0x080060ac      0x160 build/stm32f4xx_hal_rcc.o
                0x080060ac                HAL_RCC_ClockConfig
 .text.HAL_RCC_GetHCLKFreq
                0x0800620c        0xc build/stm32f4xx_hal_rcc.o
                0x0800620c                HAL_RCC_GetHCLKFreq
 .text.HAL_RCC_GetPCLK1Freq
                0x08006218       0x20 build/stm32f4xx_hal_rcc.o
                0x08006218                HAL_RCC_GetPCLK1Freq
 .text.HAL_RCC_GetClockConfig
                0x08006238       0x3c build/stm32f4xx_hal_rcc.o
                0x08006238                HAL_RCC_GetClockConfig
 .text.HAL_TIM_Base_Start_IT
                0x08006274       0x74 build/stm32f4xx_hal_tim.o
                0x08006274                HAL_TIM_Base_Start_IT
 .text.HAL_TIM_OC_DelayElapsedCallback
                0x080062e8        0x2 build/stm32f4xx_hal_tim.o
                0x080062e8                HAL_TIM_OC_DelayElapsedCallback
 .text.HAL_TIM_IC_CaptureCallback
                0x080062ea        0x2 build/stm32f4xx_hal_tim.o
                0x080062ea                HAL_TIM_IC_CaptureCallback
 .text.HAL_TIM_PWM_PulseFinishedCallback
                0x080062ec        0x2 build/stm32f4xx_hal_tim.o
                0x080062ec                HAL_TIM_PWM_PulseFinishedCallback
 .text.HAL_TIM_TriggerCallback
                0x080062ee        0x2 build/stm32f4xx_hal_tim.o
                0x080062ee                HAL_TIM_TriggerCallback
 .text.HAL_TIM_IRQHandler
                0x080062f0      0x15e build/stm32f4xx_hal_tim.o
                0x080062f0                HAL_TIM_IRQHandler
 *fill*         0x0800644e        0x2 
 .text.TIM_Base_SetConfig
                0x08006450       0xa4 build/stm32f4xx_hal_tim.o
                0x08006450                TIM_Base_SetConfig
 .text.HAL_TIM_Base_Init
                0x080064f4       0x58 build/stm32f4xx_hal_tim.o
                0x080064f4                HAL_TIM_Base_Init
 .text.HAL_TIMEx_MasterConfigSynchronization
                0x0800654c       0x7c build/stm32f4xx_hal_tim_ex.o
                0x0800654c                HAL_TIMEx_MasterConfigSynchronization
 .text.HAL_TIMEx_CommutCallback
                0x080065c8        0x2 build/stm32f4xx_hal_tim_ex.o
                0x080065c8                HAL_TIMEx_CommutCallback
 .text.HAL_TIMEx_BreakCallback
                0x080065ca        0x2 build/stm32f4xx_hal_tim_ex.o
                0x080065ca                HAL_TIMEx_BreakCallback
 .text.Reset_Handler
                0x080065cc       0x50 build/startup_stm32f411xe.o
                0x080065cc                Reset_Handler
 .text.Default_Handler
                0x0800661c        0x2 build/startup_stm32f411xe.o
                0x0800661c                RTC_Alarm_IRQHandler
                0x0800661c                EXTI2_IRQHandler
                0x0800661c                SPI4_IRQHandler
                0x0800661c                TIM1_CC_IRQHandler
                0x0800661c                DMA2_Stream5_IRQHandler
                0x0800661c                DMA1_Stream5_IRQHandler
                0x0800661c                PVD_IRQHandler
                0x0800661c                SDIO_IRQHandler
                0x0800661c                TAMP_STAMP_IRQHandler
                0x0800661c                EXTI3_IRQHandler
                0x0800661c                TIM1_UP_TIM10_IRQHandler
                0x0800661c                I2C3_ER_IRQHandler
                0x0800661c                I2C2_EV_IRQHandler
                0x0800661c                DMA1_Stream2_IRQHandler
                0x0800661c                FPU_IRQHandler
                0x0800661c                DMA2_Stream2_IRQHandler
                0x0800661c                SPI1_IRQHandler
                0x0800661c                TIM1_BRK_TIM9_IRQHandler
                0x0800661c                DMA2_Stream3_IRQHandler
                0x0800661c                USART6_IRQHandler
                0x0800661c                DMA2_Stream0_IRQHandler
                0x0800661c                TIM4_IRQHandler
                0x0800661c                DMA1_Stream6_IRQHandler
                0x0800661c                DMA1_Stream1_IRQHandler
                0x0800661c                RCC_IRQHandler
                0x0800661c                Default_Handler
                0x0800661c                ADC_IRQHandler
                0x0800661c                DMA1_Stream7_IRQHandler
                0x0800661c                SPI5_IRQHandler
                0x0800661c                DMA2_Stream7_IRQHandler
                0x0800661c                I2C3_EV_IRQHandler
                0x0800661c                EXTI9_5_IRQHandler
                0x0800661c                RTC_WKUP_IRQHandler
                0x0800661c                SPI2_IRQHandler
                0x0800661c                DMA1_Stream0_IRQHandler
                0x0800661c                EXTI4_IRQHandler
                0x0800661c                WWDG_IRQHandler
                0x0800661c                TIM2_IRQHandler
                0x0800661c                OTG_FS_WKUP_IRQHandler
                0x0800661c                TIM1_TRG_COM_TIM11_IRQHandler
                0x0800661c                EXTI1_IRQHandler
                0x0800661c                USART2_IRQHandler
                0x0800661c                I2C2_ER_IRQHandler
                0x0800661c                DMA2_Stream1_IRQHandler
                0x0800661c                FLASH_IRQHandler
                0x0800661c                DMA2_Stream4_IRQHandler
                0x0800661c                USART1_IRQHandler
                0x0800661c                OTG_FS_IRQHandler
                0x0800661c                SPI3_IRQHandler
                0x0800661c                DMA1_Stream4_IRQHandler
                0x0800661c                DMA2_Stream6_IRQHandler
                0x0800661c                DMA1_Stream3_IRQHandler
 *fill*         0x0800661e        0x2 
 .text.snprintf
                0x08006620       0x6c /home/alpri/st/stm32cubeclt_1.21.0/GNU-tools-for-STM32/bin/../lib/gcc/arm-none-eabi/14.3.1/../../../../arm-none-eabi/lib/thumb/v7e-m+fp/hard/libc_nano.a(libc_a-snprintf.o)
                0x08006620                snprintf
                0x08006620                sniprintf
 .text.memcmp   0x0800668c       0x20 /home/alpri/st/stm32cubeclt_1.21.0/GNU-tools-for-STM32/bin/../lib/gcc/arm-none-eabi/14.3.1/../../../../arm-none-eabi/lib/thumb/v7e-m+fp/hard/libc_nano.a(libc_a-memcmp.o)
                0x0800668c                memcmp
 .text.memset   0x080066ac       0x10 /home/alpri/st/stm32cubeclt_1.21.0/GNU-tools-for-STM32/bin/../lib/gcc/arm-none-eabi/14.3.1/../../../../arm-none-eabi/lib/thumb/v7e-m+fp/hard/libc_nano.a(libc_a-memset.o)
                0x080066ac                memset
 .text.strncpy  0x080066bc       0x26 /home/alpri/st/stm32cubeclt_1.21.0/GNU-tools-for-STM32/bin/../lib/gcc/arm-none-eabi/14.3.1/../../../../arm-none-eabi/lib/thumb/v7e-m+fp/hard/libc_nano.a(libc_a-strncpy.o)
                0x080066bc                strncpy
 *fill*         0x080066e2        0x2 
 .text.__errno  0x080066e4        0xc /home/alpri/st/stm32cubeclt_1.21.0/GNU-tools-for-STM32/bin/../lib/gcc/arm-none-eabi/14.3.1/../../../../arm-none-eabi/lib/thumb/v7e-m+fp/hard/libc_nano.a(libc_a-errno.o)
                0x080066e4                __errno
 .text.__libc_init_array
                0x080066f0       0x48 /home/alpri/st/stm32cubeclt_1.21.0/GNU-tools-for-STM32/bin/../lib/gcc/arm-none-eabi/14.3.1/../../../../arm-none-eabi/lib/thumb/v7e-m+fp/hard/libc_nano.a(libc_a-init.o)
                0x080066f0                __libc_init_array
 .text.__retarget_lock_acquire_recursive
                0x08006738        0x2 /home/alpri/st/stm32cubeclt_1.21.0/GNU-tools-for-STM32/bin/../lib/gcc/arm-none-eabi/14.3.1/../../../../arm-none-eabi/lib/thumb/v7e-m+fp/hard/libc_nano.a(libc_a-lock.o)
                0x08006738                __retarget_lock_acquire_recursive
 .text.__retarget_lock_release_recursive
                0x0800673a        0x2 /home/alpri/st/stm32cubeclt_1.21.0/GNU-tools-for-STM32/bin/../lib/gcc/arm-none-eabi/14.3.1/../../../../arm-none-eabi/lib/thumb/v7e-m+fp/hard/libc_nano.a(libc_a-lock.o)
                0x0800673a                __retarget_lock_release_recursive
 .text.memcpy   0x0800673c       0x1c /home/alpri/st/stm32cubeclt_1.21.0/GNU-tools-for-STM32/bin/../lib/gcc/arm-none-eabi/14.3.1/../../../../arm-none-eabi/lib/thumb/v7e-m+fp/hard/libc_nano.a(libc_a-memcpy-stub.o)
                0x0800673c                memcpy
 .text._free_r  0x08006758       0x94 /home/alpri/st/stm32cubeclt_1.21.0/GNU-tools-for-STM32/bin/../lib/gcc/arm-none-eabi/14.3.1/../../../../arm-none-eabi/lib/thumb/v7e-m+fp/hard/libc_nano.a(libc_a-freer.o)
                0x08006758                _free_r
 .text.sbrk_aligned
                0x080067ec       0x44 /home/alpri/st/stm32cubeclt_1.21.0/GNU-tools-for-STM32/bin/../lib/gcc/arm-none-eabi/14.3.1/../../../../arm-none-eabi/lib/thumb/v7e-m+fp/hard/libc_nano.a(libc_a-mallocr.o)
 .text._malloc_r
                0x08006830      0x100 /home/alpri/st/stm32cubeclt_1.21.0/GNU-tools-for-STM32/bin/../lib/gcc/arm-none-eabi/14.3.1/../../../../arm-none-eabi/lib/thumb/v7e-m+fp/hard/libc_nano.a(libc_a-mallocr.o)
                0x08006830                _malloc_r
 .text.__malloc_lock
                0x08006930        0xc /home/alpri/st/stm32cubeclt_1.21.0/GNU-tools-for-STM32/bin/../lib/gcc/arm-none-eabi/14.3.1/../../../../arm-none-eabi/lib/thumb/v7e-m+fp/hard/libc_nano.a(libc_a-mlock.o)
                0x08006930                __malloc_lock
 .text.__malloc_unlock
                0x0800693c        0xc /home/alpri/st/stm32cubeclt_1.21.0/GNU-tools-for-STM32/bin/../lib/gcc/arm-none-eabi/14.3.1/../../../../arm-none-eabi/lib/thumb/v7e-m+fp/hard/libc_nano.a(libc_a-mlock.o)
                0x0800693c                __malloc_unlock
 .text.__ssputs_r
                0x08006948       0xc0 /home/alpri/st/stm32cubeclt_1.21.0/GNU-tools-for-STM32/bin/../lib/gcc/arm-none-eabi/14.3.1/../../../../arm-none-eabi/lib/thumb/v7e-m+fp/hard/libc_nano.a(libc_a-nano-svfprintf.o)
                0x08006948                __ssputs_r
 .text._svfprintf_r
                0x08006a08      0x1f0 /home/alpri/st/stm32cubeclt_1.21.0/GNU-tools-for-STM32/bin/../lib/gcc/arm-none-eabi/14.3.1/../../../../arm-none-eabi/lib/thumb/v7e-m+fp/hard/libc_nano.a(libc_a-nano-svfprintf.o)
                0x08006a08                _svfprintf_r
                0x08006a08                _svfiprintf_r
 .text._printf_common
                0x08006bf8       0xda /home/alpri/st/stm32cubeclt_1.21.0/GNU-tools-for-STM32/bin/../lib/gcc/arm-none-eabi/14.3.1/../../../../arm-none-eabi/lib/thumb/v7e-m+fp/hard/libc_nano.a(libc_a-nano-vfprintf_i.o)
                0x08006bf8                _printf_common
 *fill*         0x08006cd2        0x2 
 .text._printf_i
                0x08006cd4      0x24c /home/alpri/st/stm32cubeclt_1.21.0/GNU-tools-for-STM32/bin/../lib/gcc/arm-none-eabi/14.3.1/../../../../arm-none-eabi/lib/thumb/v7e-m+fp/hard/libc_nano.a(libc_a-nano-vfprintf_i.o)
                0x08006cd4                _printf_i
 .text.memmove  0x08006f20       0x32 /home/alpri/st/stm32cubeclt_1.21.0/GNU-tools-for-STM32/bin/../lib/gcc/arm-none-eabi/14.3.1/../../../../arm-none-eabi/lib/thumb/v7e-m+fp/hard/libc_nano.a(libc_a-memmove.o)
                0x08006f20                memmove
 *fill*         0x08006f52        0x2 
 .text._sbrk_r  0x08006f54       0x20 /home/alpri/st/stm32cubeclt_1.21.0/GNU-tools-for-STM32/bin/../lib/gcc/arm-none-eabi/14.3.1/../../../../arm-none-eabi/lib/thumb/v7e-m+fp/hard/libc_nano.a(libc_a-sbrkr.o)
                0x08006f54                _sbrk_r
 .text._realloc_r
                0x08006f74       0x5c /home/alpri/st/stm32cubeclt_1.21.0/GNU-tools-for-STM32/bin/../lib/gcc/arm-none-eabi/14.3.1/../../../../arm-none-eabi/lib/thumb/v7e-m+fp/hard/libc_nano.a(libc_a-reallocr.o)
                0x08006f74                _realloc_r
 .text._malloc_usable_size_r
                0x08006fd0       0x10 /home/alpri/st/stm32cubeclt_1.21.0/GNU-tools-for-STM32/bin/../lib/gcc/arm-none-eabi/14.3.1/../../../../arm-none-eabi/lib/thumb/v7e-m+fp/hard/libc_nano.a(libc_a-msizer.o)
                0x08006fd0                _malloc_usable_size_r
 *(.glue_7)
 .glue_7        0x08006fe0        0x0 linker stubs
 *(.glue_7t)
 .glue_7t       0x08006fe0        0x0 linker stubs
 *(.eh_frame)
 .eh_frame      0x08006fe0        0x0 /home/alpri/st/stm32cubeclt_1.21.0/GNU-tools-for-STM32/bin/../lib/gcc/arm-none-eabi/14.3.1/thumb/v7e-m+fp/hard/crtbegin.o
 *(.init)
 .init          0x08006fe0        0x4 /home/alpri/st/stm32cubeclt_1.21.0/GNU-tools-for-STM32/bin/../lib/gcc/arm-none-eabi/14.3.1/thumb/v7e-m+fp/hard/crti.o
                0x08006fe0                _init
 .init          0x08006fe4        0x8 /home/alpri/st/stm32cubeclt_1.21.0/GNU-tools-for-STM32/bin/../lib/gcc/arm-none-eabi/14.3.1/thumb/v7e-m+fp/hard/crtn.o
 *(.fini)
 .fini          0x08006fec        0x4 /home/alpri/st/stm32cubeclt_1.21.0/GNU-tools-for-STM32/bin/../lib/gcc/arm-none-eabi/14.3.1/thumb/v7e-m+fp/hard/crti.o
                0x08006fec                _fini
 .fini          0x08006ff0        0x8 /home/alpri/st/stm32cubeclt_1.21.0/GNU-tools-for-STM32/bin/../lib/gcc/arm-none-eabi/14.3.1/thumb/v7e-m+fp/hard/crtn.o
                0x08006ff8                        . = ALIGN (0x4)
                0x08006ff8                        _etext = .

.vfp11_veneer   0x08006ff8        0x0
 .vfp11_veneer  0x08006ff8        0x0 linker stubs

.v4_bx          0x08006ff8        0x0
 .v4_bx         0x08006ff8        0x0 linker stubs

.iplt           0x08006ff8        0x0
 .iplt          0x08006ff8        0x0 /home/alpri/st/stm32cubeclt_1.21.0/GNU-tools-for-STM32/bin/../lib/gcc/arm-none-eabi/14.3.1/thumb/v7e-m+fp/hard/crtbegin.o

.rodata         0x08006ff8      0x400
                0x08006ff8                        . = ALIGN (0x4)
 *(.rodata)
 *(.rodata*)
 .rodata.update_display.str1.4
                0x08006ff8      0x341 build/calibration.o
                                 0xd1 (size before relaxing)
 .rodata.calib_update.str1.4
                0x08007339       0x12 build/calibration.o
 .rodata.format_range_kN.str1.4
                0x08007339       0x16 build/display.o
 .rodata.build_screen_auto.str1.4
                0x08007339       0xa2 build/display.o
 .rodata.build_screen_menu.str1.4
                0x08007339       0x19 build/display.o
 .rodata.build_screen_preset.str1.4
                0x08007339       0x1e build/display.o
 .rodata.build_screen_settings.str1.4
                0x08007339       0x3b build/display.o
 .rodata.build_screen_error.str1.4
                0x08007339       0x24 build/display.o
 .rodata.build_screen_main.str1.4
                0x08007339       0x57 build/display.o
 .rodata.str1.4
                0x08007339       0x48 build/display.o
 *fill*         0x08007339        0x3 
 .rodata.MENU_LABELS
                0x0800733c       0x14 build/display.o
 .rodata.ROW_ADDR
                0x08007350        0x4 build/display.o
 .rodata.auto_update.str1.4
                0x08007354        0xf build/main.o
 .rodata.main.str1.4
                0x08007354       0x32 build/main.o
 .rodata.s_heavy_profile
                0x08007354        0x6 build/motor.o
 .rodata.str1.4
                0x0800735a       0x25 build/preset.o
 *fill*         0x0800735a        0x2 
 .rodata.g_presets
                0x0800735c       0x50 build/preset.o
                0x0800735c                g_presets
 .rodata.APBPrescTable
                0x080073ac        0x8 build/system_stm32f4xx.o
                0x080073ac                APBPrescTable
 .rodata.AHBPrescTable
                0x080073b4       0x10 build/system_stm32f4xx.o
                0x080073b4                AHBPrescTable
 .rodata._svfprintf_r.str1.1
                0x080073c4       0x33 /home/alpri/st/stm32cubeclt_1.21.0/GNU-tools-for-STM32/bin/../lib/gcc/arm-none-eabi/14.3.1/../../../../arm-none-eabi/lib/thumb/v7e-m+fp/hard/libc_nano.a(libc_a-nano-svfprintf.o)
                                 0x11 (size before relaxing)
 .rodata._printf_i.str1.1
                0x080073f7       0x22 /home/alpri/st/stm32cubeclt_1.21.0/GNU-tools-for-STM32/bin/../lib/gcc/arm-none-eabi/14.3.1/../../../../arm-none-eabi/lib/thumb/v7e-m+fp/hard/libc_nano.a(libc_a-nano-vfprintf_i.o)
                0x0800741c                        . = ALIGN (0x4)
 *fill*         0x080073f7        0x1 

.ARM.extab      0x080073f8        0x0
                0x080073f8                        . = ALIGN (0x4)
 *(.ARM.extab* .gnu.linkonce.armextab.*)
                0x080073f8                        . = ALIGN (0x4)

.ARM            0x080073f8        0x8
                0x080073f8                        . = ALIGN (0x4)
                0x080073f8                        __exidx_start = .
 *(.ARM.exidx*)
 .ARM.exidx     0x080073f8        0x8 /home/alpri/st/stm32cubeclt_1.21.0/GNU-tools-for-STM32/bin/../lib/gcc/arm-none-eabi/14.3.1/../../../../arm-none-eabi/lib/thumb/v7e-m+fp/hard/libc_nano.a(libc_a-strlen.o)
 .ARM.exidx     0x08007400        0x0 /home/alpri/st/stm32cubeclt_1.21.0/GNU-tools-for-STM32/bin/../lib/gcc/arm-none-eabi/14.3.1/../../../../arm-none-eabi/lib/thumb/v7e-m+fp/hard/libc_nano.a(libc_a-memchr.o)
                                  0x8 (size before relaxing)
 .ARM.exidx     0x08007400        0x0 /home/alpri/st/stm32cubeclt_1.21.0/GNU-tools-for-STM32/bin/../lib/gcc/arm-none-eabi/14.3.1/thumb/v7e-m+fp/hard/libgcc.a(_udivmoddi4.o)
                                  0x8 (size before relaxing)
                0x08007400                        __exidx_end = .
                0x08007400                        . = ALIGN (0x4)

.preinit_array  0x08007400        0x0
                0x08007400                        . = ALIGN (0x4)
                0x08007400                        PROVIDE (__preinit_array_start = .)
 *(.preinit_array*)
                0x08007400                        PROVIDE (__preinit_array_end = .)
                0x08007400                        . = ALIGN (0x4)

.init_array     0x08007400        0x4
                0x08007400                        . = ALIGN (0x4)
                0x08007400                        PROVIDE (__init_array_start = .)
 *(SORT_BY_NAME(.init_array.*))
 *(.init_array*)
 .init_array    0x08007400        0x4 /home/alpri/st/stm32cubeclt_1.21.0/GNU-tools-for-STM32/bin/../lib/gcc/arm-none-eabi/14.3.1/thumb/v7e-m+fp/hard/crtbegin.o
                0x08007404                        PROVIDE (__init_array_end = .)
                0x08007404                        . = ALIGN (0x4)

.fini_array     0x08007404        0x4
                0x08007404                        . = ALIGN (0x4)
                [!provide]                        PROVIDE (__fini_array_start = .)
 *(SORT_BY_NAME(.fini_array.*))
 *(.fini_array*)
 .fini_array    0x08007404        0x4 /home/alpri/st/stm32cubeclt_1.21.0/GNU-tools-for-STM32/bin/../lib/gcc/arm-none-eabi/14.3.1/thumb/v7e-m+fp/hard/crtbegin.o
                [!provide]                        PROVIDE (__fini_array_end = .)
                0x08007408                        . = ALIGN (0x4)
                0x08007408                        _sidata = LOADADDR (.data)

.rel.dyn        0x08007408        0x0
 .rel.iplt      0x08007408        0x0 /home/alpri/st/stm32cubeclt_1.21.0/GNU-tools-for-STM32/bin/../lib/gcc/arm-none-eabi/14.3.1/thumb/v7e-m+fp/hard/crtbegin.o

.data           0x20000000       0xac load address 0x08007408
                0x20000000                        . = ALIGN (0x4)
                0x20000000                        _sdata = .
 *(.data)
 *(.data*)
 .data.s_target_for_save
                0x20000000        0x4 build/calibration.o
 .data.s_known_kg
                0x20000004        0x4 build/calibration.o
 .data.s_settings_angle
                0x20000008        0x4 build/display.o
 .data.s_active_preset
                0x2000000c        0x1 build/display.o
 .data.s_dirty  0x2000000d        0x1 build/display.o
 *fill*         0x2000000e        0x2 
 .data.s_auto_target
                0x20000010        0x4 build/display.o
 .data.s_angle_target
                0x20000014        0x4 build/display.o
 .data.s_target
                0x20000018        0x4 build/display.o
 .data.clk_prev.0
                0x2000001c        0x1 build/input.o
 *fill*         0x2000001d        0x3 
 .data.s_scale  0x20000020        0x4 build/loadcell.o
 .data.s_pot_raw_filtered
                0x20000024        0x2 build/main.o
 *fill*         0x20000026        0x2 
 .data.s_target_kg
                0x20000028        0x4 build/main.o
 .data.SystemCoreClock
                0x2000002c        0x4 build/system_stm32f4xx.o
                0x2000002c                SystemCoreClock
 .data.s_target_deg
                0x20000030        0x4 build/torque_angle.o
 .data.uwTickFreq
                0x20000034        0x1 build/stm32f4xx_hal.o
                0x20000034                uwTickFreq
 *fill*         0x20000035        0x3 
 .data.uwTickPrio
                0x20000038        0x4 build/stm32f4xx_hal.o
                0x20000038                uwTickPrio
 .data.pFlash   0x2000003c       0x20 build/stm32f4xx_hal_flash.o
                0x2000003c                pFlash
 .data._impure_ptr
                0x2000005c        0x4 /home/alpri/st/stm32cubeclt_1.21.0/GNU-tools-for-STM32/bin/../lib/gcc/arm-none-eabi/14.3.1/../../../../arm-none-eabi/lib/thumb/v7e-m+fp/hard/libc_nano.a(libc_a-impure.o)
                0x2000005c                _impure_ptr
 .data._impure_data
                0x20000060       0x4c /home/alpri/st/stm32cubeclt_1.21.0/GNU-tools-for-STM32/bin/../lib/gcc/arm-none-eabi/14.3.1/../../../../arm-none-eabi/lib/thumb/v7e-m+fp/hard/libc_nano.a(libc_a-impure.o)
                0x20000060                _impure_data
 *(.RamFunc)
 *(.RamFunc*)
                0x200000ac                        . = ALIGN (0x4)
                0x200000ac                        _edata = .

.igot.plt       0x200000ac        0x0 load address 0x080074b4
 .igot.plt      0x200000ac        0x0 /home/alpri/st/stm32cubeclt_1.21.0/GNU-tools-for-STM32/bin/../lib/gcc/arm-none-eabi/14.3.1/thumb/v7e-m+fp/hard/crtbegin.o
                0x200000ac                        . = ALIGN (0x4)

.bss            0x200000ac      0x46c load address 0x080074b4
                0x200000ac                        _sbss = .
                0x200000ac                        __bss_start__ = _sbss
 *(.bss)
 .bss           0x200000ac       0x1c /home/alpri/st/stm32cubeclt_1.21.0/GNU-tools-for-STM32/bin/../lib/gcc/arm-none-eabi/14.3.1/thumb/v7e-m+fp/hard/crtbegin.o
 *(.bss*)
 .bss.s_initialized
                0x200000c8        0x1 build/adc_shared.o
 *fill*         0x200000c9        0x3 
 .bss.s_hadc1   0x200000cc       0x48 build/adc_shared.o
 .bss.s_raw_load
                0x20000114        0x4 build/calibration.o
 .bss.s_raw_tare
                0x20000118        0x4 build/calibration.o
 .bss.s_step    0x2000011c        0x1 build/calibration.o
 .bss.s_blink_tick
                0x2000011d        0x1 build/display.o
 *fill*         0x2000011e        0x2 
 .bss.s_error_msg
                0x20000120       0x15 build/display.o
 *fill*         0x20000135        0x3 
 .bss.s_calib_lines
                0x20000138       0x54 build/display.o
 .bss.s_new_buf
                0x2000018c       0x54 build/display.o
 .bss.s_lcd_buf
                0x200001e0       0x54 build/display.o
 .bss.s_preset_item
                0x20000234        0x1 build/display.o
 .bss.s_menu_item
                0x20000235        0x1 build/display.o
 *fill*         0x20000236        0x2 
 .bss.s_auto_error
                0x20000238        0x4 build/display.o
 .bss.s_auto_force
                0x2000023c        0x4 build/display.o
 .bss.s_motion_speed
                0x20000240        0x2 build/display.o
 .bss.s_motion_mode
                0x20000242        0x1 build/display.o
 .bss.s_angle_reached
                0x20000243        0x1 build/display.o
 .bss.s_angle_current
                0x20000244        0x4 build/display.o
 .bss.s_force   0x20000248        0x4 build/display.o
 .bss.s_screen  0x2000024c        0x1 build/display.o
 *fill*         0x2000024d        0x3 
 .bss.hi2c1     0x20000250       0x54 build/i2c.o
                0x20000250                hi2c1
 .bss.deb_ctr.1
                0x200002a4        0x2 build/input.o
 .bss.s_enc_sw_released_flag
                0x200002a6        0x1 build/input.o
 .bss.s_enc_sw_pressed_flag
                0x200002a7        0x1 build/input.o
 .bss.s_stop_flag
                0x200002a8        0x1 build/input.o
 .bss.s_enc_delta
                0x200002a9        0x1 build/input.o
 .bss.s_debounce_subtick
                0x200002aa        0x1 build/input.o
 *fill*         0x200002ab        0x1 
 .bss.s_enc_sw  0x200002ac        0x2 build/input.o
 *fill*         0x200002ae        0x2 
 .bss.s_joy_down
                0x200002b0        0x2 build/input.o
 *fill*         0x200002b2        0x2 
 .bss.s_joy_up  0x200002b4        0x2 build/input.o
 .bss.s_has_error
                0x200002b6        0x1 build/loadcell.o
 *fill*         0x200002b7        0x1 
 .bss.s_last_tick
                0x200002b8        0x4 build/loadcell.o
 .bss.s_avg_count
                0x200002bc        0x1 build/loadcell.o
 *fill*         0x200002bd        0x3 
 .bss.s_avg_sum
                0x200002c0        0x4 build/loadcell.o
 .bss.s_avg_idx
                0x200002c4        0x1 build/loadcell.o
 *fill*         0x200002c5        0x3 
 .bss.s_avg_buf
                0x200002c8       0x20 build/loadcell.o
 .bss.s_fast_valid
                0x200002e8        0x1 build/loadcell.o
 *fill*         0x200002e9        0x3 
 .bss.s_force_fast_kg
                0x200002ec        0x4 build/loadcell.o
 .bss.s_force_kg
                0x200002f0        0x4 build/loadcell.o
 .bss.s_offset  0x200002f4        0x4 build/loadcell.o
 .bss.s_ignore_next_enc_release
                0x200002f8        0x1 build/main.o
 .bss.s_zero_btn_last
                0x200002f9        0x1 build/main.o
 *fill*         0x200002fa        0x2 
 .bss.s_zero_btn_tick
                0x200002fc        0x4 build/main.o
 .bss.s_auto_cmd_speed
                0x20000300        0x2 build/main.o
 *fill*         0x20000302        0x2 
 .bss.s_auto_deadline
                0x20000304        0x4 build/main.o
 .bss.s_auto_state
                0x20000308        0x1 build/main.o
 *fill*         0x20000309        0x3 
 .bss.s_fine_tick
                0x2000030c        0x4 build/main.o
 .bss.s_fine_used
                0x20000310        0x1 build/main.o
 *fill*         0x20000311        0x3 
 .bss.s_display_tick
                0x20000314        0x4 build/main.o
 .bss.s_preset_idx
                0x20000318        0x1 build/main.o
 *fill*         0x20000319        0x1 
 .bss.s_accel_timer
                0x2000031a        0x2 build/motor.o
 .bss.s_period_current
                0x2000031c        0x2 build/motor.o
 .bss.s_period_target
                0x2000031e        0x2 build/motor.o
 .bss.s_step_state
                0x20000320        0x1 build/motor.o
 *fill*         0x20000321        0x1 
 .bss.s_burst_steps
                0x20000322        0x2 build/motor.o
 .bss.s_pulse_timer
                0x20000324        0x2 build/motor.o
 .bss.s_step_timer
                0x20000326        0x2 build/motor.o
 .bss.s_step_period
                0x20000328        0x2 build/motor.o
 *fill*         0x2000032a        0x2 
 .bss.s_step_pos
                0x2000032c        0x4 build/motor.o
 .bss.s_state   0x20000330        0x1 build/motor.o
 *fill*         0x20000331        0x3 
 .bss.htim5     0x20000334       0x48 build/stm32f4xx_hal_timebase_tim.o
                0x20000334                htim5
 .bss.__sbrk_heap_end
                0x2000037c        0x4 build/sysmem.o
 .bss.htim3     0x20000380       0x48 build/tim.o
                0x20000380                htim3
 .bss.s_zero_deg
                0x200003c8        0x4 build/torque_angle.o
 .bss.uwTick    0x200003cc        0x4 build/stm32f4xx_hal.o
                0x200003cc                uwTick
 .bss.__sf      0x200003d0      0x138 /home/alpri/st/stm32cubeclt_1.21.0/GNU-tools-for-STM32/bin/../lib/gcc/arm-none-eabi/14.3.1/../../../../arm-none-eabi/lib/thumb/v7e-m+fp/hard/libc_nano.a(libc_a-findfp.o)
                0x200003d0                __sf
 .bss.errno     0x20000508        0x4 /home/alpri/st/stm32cubeclt_1.21.0/GNU-tools-for-STM32/bin/../lib/gcc/arm-none-eabi/14.3.1/../../../../arm-none-eabi/lib/thumb/v7e-m+fp/hard/libc_nano.a(libc_a-reent.o)
                0x20000508                errno
 .bss.__lock___malloc_recursive_mutex
                0x2000050c        0x1 /home/alpri/st/stm32cubeclt_1.21.0/GNU-tools-for-STM32/bin/../lib/gcc/arm-none-eabi/14.3.1/../../../../arm-none-eabi/lib/thumb/v7e-m+fp/hard/libc_nano.a(libc_a-lock.o)
                0x2000050c                __lock___malloc_recursive_mutex
 *fill*         0x2000050d        0x3 
 .bss.__malloc_sbrk_start
                0x20000510        0x4 /home/alpri/st/stm32cubeclt_1.21.0/GNU-tools-for-STM32/bin/../lib/gcc/arm-none-eabi/14.3.1/../../../../arm-none-eabi/lib/thumb/v7e-m+fp/hard/libc_nano.a(libc_a-mallocr.o)
                0x20000510                __malloc_sbrk_start
 .bss.__malloc_free_list
                0x20000514        0x4 /home/alpri/st/stm32cubeclt_1.21.0/GNU-tools-for-STM32/bin/../lib/gcc/arm-none-eabi/14.3.1/../../../../arm-none-eabi/lib/thumb/v7e-m+fp/hard/libc_nano.a(libc_a-mallocr.o)
                0x20000514                __malloc_free_list
 *(COMMON)
                0x20000518                        . = ALIGN (0x4)
                0x20000518                        _ebss = .
                0x20000518                        __bss_end__ = _ebss

._user_heap_stack
                0x20000518      0x600 load address 0x080074b4
                0x20000518                        . = ALIGN (0x8)
                [!provide]                        PROVIDE (end = .)
                0x20000518                        PROVIDE (_end = .)
                0x20000718                        . = (. + _Min_Heap_Size)
 *fill*         0x20000518      0x200 
                0x20000b18                        . = (. + _Min_Stack_Size)
 *fill*         0x20000718      0x400 
                0x20000b18                        . = ALIGN (0x8)

/DISCARD/
 libc.a(*)
 libm.a(*)
 libgcc.a(*)
OUTPUT(build/Staple_VW.elf elf32-littlearm)
LOAD linker stubs
LOAD /home/alpri/st/stm32cubeclt_1.21.0/GNU-tools-for-STM32/bin/../lib/gcc/arm-none-eabi/14.3.1/../../../../arm-none-eabi/lib/thumb/v7e-m+fp/hard/libc.a
LOAD /home/alpri/st/stm32cubeclt_1.21.0/GNU-tools-for-STM32/bin/../lib/gcc/arm-none-eabi/14.3.1/../../../../arm-none-eabi/lib/thumb/v7e-m+fp/hard/libm.a
LOAD /home/alpri/st/stm32cubeclt_1.21.0/GNU-tools-for-STM32/bin/../lib/gcc/arm-none-eabi/14.3.1/thumb/v7e-m+fp/hard/libgcc.a

.ARM.attributes
                0x00000000       0x30
 .ARM.attributes
                0x00000000       0x22 /home/alpri/st/stm32cubeclt_1.21.0/GNU-tools-for-STM32/bin/../lib/gcc/arm-none-eabi/14.3.1/thumb/v7e-m+fp/hard/crti.o
 .ARM.attributes
                0x00000022       0x34 /home/alpri/st/stm32cubeclt_1.21.0/GNU-tools-for-STM32/bin/../lib/gcc/arm-none-eabi/14.3.1/thumb/v7e-m+fp/hard/crtbegin.o
 .ARM.attributes
                0x00000056       0x34 build/adc_shared.o
 .ARM.attributes
                0x0000008a       0x34 build/calibration.o
 .ARM.attributes
                0x000000be       0x34 build/display.o
 .ARM.attributes
                0x000000f2       0x34 build/gpio.o
 .ARM.attributes
                0x00000126       0x34 build/i2c.o
 .ARM.attributes
                0x0000015a       0x34 build/input.o
 .ARM.attributes
                0x0000018e       0x34 build/loadcell.o
 .ARM.attributes
                0x000001c2       0x34 build/main.o
 .ARM.attributes
                0x000001f6       0x34 build/motor.o
 .ARM.attributes
                0x0000022a       0x34 build/preset.o
 .ARM.attributes
                0x0000025e       0x34 build/speedpot.o
 .ARM.attributes
                0x00000292       0x34 build/stm32f4xx_hal_msp.o
 .ARM.attributes
                0x000002c6       0x34 build/stm32f4xx_hal_timebase_tim.o
 .ARM.attributes
                0x000002fa       0x34 build/stm32f4xx_it.o
 .ARM.attributes
                0x0000032e       0x34 build/sysmem.o
 .ARM.attributes
                0x00000362       0x34 build/system_stm32f4xx.o
 .ARM.attributes
                0x00000396       0x34 build/tim.o
 .ARM.attributes
                0x000003ca       0x34 build/torque_angle.o
 .ARM.attributes
                0x000003fe       0x34 build/stm32f4xx_hal.o
 .ARM.attributes
                0x00000432       0x34 build/stm32f4xx_hal_adc.o
 .ARM.attributes
                0x00000466       0x34 build/stm32f4xx_hal_cortex.o
 .ARM.attributes
                0x0000049a       0x34 build/stm32f4xx_hal_dma.o
 .ARM.attributes
                0x000004ce       0x34 build/stm32f4xx_hal_flash.o
 .ARM.attributes
                0x00000502       0x34 build/stm32f4xx_hal_flash_ex.o
 .ARM.attributes
                0x00000536       0x34 build/stm32f4xx_hal_gpio.o
 .ARM.attributes
                0x0000056a       0x34 build/stm32f4xx_hal_i2c.o
 .ARM.attributes
                0x0000059e       0x34 build/stm32f4xx_hal_rcc.o
 .ARM.attributes
                0x000005d2       0x34 build/stm32f4xx_hal_tim.o
 .ARM.attributes
                0x00000606       0x34 build/stm32f4xx_hal_tim_ex.o
 .ARM.attributes
                0x0000063a       0x21 build/startup_stm32f411xe.o
 .ARM.attributes
                0x0000065b       0x34 /home/alpri/st/stm32cubeclt_1.21.0/GNU-tools-for-STM32/bin/../lib/gcc/arm-none-eabi/14.3.1/../../../../arm-none-eabi/lib/thumb/v7e-m+fp/hard/libc_nano.a(libc_a-findfp.o)
 .ARM.attributes
                0x0000068f       0x34 /home/alpri/st/stm32cubeclt_1.21.0/GNU-tools-for-STM32/bin/../lib/gcc/arm-none-eabi/14.3.1/../../../../arm-none-eabi/lib/thumb/v7e-m+fp/hard/libc_nano.a(libc_a-snprintf.o)
 .ARM.attributes
                0x000006c3       0x34 /home/alpri/st/stm32cubeclt_1.21.0/GNU-tools-for-STM32/bin/../lib/gcc/arm-none-eabi/14.3.1/../../../../arm-none-eabi/lib/thumb/v7e-m+fp/hard/libc_nano.a(libc_a-memcmp.o)
 .ARM.attributes
                0x000006f7       0x34 /home/alpri/st/stm32cubeclt_1.21.0/GNU-tools-for-STM32/bin/../lib/gcc/arm-none-eabi/14.3.1/../../../../arm-none-eabi/lib/thumb/v7e-m+fp/hard/libc_nano.a(libc_a-memset.o)
 .ARM.attributes
                0x0000072b       0x34 /home/alpri/st/stm32cubeclt_1.21.0/GNU-tools-for-STM32/bin/../lib/gcc/arm-none-eabi/14.3.1/../../../../arm-none-eabi/lib/thumb/v7e-m+fp/hard/libc_nano.a(libc_a-strncpy.o)
 .ARM.attributes
                0x0000075f       0x34 /home/alpri/st/stm32cubeclt_1.21.0/GNU-tools-for-STM32/bin/../lib/gcc/arm-none-eabi/14.3.1/../../../../arm-none-eabi/lib/thumb/v7e-m+fp/hard/libc_nano.a(libc_a-reent.o)
 .ARM.attributes
                0x00000793       0x34 /home/alpri/st/stm32cubeclt_1.21.0/GNU-tools-for-STM32/bin/../lib/gcc/arm-none-eabi/14.3.1/../../../../arm-none-eabi/lib/thumb/v7e-m+fp/hard/libc_nano.a(libc_a-impure.o)
 .ARM.attributes
                0x000007c7       0x34 /home/alpri/st/stm32cubeclt_1.21.0/GNU-tools-for-STM32/bin/../lib/gcc/arm-none-eabi/14.3.1/../../../../arm-none-eabi/lib/thumb/v7e-m+fp/hard/libc_nano.a(libc_a-errno.o)
 .ARM.attributes
                0x000007fb       0x34 /home/alpri/st/stm32cubeclt_1.21.0/GNU-tools-for-STM32/bin/../lib/gcc/arm-none-eabi/14.3.1/../../../../arm-none-eabi/lib/thumb/v7e-m+fp/hard/libc_nano.a(libc_a-init.o)
 .ARM.attributes
                0x0000082f       0x34 /home/alpri/st/stm32cubeclt_1.21.0/GNU-tools-for-STM32/bin/../lib/gcc/arm-none-eabi/14.3.1/../../../../arm-none-eabi/lib/thumb/v7e-m+fp/hard/libc_nano.a(libc_a-lock.o)
 .ARM.attributes
                0x00000863       0x34 /home/alpri/st/stm32cubeclt_1.21.0/GNU-tools-for-STM32/bin/../lib/gcc/arm-none-eabi/14.3.1/../../../../arm-none-eabi/lib/thumb/v7e-m+fp/hard/libc_nano.a(libc_a-memcpy-stub.o)
 .ARM.attributes
                0x00000897       0x17 /home/alpri/st/stm32cubeclt_1.21.0/GNU-tools-for-STM32/bin/../lib/gcc/arm-none-eabi/14.3.1/../../../../arm-none-eabi/lib/thumb/v7e-m+fp/hard/libc_nano.a(libc_a-strlen.o)
 .ARM.attributes
                0x000008ae       0x34 /home/alpri/st/stm32cubeclt_1.21.0/GNU-tools-for-STM32/bin/../lib/gcc/arm-none-eabi/14.3.1/../../../../arm-none-eabi/lib/thumb/v7e-m+fp/hard/libc_nano.a(libc_a-freer.o)
 .ARM.attributes
                0x000008e2       0x34 /home/alpri/st/stm32cubeclt_1.21.0/GNU-tools-for-STM32/bin/../lib/gcc/arm-none-eabi/14.3.1/../../../../arm-none-eabi/lib/thumb/v7e-m+fp/hard/libc_nano.a(libc_a-mallocr.o)
 .ARM.attributes
                0x00000916       0x34 /home/alpri/st/stm32cubeclt_1.21.0/GNU-tools-for-STM32/bin/../lib/gcc/arm-none-eabi/14.3.1/../../../../arm-none-eabi/lib/thumb/v7e-m+fp/hard/libc_nano.a(libc_a-mlock.o)
 .ARM.attributes
                0x0000094a       0x34 /home/alpri/st/stm32cubeclt_1.21.0/GNU-tools-for-STM32/bin/../lib/gcc/arm-none-eabi/14.3.1/../../../../arm-none-eabi/lib/thumb/v7e-m+fp/hard/libc_nano.a(libc_a-nano-svfprintf.o)
 .ARM.attributes
                0x0000097e       0x34 /home/alpri/st/stm32cubeclt_1.21.0/GNU-tools-for-STM32/bin/../lib/gcc/arm-none-eabi/14.3.1/../../../../arm-none-eabi/lib/thumb/v7e-m+fp/hard/libc_nano.a(libc_a-nano-vfprintf_i.o)
 .ARM.attributes
                0x000009b2       0x34 /home/alpri/st/stm32cubeclt_1.21.0/GNU-tools-for-STM32/bin/../lib/gcc/arm-none-eabi/14.3.1/../../../../arm-none-eabi/lib/thumb/v7e-m+fp/hard/libc_nano.a(libc_a-memmove.o)
 .ARM.attributes
                0x000009e6       0x34 /home/alpri/st/stm32cubeclt_1.21.0/GNU-tools-for-STM32/bin/../lib/gcc/arm-none-eabi/14.3.1/../../../../arm-none-eabi/lib/thumb/v7e-m+fp/hard/libc_nano.a(libc_a-sbrkr.o)
 .ARM.attributes
                0x00000a1a       0x1c /home/alpri/st/stm32cubeclt_1.21.0/GNU-tools-for-STM32/bin/../lib/gcc/arm-none-eabi/14.3.1/../../../../arm-none-eabi/lib/thumb/v7e-m+fp/hard/libc_nano.a(libc_a-memchr.o)
 .ARM.attributes
                0x00000a36       0x34 /home/alpri/st/stm32cubeclt_1.21.0/GNU-tools-for-STM32/bin/../lib/gcc/arm-none-eabi/14.3.1/../../../../arm-none-eabi/lib/thumb/v7e-m+fp/hard/libc_nano.a(libc_a-reallocr.o)
 .ARM.attributes
                0x00000a6a       0x34 /home/alpri/st/stm32cubeclt_1.21.0/GNU-tools-for-STM32/bin/../lib/gcc/arm-none-eabi/14.3.1/../../../../arm-none-eabi/lib/thumb/v7e-m+fp/hard/libc_nano.a(libc_a-msizer.o)
 .ARM.attributes
                0x00000a9e       0x22 /home/alpri/st/stm32cubeclt_1.21.0/GNU-tools-for-STM32/bin/../lib/gcc/arm-none-eabi/14.3.1/thumb/v7e-m+fp/hard/libgcc.a(_arm_addsubdf3.o)
 .ARM.attributes
                0x00000ac0       0x22 /home/alpri/st/stm32cubeclt_1.21.0/GNU-tools-for-STM32/bin/../lib/gcc/arm-none-eabi/14.3.1/thumb/v7e-m+fp/hard/libgcc.a(_aeabi_uldivmod.o)
 .ARM.attributes
                0x00000ae2       0x34 /home/alpri/st/stm32cubeclt_1.21.0/GNU-tools-for-STM32/bin/../lib/gcc/arm-none-eabi/14.3.1/thumb/v7e-m+fp/hard/libgcc.a(_udivmoddi4.o)
 .ARM.attributes
                0x00000b16       0x22 /home/alpri/st/stm32cubeclt_1.21.0/GNU-tools-for-STM32/bin/../lib/gcc/arm-none-eabi/14.3.1/thumb/v7e-m+fp/hard/libgcc.a(_dvmd_tls.o)
 .ARM.attributes
                0x00000b38       0x22 /home/alpri/st/stm32cubeclt_1.21.0/GNU-tools-for-STM32/bin/../lib/gcc/arm-none-eabi/14.3.1/thumb/v7e-m+fp/hard/crtn.o

.comment        0x00000000       0x43
 .comment       0x00000000       0x43 build/adc_shared.o
                                 0x44 (size before relaxing)
 .comment       0x00000043       0x44 build/calibration.o
 .comment       0x00000043       0x44 build/display.o
 .comment       0x00000043       0x44 build/gpio.o
 .comment       0x00000043       0x44 build/i2c.o
 .comment       0x00000043       0x44 build/input.o
 .comment       0x00000043       0x44 build/loadcell.o
 .comment       0x00000043       0x44 build/main.o
 .comment       0x00000043       0x44 build/motor.o
 .comment       0x00000043       0x44 build/preset.o
 .comment       0x00000043       0x44 build/speedpot.o
 .comment       0x00000043       0x44 build/stm32f4xx_hal_msp.o
 .comment       0x00000043       0x44 build/stm32f4xx_hal_timebase_tim.o
 .comment       0x00000043       0x44 build/stm32f4xx_it.o
 .comment       0x00000043       0x44 build/sysmem.o
 .comment       0x00000043       0x44 build/system_stm32f4xx.o
 .comment       0x00000043       0x44 build/tim.o
 .comment       0x00000043       0x44 build/torque_angle.o
 .comment       0x00000043       0x44 build/stm32f4xx_hal.o
 .comment       0x00000043       0x44 build/stm32f4xx_hal_adc.o
 .comment       0x00000043       0x44 build/stm32f4xx_hal_cortex.o
 .comment       0x00000043       0x44 build/stm32f4xx_hal_dma.o
 .comment       0x00000043       0x44 build/stm32f4xx_hal_flash.o
 .comment       0x00000043       0x44 build/stm32f4xx_hal_flash_ex.o
 .comment       0x00000043       0x44 build/stm32f4xx_hal_gpio.o
 .comment       0x00000043       0x44 build/stm32f4xx_hal_i2c.o
 .comment       0x00000043       0x44 build/stm32f4xx_hal_rcc.o
 .comment       0x00000043       0x44 build/stm32f4xx_hal_tim.o
 .comment       0x00000043       0x44 build/stm32f4xx_hal_tim_ex.o

.debug_info     0x00000000    0x1c333
 .debug_info    0x00000000      0x8c1 build/adc_shared.o
 .debug_info    0x000008c1      0xb3a build/calibration.o
 .debug_info    0x000013fb     0x1cd7 build/display.o
 .debug_info    0x000030d2      0x89c build/gpio.o
 .debug_info    0x0000396e      0xe36 build/i2c.o
 .debug_info    0x000047a4      0x665 build/input.o
 .debug_info    0x00004e09      0x5c3 build/loadcell.o
 .debug_info    0x000053cc     0x2850 build/main.o
 .debug_info    0x00007c1c      0xe0e build/motor.o
 .debug_info    0x00008a2a      0x105 build/preset.o
 .debug_info    0x00008b2f      0x14c build/speedpot.o
 .debug_info    0x00008c7b      0xaf5 build/stm32f4xx_hal_msp.o
 .debug_info    0x00009770      0xd7e build/stm32f4xx_hal_timebase_tim.o
 .debug_info    0x0000a4ee      0xc4c build/stm32f4xx_it.o
 .debug_info    0x0000b13a      0x18c build/sysmem.o
 .debug_info    0x0000b2c6      0x5e5 build/system_stm32f4xx.o
 .debug_info    0x0000b8ab      0xcfb build/tim.o
 .debug_info    0x0000c5a6      0x2ec build/torque_angle.o
 .debug_info    0x0000c892      0xa91 build/stm32f4xx_hal.o
 .debug_info    0x0000d323     0x103d build/stm32f4xx_hal_adc.o
 .debug_info    0x0000e360     0x1150 build/stm32f4xx_hal_cortex.o
 .debug_info    0x0000f4b0      0xbc6 build/stm32f4xx_hal_dma.o
 .debug_info    0x00010076      0x7d4 build/stm32f4xx_hal_flash.o
 .debug_info    0x0001084a      0xabb build/stm32f4xx_hal_flash_ex.o
 .debug_info    0x00011305      0x872 build/stm32f4xx_hal_gpio.o
 .debug_info    0x00011b77     0x3c18 build/stm32f4xx_hal_i2c.o
 .debug_info    0x0001578f      0xc4d build/stm32f4xx_hal_rcc.o
 .debug_info    0x000163dc     0x4198 build/stm32f4xx_hal_tim.o
 .debug_info    0x0001a574     0x1d8f build/stm32f4xx_hal_tim_ex.o
 .debug_info    0x0001c303       0x30 build/startup_stm32f411xe.o

.debug_abbrev   0x00000000     0x42f3
 .debug_abbrev  0x00000000      0x19b build/adc_shared.o
 .debug_abbrev  0x0000019b      0x258 build/calibration.o
 .debug_abbrev  0x000003f3      0x36f build/display.o
 .debug_abbrev  0x00000762      0x19a build/gpio.o
 .debug_abbrev  0x000008fc      0x226 build/i2c.o
 .debug_abbrev  0x00000b22      0x232 build/input.o
 .debug_abbrev  0x00000d54      0x201 build/loadcell.o
 .debug_abbrev  0x00000f55      0x420 build/main.o
 .debug_abbrev  0x00001375      0x36e build/motor.o
 .debug_abbrev  0x000016e3       0x99 build/preset.o
 .debug_abbrev  0x0000177c       0xe0 build/speedpot.o
 .debug_abbrev  0x0000185c      0x1ba build/stm32f4xx_hal_msp.o
 .debug_abbrev  0x00001a16      0x23e build/stm32f4xx_hal_timebase_tim.o
 .debug_abbrev  0x00001c54      0x1d6 build/stm32f4xx_it.o
 .debug_abbrev  0x00001e2a       0xeb build/sysmem.o
 .debug_abbrev  0x00001f15      0x11b build/system_stm32f4xx.o
 .debug_abbrev  0x00002030      0x22b build/tim.o
 .debug_abbrev  0x0000225b      0x181 build/torque_angle.o
 .debug_abbrev  0x000023dc      0x275 build/stm32f4xx_hal.o
 .debug_abbrev  0x00002651      0x287 build/stm32f4xx_hal_adc.o
 .debug_abbrev  0x000028d8      0x3ca build/stm32f4xx_hal_cortex.o
 .debug_abbrev  0x00002ca2      0x2be build/stm32f4xx_hal_dma.o
 .debug_abbrev  0x00002f60      0x2e2 build/stm32f4xx_hal_flash.o
 .debug_abbrev  0x00003242      0x2bc build/stm32f4xx_hal_flash_ex.o
 .debug_abbrev  0x000034fe      0x22b build/stm32f4xx_hal_gpio.o
 .debug_abbrev  0x00003729      0x339 build/stm32f4xx_hal_i2c.o
 .debug_abbrev  0x00003a62      0x2de build/stm32f4xx_hal_rcc.o
 .debug_abbrev  0x00003d40      0x2ce build/stm32f4xx_hal_tim.o
 .debug_abbrev  0x0000400e      0x2c8 build/stm32f4xx_hal_tim_ex.o
 .debug_abbrev  0x000042d6       0x1d build/startup_stm32f411xe.o

.debug_loc      0x00000000    0x15075
 .debug_loc     0x00000000      0x193 build/adc_shared.o
 .debug_loc     0x00000193      0x461 build/calibration.o
 .debug_loc     0x000005f4      0xbbd build/display.o
 .debug_loc     0x000011b1       0x71 build/gpio.o
 .debug_loc     0x00001222       0xfd build/i2c.o
 .debug_loc     0x0000131f       0xf4 build/input.o
 .debug_loc     0x00001413      0x1c3 build/loadcell.o
 .debug_loc     0x000015d6      0xc97 build/main.o
 .debug_loc     0x0000226d      0xa4c build/motor.o
 .debug_loc     0x00002cb9       0x64 build/speedpot.o
 .debug_loc     0x00002d1d      0x109 build/stm32f4xx_hal_msp.o
 .debug_loc     0x00002e26      0x150 build/stm32f4xx_hal_timebase_tim.o
 .debug_loc     0x00002f76       0xc0 build/stm32f4xx_it.o
 .debug_loc     0x00003036       0x90 build/sysmem.o
 .debug_loc     0x000030c6       0xb0 build/system_stm32f4xx.o
 .debug_loc     0x00003176      0x115 build/tim.o
 .debug_loc     0x0000328b      0x2cd build/torque_angle.o
 .debug_loc     0x00003558      0x1f9 build/stm32f4xx_hal.o
 .debug_loc     0x00003751      0xf1b build/stm32f4xx_hal_adc.o
 .debug_loc     0x0000466c      0x8ff build/stm32f4xx_hal_cortex.o
 .debug_loc     0x00004f6b      0xe82 build/stm32f4xx_hal_dma.o
 .debug_loc     0x00005ded      0x441 build/stm32f4xx_hal_flash.o
 .debug_loc     0x0000622e      0x8c7 build/stm32f4xx_hal_flash_ex.o
 .debug_loc     0x00006af5      0x60b build/stm32f4xx_hal_gpio.o
 .debug_loc     0x00007100     0x544e build/stm32f4xx_hal_i2c.o
 .debug_loc     0x0000c54e      0x712 build/stm32f4xx_hal_rcc.o
 .debug_loc     0x0000cc60     0x6154 build/stm32f4xx_hal_tim.o
 .debug_loc     0x00012db4     0x22c1 build/stm32f4xx_hal_tim_ex.o

.debug_aranges  0x00000000     0x14a0
 .debug_aranges
                0x00000000       0x28 build/adc_shared.o
 .debug_aranges
                0x00000028       0x68 build/calibration.o
 .debug_aranges
                0x00000090      0x140 build/display.o
 .debug_aranges
                0x000001d0       0x28 build/gpio.o
 .debug_aranges
                0x000001f8       0x30 build/i2c.o
 .debug_aranges
                0x00000228       0x88 build/input.o
 .debug_aranges
                0x000002b0       0x98 build/loadcell.o
 .debug_aranges
                0x00000348       0xb0 build/main.o
 .debug_aranges
                0x000003f8       0xf8 build/motor.o
 .debug_aranges
                0x000004f0       0x18 build/preset.o
 .debug_aranges
                0x00000508       0x28 build/speedpot.o
 .debug_aranges
                0x00000530       0x30 build/stm32f4xx_hal_msp.o
 .debug_aranges
                0x00000560       0x30 build/stm32f4xx_hal_timebase_tim.o
 .debug_aranges
                0x00000590       0x90 build/stm32f4xx_it.o
 .debug_aranges
                0x00000620       0x20 build/sysmem.o
 .debug_aranges
                0x00000640       0x28 build/system_stm32f4xx.o
 .debug_aranges
                0x00000668       0x30 build/tim.o
 .debug_aranges
                0x00000698       0x58 build/torque_angle.o
 .debug_aranges
                0x000006f0       0xf0 build/stm32f4xx_hal.o
 .debug_aranges
                0x000007e0       0xe8 build/stm32f4xx_hal_adc.o
 .debug_aranges
                0x000008c8       0xf8 build/stm32f4xx_hal_cortex.o
 .debug_aranges
                0x000009c0       0x90 build/stm32f4xx_hal_dma.o
 .debug_aranges
                0x00000a50       0xa0 build/stm32f4xx_hal_flash.o
 .debug_aranges
                0x00000af0       0xc8 build/stm32f4xx_hal_flash_ex.o
 .debug_aranges
                0x00000bb8       0x58 build/stm32f4xx_hal_gpio.o
 .debug_aranges
                0x00000c10      0x2a8 build/stm32f4xx_hal_i2c.o
 .debug_aranges
                0x00000eb8       0x88 build/stm32f4xx_hal_rcc.o
 .debug_aranges
                0x00000f40      0x3d0 build/stm32f4xx_hal_tim.o
 .debug_aranges
                0x00001310      0x168 build/stm32f4xx_hal_tim_ex.o
 .debug_aranges
                0x00001478       0x28 build/startup_stm32f411xe.o

.debug_ranges   0x00000000     0x1428
 .debug_ranges  0x00000000       0x18 build/adc_shared.o
 .debug_ranges  0x00000018       0x88 build/calibration.o
 .debug_ranges  0x000000a0      0x178 build/display.o
 .debug_ranges  0x00000218       0x18 build/gpio.o
 .debug_ranges  0x00000230       0x20 build/i2c.o
 .debug_ranges  0x00000250       0x78 build/input.o
 .debug_ranges  0x000002c8       0xb8 build/loadcell.o
 .debug_ranges  0x00000380      0x130 build/main.o
 .debug_ranges  0x000004b0       0xe8 build/motor.o
 .debug_ranges  0x00000598       0x18 build/speedpot.o
 .debug_ranges  0x000005b0       0x20 build/stm32f4xx_hal_msp.o
 .debug_ranges  0x000005d0       0x20 build/stm32f4xx_hal_timebase_tim.o
 .debug_ranges  0x000005f0       0x80 build/stm32f4xx_it.o
 .debug_ranges  0x00000670       0x10 build/sysmem.o
 .debug_ranges  0x00000680       0x18 build/system_stm32f4xx.o
 .debug_ranges  0x00000698       0x20 build/tim.o
 .debug_ranges  0x000006b8       0x48 build/torque_angle.o
 .debug_ranges  0x00000700       0xe0 build/stm32f4xx_hal.o
 .debug_ranges  0x000007e0       0xd8 build/stm32f4xx_hal_adc.o
 .debug_ranges  0x000008b8       0xe8 build/stm32f4xx_hal_cortex.o
 .debug_ranges  0x000009a0       0x80 build/stm32f4xx_hal_dma.o
 .debug_ranges  0x00000a20       0x90 build/stm32f4xx_hal_flash.o
 .debug_ranges  0x00000ab0       0xb8 build/stm32f4xx_hal_flash_ex.o
 .debug_ranges  0x00000b68       0x48 build/stm32f4xx_hal_gpio.o
 .debug_ranges  0x00000bb0      0x2b0 build/stm32f4xx_hal_i2c.o
 .debug_ranges  0x00000e60       0x90 build/stm32f4xx_hal_rcc.o
 .debug_ranges  0x00000ef0      0x3c0 build/stm32f4xx_hal_tim.o
 .debug_ranges  0x000012b0      0x158 build/stm32f4xx_hal_tim_ex.o
 .debug_ranges  0x00001408       0x20 build/startup_stm32f411xe.o

.debug_line     0x00000000    0x1575a
 .debug_line    0x00000000      0x30f build/adc_shared.o
 .debug_line    0x0000030f      0x636 build/calibration.o
 .debug_line    0x00000945      0xd6a build/display.o
 .debug_line    0x000016af      0x2bc build/gpio.o
 .debug_line    0x0000196b      0x2f2 build/i2c.o
 .debug_line    0x00001c5d      0x51b build/input.o
 .debug_line    0x00002178      0x564 build/loadcell.o
 .debug_line    0x000026dc      0xfe3 build/main.o
 .debug_line    0x000036bf      0xb78 build/motor.o
 .debug_line    0x00004237       0x47 build/preset.o
 .debug_line    0x0000427e      0x15f build/speedpot.o
 .debug_line    0x000043dd      0x26f build/stm32f4xx_hal_msp.o
 .debug_line    0x0000464c      0x2f5 build/stm32f4xx_hal_timebase_tim.o
 .debug_line    0x00004941      0x330 build/stm32f4xx_it.o
 .debug_line    0x00004c71      0x1d2 build/sysmem.o
 .debug_line    0x00004e43      0x259 build/system_stm32f4xx.o
 .debug_line    0x0000509c      0x2c3 build/tim.o
 .debug_line    0x0000535f      0x2fd build/torque_angle.o
 .debug_line    0x0000565c      0x575 build/stm32f4xx_hal.o
 .debug_line    0x00005bd1      0xfe4 build/stm32f4xx_hal_adc.o
 .debug_line    0x00006bb5      0x836 build/stm32f4xx_hal_cortex.o
 .debug_line    0x000073eb      0xe24 build/stm32f4xx_hal_dma.o
 .debug_line    0x0000820f      0x75a build/stm32f4xx_hal_flash.o
 .debug_line    0x00008969      0x7c9 build/stm32f4xx_hal_flash_ex.o
 .debug_line    0x00009132      0x6c5 build/stm32f4xx_hal_gpio.o
 .debug_line    0x000097f7     0x53d5 build/stm32f4xx_hal_i2c.o
 .debug_line    0x0000ebcc      0xbce build/stm32f4xx_hal_rcc.o
 .debug_line    0x0000f79a     0x45ae build/stm32f4xx_hal_tim.o
 .debug_line    0x00013d48     0x199f build/stm32f4xx_hal_tim_ex.o
 .debug_line    0x000156e7       0x73 build/startup_stm32f411xe.o

.debug_str      0x00000000     0x5b61
 .debug_str     0x00000000     0x5b61 build/adc_shared.o
                                0x6a8 (size before relaxing)
 .debug_str     0x00005b61      0x5d3 build/calibration.o
 .debug_str     0x00005b61      0xd17 build/display.o
 .debug_str     0x00005b61      0x74e build/gpio.o
 .debug_str     0x00005b61      0xc81 build/i2c.o
 .debug_str     0x00005b61      0x406 build/input.o
 .debug_str     0x00005b61      0x3d0 build/loadcell.o
 .debug_str     0x00005b61     0x17b7 build/main.o
 .debug_str     0x00005b61      0x5cf build/motor.o
 .debug_str     0x00005b61      0x1ae build/preset.o
 .debug_str     0x00005b61      0x1e8 build/speedpot.o
 .debug_str     0x00005b61      0x749 build/stm32f4xx_hal_msp.o
 .debug_str     0x00005b61      0xd0a build/stm32f4xx_hal_timebase_tim.o
 .debug_str     0x00005b61      0xabc build/stm32f4xx_it.o
 .debug_str     0x00005b61      0x209 build/sysmem.o
 .debug_str     0x00005b61      0x36b build/system_stm32f4xx.o
 .debug_str     0x00005b61      0xcaa build/tim.o
 .debug_str     0x00005b61      0x2b0 build/torque_angle.o
 .debug_str     0x00005b61      0xa02 build/stm32f4xx_hal.o
 .debug_str     0x00005b61      0x946 build/stm32f4xx_hal_adc.o
 .debug_str     0x00005b61      0xb01 build/stm32f4xx_hal_cortex.o
 .debug_str     0x00005b61      0x75a build/stm32f4xx_hal_dma.o
 .debug_str     0x00005b61      0x52e build/stm32f4xx_hal_flash.o
 .debug_str     0x00005b61      0x651 build/stm32f4xx_hal_flash_ex.o
 .debug_str     0x00005b61      0x4d6 build/stm32f4xx_hal_gpio.o
 .debug_str     0x00005b61     0x1026 build/stm32f4xx_hal_i2c.o
 .debug_str     0x00005b61      0x6fc build/stm32f4xx_hal_rcc.o
 .debug_str     0x00005b61     0x16e3 build/stm32f4xx_hal_tim.o
 .debug_str     0x00005b61      0xeef build/stm32f4xx_hal_tim_ex.o
 .debug_str     0x00005b61       0x66 build/startup_stm32f411xe.o

.debug_frame    0x00000000     0x3d7c
 .debug_frame   0x00000000       0x4c build/adc_shared.o
 .debug_frame   0x0000004c      0x11c build/calibration.o
 .debug_frame   0x00000168      0x38c build/display.o
 .debug_frame   0x000004f4       0x58 build/gpio.o
 .debug_frame   0x0000054c       0x64 build/i2c.o
 .debug_frame   0x000005b0      0x104 build/input.o
 .debug_frame   0x000006b4      0x130 build/loadcell.o
 .debug_frame   0x000007e4      0x1f0 build/main.o
 .debug_frame   0x000009d4      0x288 build/motor.o
 .debug_frame   0x00000c5c       0x48 build/speedpot.o
 .debug_frame   0x00000ca4       0x60 build/stm32f4xx_hal_msp.o
 .debug_frame   0x00000d04       0x54 build/stm32f4xx_hal_timebase_tim.o
 .debug_frame   0x00000d58      0x130 build/stm32f4xx_it.o
 .debug_frame   0x00000e88       0x28 build/sysmem.o
 .debug_frame   0x00000eb0       0x30 build/system_stm32f4xx.o
 .debug_frame   0x00000ee0       0x64 build/tim.o
 .debug_frame   0x00000f44       0xd0 build/torque_angle.o
 .debug_frame   0x00001014      0x1ec build/stm32f4xx_hal.o
 .debug_frame   0x00001200      0x264 build/stm32f4xx_hal_adc.o
 .debug_frame   0x00001464      0x214 build/stm32f4xx_hal_cortex.o
 .debug_frame   0x00001678      0x184 build/stm32f4xx_hal_dma.o
 .debug_frame   0x000017fc      0x160 build/stm32f4xx_hal_flash.o
 .debug_frame   0x0000195c      0x1dc build/stm32f4xx_hal_flash_ex.o
 .debug_frame   0x00001b38       0xd8 build/stm32f4xx_hal_gpio.o
 .debug_frame   0x00001c10      0x984 build/stm32f4xx_hal_i2c.o
 .debug_frame   0x00002594      0x16c build/stm32f4xx_hal_rcc.o
 .debug_frame   0x00002700      0xb14 build/stm32f4xx_hal_tim.o
 .debug_frame   0x00003214      0x40c build/stm32f4xx_hal_tim_ex.o
 .debug_frame   0x00003620      0x144 /home/alpri/st/stm32cubeclt_1.21.0/GNU-tools-for-STM32/bin/../lib/gcc/arm-none-eabi/14.3.1/../../../../arm-none-eabi/lib/thumb/v7e-m+fp/hard/libc_nano.a(libc_a-findfp.o)
 .debug_frame   0x00003764       0x7c /home/alpri/st/stm32cubeclt_1.21.0/GNU-tools-for-STM32/bin/../lib/gcc/arm-none-eabi/14.3.1/../../../../arm-none-eabi/lib/thumb/v7e-m+fp/hard/libc_nano.a(libc_a-snprintf.o)
 .debug_frame   0x000037e0       0x28 /home/alpri/st/stm32cubeclt_1.21.0/GNU-tools-for-STM32/bin/../lib/gcc/arm-none-eabi/14.3.1/../../../../arm-none-eabi/lib/thumb/v7e-m+fp/hard/libc_nano.a(libc_a-memcmp.o)
 .debug_frame   0x00003808       0x20 /home/alpri/st/stm32cubeclt_1.21.0/GNU-tools-for-STM32/bin/../lib/gcc/arm-none-eabi/14.3.1/../../../../arm-none-eabi/lib/thumb/v7e-m+fp/hard/libc_nano.a(libc_a-memset.o)
 .debug_frame   0x00003828       0x28 /home/alpri/st/stm32cubeclt_1.21.0/GNU-tools-for-STM32/bin/../lib/gcc/arm-none-eabi/14.3.1/../../../../arm-none-eabi/lib/thumb/v7e-m+fp/hard/libc_nano.a(libc_a-strncpy.o)
 .debug_frame   0x00003850       0x38 /home/alpri/st/stm32cubeclt_1.21.0/GNU-tools-for-STM32/bin/../lib/gcc/arm-none-eabi/14.3.1/../../../../arm-none-eabi/lib/thumb/v7e-m+fp/hard/libc_nano.a(libc_a-reent.o)
 .debug_frame   0x00003888       0x20 /home/alpri/st/stm32cubeclt_1.21.0/GNU-tools-for-STM32/bin/../lib/gcc/arm-none-eabi/14.3.1/../../../../arm-none-eabi/lib/thumb/v7e-m+fp/hard/libc_nano.a(libc_a-errno.o)
 .debug_frame   0x000038a8       0x2c /home/alpri/st/stm32cubeclt_1.21.0/GNU-tools-for-STM32/bin/../lib/gcc/arm-none-eabi/14.3.1/../../../../arm-none-eabi/lib/thumb/v7e-m+fp/hard/libc_nano.a(libc_a-init.o)
 .debug_frame   0x000038d4       0xb0 /home/alpri/st/stm32cubeclt_1.21.0/GNU-tools-for-STM32/bin/../lib/gcc/arm-none-eabi/14.3.1/../../../../arm-none-eabi/lib/thumb/v7e-m+fp/hard/libc_nano.a(libc_a-lock.o)
 .debug_frame   0x00003984       0x28 /home/alpri/st/stm32cubeclt_1.21.0/GNU-tools-for-STM32/bin/../lib/gcc/arm-none-eabi/14.3.1/../../../../arm-none-eabi/lib/thumb/v7e-m+fp/hard/libc_nano.a(libc_a-memcpy-stub.o)
 .debug_frame   0x000039ac       0x20 /home/alpri/st/stm32cubeclt_1.21.0/GNU-tools-for-STM32/bin/../lib/gcc/arm-none-eabi/14.3.1/../../../../arm-none-eabi/lib/thumb/v7e-m+fp/hard/libc_nano.a(libc_a-strlen.o)
 .debug_frame   0x000039cc       0x38 /home/alpri/st/stm32cubeclt_1.21.0/GNU-tools-for-STM32/bin/../lib/gcc/arm-none-eabi/14.3.1/../../../../arm-none-eabi/lib/thumb/v7e-m+fp/hard/libc_nano.a(libc_a-freer.o)
 .debug_frame   0x00003a04       0x50 /home/alpri/st/stm32cubeclt_1.21.0/GNU-tools-for-STM32/bin/../lib/gcc/arm-none-eabi/14.3.1/../../../../arm-none-eabi/lib/thumb/v7e-m+fp/hard/libc_nano.a(libc_a-mallocr.o)
 .debug_frame   0x00003a54       0x30 /home/alpri/st/stm32cubeclt_1.21.0/GNU-tools-for-STM32/bin/../lib/gcc/arm-none-eabi/14.3.1/../../../../arm-none-eabi/lib/thumb/v7e-m+fp/hard/libc_nano.a(libc_a-mlock.o)