ARM GAS  /tmp/ccUpP3Rs.s 			page 1


   1              		.cpu cortex-m4
   2              		.arch armv7e-m
   3              		.fpu fpv4-sp-d16
   4              		.eabi_attribute 27, 1
   5              		.eabi_attribute 28, 1
   6              		.eabi_attribute 20, 1
   7              		.eabi_attribute 21, 1
   8              		.eabi_attribute 23, 3
   9              		.eabi_attribute 24, 1
  10              		.eabi_attribute 25, 1
  11              		.eabi_attribute 26, 1
  12              		.eabi_attribute 30, 1
  13              		.eabi_attribute 34, 1
  14              		.eabi_attribute 18, 4
  15              		.file	"stm32f4xx_it.c"
  16              		.text
  17              	.Ltext0:
  18              		.cfi_sections	.debug_frame
  19              		.file 1 "Core/Src/stm32f4xx_it.c"
  20              		.section	.text.NMI_Handler,"ax",%progbits
  21              		.align	1
  22              		.global	NMI_Handler
  23              		.syntax unified
  24              		.thumb
  25              		.thumb_func
  27              	NMI_Handler:
  28              	.LFB220:
   1:Core/Src/stm32f4xx_it.c **** /* USER CODE BEGIN Header */
   2:Core/Src/stm32f4xx_it.c **** /**
   3:Core/Src/stm32f4xx_it.c ****   ******************************************************************************
   4:Core/Src/stm32f4xx_it.c ****   * @file    stm32f4xx_it.c
   5:Core/Src/stm32f4xx_it.c ****   * @brief   Interrupt Service Routines.
   6:Core/Src/stm32f4xx_it.c ****   ******************************************************************************
   7:Core/Src/stm32f4xx_it.c ****   * @attention
   8:Core/Src/stm32f4xx_it.c ****   *
   9:Core/Src/stm32f4xx_it.c ****   * Copyright (c) 2026 STMicroelectronics.
  10:Core/Src/stm32f4xx_it.c ****   * All rights reserved.
  11:Core/Src/stm32f4xx_it.c ****   *
  12:Core/Src/stm32f4xx_it.c ****   * This software is licensed under terms that can be found in the LICENSE file
  13:Core/Src/stm32f4xx_it.c ****   * in the root directory of this software component.
  14:Core/Src/stm32f4xx_it.c ****   * If no LICENSE file comes with this software, it is provided AS-IS.
  15:Core/Src/stm32f4xx_it.c ****   *
  16:Core/Src/stm32f4xx_it.c ****   ******************************************************************************
  17:Core/Src/stm32f4xx_it.c ****   */
  18:Core/Src/stm32f4xx_it.c **** /* USER CODE END Header */
  19:Core/Src/stm32f4xx_it.c **** 
  20:Core/Src/stm32f4xx_it.c **** /* Includes ------------------------------------------------------------------*/
  21:Core/Src/stm32f4xx_it.c **** #include "main.h"
  22:Core/Src/stm32f4xx_it.c **** #include "stm32f4xx_it.h"
  23:Core/Src/stm32f4xx_it.c **** /* Private includes ----------------------------------------------------------*/
  24:Core/Src/stm32f4xx_it.c **** /* USER CODE BEGIN Includes */
  25:Core/Src/stm32f4xx_it.c **** /* USER CODE END Includes */
  26:Core/Src/stm32f4xx_it.c **** 
  27:Core/Src/stm32f4xx_it.c **** /* Private typedef -----------------------------------------------------------*/
  28:Core/Src/stm32f4xx_it.c **** /* USER CODE BEGIN TD */
  29:Core/Src/stm32f4xx_it.c **** 
  30:Core/Src/stm32f4xx_it.c **** /* USER CODE END TD */
ARM GAS  /tmp/ccUpP3Rs.s 			page 2


  31:Core/Src/stm32f4xx_it.c **** 
  32:Core/Src/stm32f4xx_it.c **** /* Private define ------------------------------------------------------------*/
  33:Core/Src/stm32f4xx_it.c **** /* USER CODE BEGIN PD */
  34:Core/Src/stm32f4xx_it.c **** 
  35:Core/Src/stm32f4xx_it.c **** /* USER CODE END PD */
  36:Core/Src/stm32f4xx_it.c **** 
  37:Core/Src/stm32f4xx_it.c **** /* Private macro -------------------------------------------------------------*/
  38:Core/Src/stm32f4xx_it.c **** /* USER CODE BEGIN PM */
  39:Core/Src/stm32f4xx_it.c **** 
  40:Core/Src/stm32f4xx_it.c **** /* USER CODE END PM */
  41:Core/Src/stm32f4xx_it.c **** 
  42:Core/Src/stm32f4xx_it.c **** /* Private variables ---------------------------------------------------------*/
  43:Core/Src/stm32f4xx_it.c **** /* USER CODE BEGIN PV */
  44:Core/Src/stm32f4xx_it.c **** 
  45:Core/Src/stm32f4xx_it.c **** /* USER CODE END PV */
  46:Core/Src/stm32f4xx_it.c **** 
  47:Core/Src/stm32f4xx_it.c **** /* Private function prototypes -----------------------------------------------*/
  48:Core/Src/stm32f4xx_it.c **** /* USER CODE BEGIN PFP */
  49:Core/Src/stm32f4xx_it.c **** 
  50:Core/Src/stm32f4xx_it.c **** /* USER CODE END PFP */
  51:Core/Src/stm32f4xx_it.c **** 
  52:Core/Src/stm32f4xx_it.c **** /* Private user code ---------------------------------------------------------*/
  53:Core/Src/stm32f4xx_it.c **** /* USER CODE BEGIN 0 */
  54:Core/Src/stm32f4xx_it.c **** 
  55:Core/Src/stm32f4xx_it.c **** /* USER CODE END 0 */
  56:Core/Src/stm32f4xx_it.c **** 
  57:Core/Src/stm32f4xx_it.c **** /* External variables --------------------------------------------------------*/
  58:Core/Src/stm32f4xx_it.c **** extern I2C_HandleTypeDef hi2c1;
  59:Core/Src/stm32f4xx_it.c **** extern TIM_HandleTypeDef htim3;
  60:Core/Src/stm32f4xx_it.c **** extern TIM_HandleTypeDef htim5;
  61:Core/Src/stm32f4xx_it.c **** 
  62:Core/Src/stm32f4xx_it.c **** /* USER CODE BEGIN EV */
  63:Core/Src/stm32f4xx_it.c **** 
  64:Core/Src/stm32f4xx_it.c **** /* USER CODE END EV */
  65:Core/Src/stm32f4xx_it.c **** 
  66:Core/Src/stm32f4xx_it.c **** /******************************************************************************/
  67:Core/Src/stm32f4xx_it.c **** /*           Cortex-M4 Processor Interruption and Exception Handlers          */
  68:Core/Src/stm32f4xx_it.c **** /******************************************************************************/
  69:Core/Src/stm32f4xx_it.c **** /**
  70:Core/Src/stm32f4xx_it.c ****   * @brief This function handles Non maskable interrupt.
  71:Core/Src/stm32f4xx_it.c ****   */
  72:Core/Src/stm32f4xx_it.c **** void NMI_Handler(void)
  73:Core/Src/stm32f4xx_it.c **** {
  29              		.loc 1 73 1 view -0
  30              		.cfi_startproc
  31              		@ Volatile: function does not return.
  32              		@ args = 0, pretend = 0, frame = 0
  33              		@ frame_needed = 0, uses_anonymous_args = 0
  34              		@ link register save eliminated.
  35              	.L2:
  74:Core/Src/stm32f4xx_it.c ****   /* USER CODE BEGIN NonMaskableInt_IRQn 0 */
  75:Core/Src/stm32f4xx_it.c **** 
  76:Core/Src/stm32f4xx_it.c ****   /* USER CODE END NonMaskableInt_IRQn 0 */
  77:Core/Src/stm32f4xx_it.c ****   /* USER CODE BEGIN NonMaskableInt_IRQn 1 */
  78:Core/Src/stm32f4xx_it.c ****    while (1)
  36              		.loc 1 78 4 view .LVU1
  79:Core/Src/stm32f4xx_it.c ****   {
ARM GAS  /tmp/ccUpP3Rs.s 			page 3


  80:Core/Src/stm32f4xx_it.c ****   }
  37              		.loc 1 80 3 view .LVU2
  78:Core/Src/stm32f4xx_it.c ****   {
  38              		.loc 1 78 10 view .LVU3
  39 0000 FEE7     		b	.L2
  40              		.cfi_endproc
  41              	.LFE220:
  43              		.section	.text.HardFault_Handler,"ax",%progbits
  44              		.align	1
  45              		.global	HardFault_Handler
  46              		.syntax unified
  47              		.thumb
  48              		.thumb_func
  50              	HardFault_Handler:
  51              	.LFB221:
  81:Core/Src/stm32f4xx_it.c ****   /* USER CODE END NonMaskableInt_IRQn 1 */
  82:Core/Src/stm32f4xx_it.c **** }
  83:Core/Src/stm32f4xx_it.c **** 
  84:Core/Src/stm32f4xx_it.c **** /**
  85:Core/Src/stm32f4xx_it.c ****   * @brief This function handles Hard fault interrupt.
  86:Core/Src/stm32f4xx_it.c ****   */
  87:Core/Src/stm32f4xx_it.c **** void HardFault_Handler(void)
  88:Core/Src/stm32f4xx_it.c **** {
  52              		.loc 1 88 1 view -0
  53              		.cfi_startproc
  54              		@ Volatile: function does not return.
  55              		@ args = 0, pretend = 0, frame = 0
  56              		@ frame_needed = 0, uses_anonymous_args = 0
  57              		@ link register save eliminated.
  58              	.L4:
  89:Core/Src/stm32f4xx_it.c ****   /* USER CODE BEGIN HardFault_IRQn 0 */
  90:Core/Src/stm32f4xx_it.c **** 
  91:Core/Src/stm32f4xx_it.c ****   /* USER CODE END HardFault_IRQn 0 */
  92:Core/Src/stm32f4xx_it.c ****   while (1)
  59              		.loc 1 92 3 view .LVU5
  93:Core/Src/stm32f4xx_it.c ****   {
  94:Core/Src/stm32f4xx_it.c ****     /* USER CODE BEGIN W1_HardFault_IRQn 0 */
  95:Core/Src/stm32f4xx_it.c ****     /* USER CODE END W1_HardFault_IRQn 0 */
  96:Core/Src/stm32f4xx_it.c ****   }
  60              		.loc 1 96 3 view .LVU6
  92:Core/Src/stm32f4xx_it.c ****   {
  61              		.loc 1 92 9 view .LVU7
  62 0000 FEE7     		b	.L4
  63              		.cfi_endproc
  64              	.LFE221:
  66              		.section	.text.MemManage_Handler,"ax",%progbits
  67              		.align	1
  68              		.global	MemManage_Handler
  69              		.syntax unified
  70              		.thumb
  71              		.thumb_func
  73              	MemManage_Handler:
  74              	.LFB222:
  97:Core/Src/stm32f4xx_it.c **** }
  98:Core/Src/stm32f4xx_it.c **** 
  99:Core/Src/stm32f4xx_it.c **** /**
 100:Core/Src/stm32f4xx_it.c ****   * @brief This function handles Memory management fault.
ARM GAS  /tmp/ccUpP3Rs.s 			page 4


 101:Core/Src/stm32f4xx_it.c ****   */
 102:Core/Src/stm32f4xx_it.c **** void MemManage_Handler(void)
 103:Core/Src/stm32f4xx_it.c **** {
  75              		.loc 1 103 1 view -0
  76              		.cfi_startproc
  77              		@ Volatile: function does not return.
  78              		@ args = 0, pretend = 0, frame = 0
  79              		@ frame_needed = 0, uses_anonymous_args = 0
  80              		@ link register save eliminated.
  81              	.L6:
 104:Core/Src/stm32f4xx_it.c ****   /* USER CODE BEGIN MemoryManagement_IRQn 0 */
 105:Core/Src/stm32f4xx_it.c **** 
 106:Core/Src/stm32f4xx_it.c ****   /* USER CODE END MemoryManagement_IRQn 0 */
 107:Core/Src/stm32f4xx_it.c ****   while (1)
  82              		.loc 1 107 3 view .LVU9
 108:Core/Src/stm32f4xx_it.c ****   {
 109:Core/Src/stm32f4xx_it.c ****     /* USER CODE BEGIN W1_MemoryManagement_IRQn 0 */
 110:Core/Src/stm32f4xx_it.c ****     /* USER CODE END W1_MemoryManagement_IRQn 0 */
 111:Core/Src/stm32f4xx_it.c ****   }
  83              		.loc 1 111 3 view .LVU10
 107:Core/Src/stm32f4xx_it.c ****   {
  84              		.loc 1 107 9 view .LVU11
  85 0000 FEE7     		b	.L6
  86              		.cfi_endproc
  87              	.LFE222:
  89              		.section	.text.BusFault_Handler,"ax",%progbits
  90              		.align	1
  91              		.global	BusFault_Handler
  92              		.syntax unified
  93              		.thumb
  94              		.thumb_func
  96              	BusFault_Handler:
  97              	.LFB223:
 112:Core/Src/stm32f4xx_it.c **** }
 113:Core/Src/stm32f4xx_it.c **** 
 114:Core/Src/stm32f4xx_it.c **** /**
 115:Core/Src/stm32f4xx_it.c ****   * @brief This function handles Pre-fetch fault, memory access fault.
 116:Core/Src/stm32f4xx_it.c ****   */
 117:Core/Src/stm32f4xx_it.c **** void BusFault_Handler(void)
 118:Core/Src/stm32f4xx_it.c **** {
  98              		.loc 1 118 1 view -0
  99              		.cfi_startproc
 100              		@ Volatile: function does not return.
 101              		@ args = 0, pretend = 0, frame = 0
 102              		@ frame_needed = 0, uses_anonymous_args = 0
 103              		@ link register save eliminated.
 104              	.L8:
 119:Core/Src/stm32f4xx_it.c ****   /* USER CODE BEGIN BusFault_IRQn 0 */
 120:Core/Src/stm32f4xx_it.c **** 
 121:Core/Src/stm32f4xx_it.c ****   /* USER CODE END BusFault_IRQn 0 */
 122:Core/Src/stm32f4xx_it.c ****   while (1)
 105              		.loc 1 122 3 view .LVU13
 123:Core/Src/stm32f4xx_it.c ****   {
 124:Core/Src/stm32f4xx_it.c ****     /* USER CODE BEGIN W1_BusFault_IRQn 0 */
 125:Core/Src/stm32f4xx_it.c ****     /* USER CODE END W1_BusFault_IRQn 0 */
 126:Core/Src/stm32f4xx_it.c ****   }
 106              		.loc 1 126 3 view .LVU14
ARM GAS  /tmp/ccUpP3Rs.s 			page 5


 122:Core/Src/stm32f4xx_it.c ****   {
 107              		.loc 1 122 9 view .LVU15
 108 0000 FEE7     		b	.L8
 109              		.cfi_endproc
 110              	.LFE223:
 112              		.section	.text.UsageFault_Handler,"ax",%progbits
 113              		.align	1
 114              		.global	UsageFault_Handler
 115              		.syntax unified
 116              		.thumb
 117              		.thumb_func
 119              	UsageFault_Handler:
 120              	.LFB224:
 127:Core/Src/stm32f4xx_it.c **** }
 128:Core/Src/stm32f4xx_it.c **** 
 129:Core/Src/stm32f4xx_it.c **** /**
 130:Core/Src/stm32f4xx_it.c ****   * @brief This function handles Undefined instruction or illegal state.
 131:Core/Src/stm32f4xx_it.c ****   */
 132:Core/Src/stm32f4xx_it.c **** void UsageFault_Handler(void)
 133:Core/Src/stm32f4xx_it.c **** {
 121              		.loc 1 133 1 view -0
 122              		.cfi_startproc
 123              		@ Volatile: function does not return.
 124              		@ args = 0, pretend = 0, frame = 0
 125              		@ frame_needed = 0, uses_anonymous_args = 0
 126              		@ link register save eliminated.
 127              	.L10:
 134:Core/Src/stm32f4xx_it.c ****   /* USER CODE BEGIN UsageFault_IRQn 0 */
 135:Core/Src/stm32f4xx_it.c **** 
 136:Core/Src/stm32f4xx_it.c ****   /* USER CODE END UsageFault_IRQn 0 */
 137:Core/Src/stm32f4xx_it.c ****   while (1)
 128              		.loc 1 137 3 view .LVU17
 138:Core/Src/stm32f4xx_it.c ****   {
 139:Core/Src/stm32f4xx_it.c ****     /* USER CODE BEGIN W1_UsageFault_IRQn 0 */
 140:Core/Src/stm32f4xx_it.c ****     /* USER CODE END W1_UsageFault_IRQn 0 */
 141:Core/Src/stm32f4xx_it.c ****   }
 129              		.loc 1 141 3 view .LVU18
 137:Core/Src/stm32f4xx_it.c ****   {
 130              		.loc 1 137 9 view .LVU19
 131 0000 FEE7     		b	.L10
 132              		.cfi_endproc
 133              	.LFE224:
 135              		.section	.text.SVC_Handler,"ax",%progbits
 136              		.align	1
 137              		.global	SVC_Handler
 138              		.syntax unified
 139              		.thumb
 140              		.thumb_func
 142              	SVC_Handler:
 143              	.LFB225:
 142:Core/Src/stm32f4xx_it.c **** }
 143:Core/Src/stm32f4xx_it.c **** 
 144:Core/Src/stm32f4xx_it.c **** /**
 145:Core/Src/stm32f4xx_it.c ****   * @brief This function handles System service call via SWI instruction.
 146:Core/Src/stm32f4xx_it.c ****   */
 147:Core/Src/stm32f4xx_it.c **** void SVC_Handler(void)
 148:Core/Src/stm32f4xx_it.c **** {
ARM GAS  /tmp/ccUpP3Rs.s 			page 6


 144              		.loc 1 148 1 view -0
 145              		.cfi_startproc
 146              		@ args = 0, pretend = 0, frame = 0
 147              		@ frame_needed = 0, uses_anonymous_args = 0
 148              		@ link register save eliminated.
 149:Core/Src/stm32f4xx_it.c ****   /* USER CODE BEGIN SVCall_IRQn 0 */
 150:Core/Src/stm32f4xx_it.c **** 
 151:Core/Src/stm32f4xx_it.c ****   /* USER CODE END SVCall_IRQn 0 */
 152:Core/Src/stm32f4xx_it.c ****   /* USER CODE BEGIN SVCall_IRQn 1 */
 153:Core/Src/stm32f4xx_it.c **** 
 154:Core/Src/stm32f4xx_it.c ****   /* USER CODE END SVCall_IRQn 1 */
 155:Core/Src/stm32f4xx_it.c **** }
 149              		.loc 1 155 1 view .LVU21
 150 0000 7047     		bx	lr
 151              		.cfi_endproc
 152              	.LFE225:
 154              		.section	.text.DebugMon_Handler,"ax",%progbits
 155              		.align	1
 156              		.global	DebugMon_Handler
 157              		.syntax unified
 158              		.thumb
 159              		.thumb_func
 161              	DebugMon_Handler:
 162              	.LFB226:
 156:Core/Src/stm32f4xx_it.c **** 
 157:Core/Src/stm32f4xx_it.c **** /**
 158:Core/Src/stm32f4xx_it.c ****   * @brief This function handles Debug monitor.
 159:Core/Src/stm32f4xx_it.c ****   */
 160:Core/Src/stm32f4xx_it.c **** void DebugMon_Handler(void)
 161:Core/Src/stm32f4xx_it.c **** {
 163              		.loc 1 161 1 view -0
 164              		.cfi_startproc
 165              		@ args = 0, pretend = 0, frame = 0
 166              		@ frame_needed = 0, uses_anonymous_args = 0
 167              		@ link register save eliminated.
 162:Core/Src/stm32f4xx_it.c ****   /* USER CODE BEGIN DebugMonitor_IRQn 0 */
 163:Core/Src/stm32f4xx_it.c **** 
 164:Core/Src/stm32f4xx_it.c ****   /* USER CODE END DebugMonitor_IRQn 0 */
 165:Core/Src/stm32f4xx_it.c ****   /* USER CODE BEGIN DebugMonitor_IRQn 1 */
 166:Core/Src/stm32f4xx_it.c **** 
 167:Core/Src/stm32f4xx_it.c ****   /* USER CODE END DebugMonitor_IRQn 1 */
 168:Core/Src/stm32f4xx_it.c **** }
 168              		.loc 1 168 1 view .LVU23
 169 0000 7047     		bx	lr
 170              		.cfi_endproc
 171              	.LFE226:
 173              		.section	.text.PendSV_Handler,"ax",%progbits
 174              		.align	1
 175              		.global	PendSV_Handler
 176              		.syntax unified
 177              		.thumb
 178              		.thumb_func
 180              	PendSV_Handler:
 181              	.LFB227:
 169:Core/Src/stm32f4xx_it.c **** 
 170:Core/Src/stm32f4xx_it.c **** /**
 171:Core/Src/stm32f4xx_it.c ****   * @brief This function handles Pendable request for system service.
ARM GAS  /tmp/ccUpP3Rs.s 			page 7


 172:Core/Src/stm32f4xx_it.c ****   */
 173:Core/Src/stm32f4xx_it.c **** void PendSV_Handler(void)
 174:Core/Src/stm32f4xx_it.c **** {
 182              		.loc 1 174 1 view -0
 183              		.cfi_startproc
 184              		@ args = 0, pretend = 0, frame = 0
 185              		@ frame_needed = 0, uses_anonymous_args = 0
 186              		@ link register save eliminated.
 175:Core/Src/stm32f4xx_it.c ****   /* USER CODE BEGIN PendSV_IRQn 0 */
 176:Core/Src/stm32f4xx_it.c **** 
 177:Core/Src/stm32f4xx_it.c ****   /* USER CODE END PendSV_IRQn 0 */
 178:Core/Src/stm32f4xx_it.c ****   /* USER CODE BEGIN PendSV_IRQn 1 */
 179:Core/Src/stm32f4xx_it.c **** 
 180:Core/Src/stm32f4xx_it.c ****   /* USER CODE END PendSV_IRQn 1 */
 181:Core/Src/stm32f4xx_it.c **** }
 187              		.loc 1 181 1 view .LVU25
 188 0000 7047     		bx	lr
 189              		.cfi_endproc
 190              	.LFE227:
 192              		.section	.text.SysTick_Handler,"ax",%progbits
 193              		.align	1
 194              		.global	SysTick_Handler
 195              		.syntax unified
 196              		.thumb
 197              		.thumb_func
 199              	SysTick_Handler:
 200              	.LFB228:
 182:Core/Src/stm32f4xx_it.c **** 
 183:Core/Src/stm32f4xx_it.c **** /**
 184:Core/Src/stm32f4xx_it.c ****   * @brief This function handles System tick timer.
 185:Core/Src/stm32f4xx_it.c ****   */
 186:Core/Src/stm32f4xx_it.c **** void SysTick_Handler(void)
 187:Core/Src/stm32f4xx_it.c **** {
 201              		.loc 1 187 1 view -0
 202              		.cfi_startproc
 203              		@ args = 0, pretend = 0, frame = 0
 204              		@ frame_needed = 0, uses_anonymous_args = 0
 205              		@ link register save eliminated.
 188:Core/Src/stm32f4xx_it.c ****   /* USER CODE BEGIN SysTick_IRQn 0 */
 189:Core/Src/stm32f4xx_it.c **** 
 190:Core/Src/stm32f4xx_it.c ****   /* USER CODE END SysTick_IRQn 0 */
 191:Core/Src/stm32f4xx_it.c **** 
 192:Core/Src/stm32f4xx_it.c ****   /* USER CODE BEGIN SysTick_IRQn 1 */
 193:Core/Src/stm32f4xx_it.c **** 
 194:Core/Src/stm32f4xx_it.c ****   /* USER CODE END SysTick_IRQn 1 */
 195:Core/Src/stm32f4xx_it.c **** }
 206              		.loc 1 195 1 view .LVU27
 207 0000 7047     		bx	lr
 208              		.cfi_endproc
 209              	.LFE228:
 211              		.section	.text.EXTI0_IRQHandler,"ax",%progbits
 212              		.align	1
 213              		.global	EXTI0_IRQHandler
 214              		.syntax unified
 215              		.thumb
 216              		.thumb_func
 218              	EXTI0_IRQHandler:
ARM GAS  /tmp/ccUpP3Rs.s 			page 8


 219              	.LFB229:
 196:Core/Src/stm32f4xx_it.c **** 
 197:Core/Src/stm32f4xx_it.c **** /******************************************************************************/
 198:Core/Src/stm32f4xx_it.c **** /* STM32F4xx Peripheral Interrupt Handlers                                    */
 199:Core/Src/stm32f4xx_it.c **** /* Add here the Interrupt Handlers for the used peripherals.                  */
 200:Core/Src/stm32f4xx_it.c **** /* For the available peripheral interrupt handler names,                      */
 201:Core/Src/stm32f4xx_it.c **** /* please refer to the startup file (startup_stm32f4xx.s).                    */
 202:Core/Src/stm32f4xx_it.c **** /******************************************************************************/
 203:Core/Src/stm32f4xx_it.c **** 
 204:Core/Src/stm32f4xx_it.c **** /**
 205:Core/Src/stm32f4xx_it.c ****   * @brief This function handles EXTI line0 interrupt.
 206:Core/Src/stm32f4xx_it.c ****   */
 207:Core/Src/stm32f4xx_it.c **** void EXTI0_IRQHandler(void)
 208:Core/Src/stm32f4xx_it.c **** {
 220              		.loc 1 208 1 view -0
 221              		.cfi_startproc
 222              		@ args = 0, pretend = 0, frame = 0
 223              		@ frame_needed = 0, uses_anonymous_args = 0
 224 0000 08B5     		push	{r3, lr}
 225              	.LCFI0:
 226              		.cfi_def_cfa_offset 8
 227              		.cfi_offset 3, -8
 228              		.cfi_offset 14, -4
 209:Core/Src/stm32f4xx_it.c ****   /* USER CODE BEGIN EXTI0_IRQn 0 */
 210:Core/Src/stm32f4xx_it.c **** 
 211:Core/Src/stm32f4xx_it.c ****   /* USER CODE END EXTI0_IRQn 0 */
 212:Core/Src/stm32f4xx_it.c ****   HAL_GPIO_EXTI_IRQHandler(STOP_BTN_Pin);
 229              		.loc 1 212 3 view .LVU29
 230 0002 0120     		movs	r0, #1
 231 0004 FFF7FEFF 		bl	HAL_GPIO_EXTI_IRQHandler
 232              	.LVL0:
 213:Core/Src/stm32f4xx_it.c ****   /* USER CODE BEGIN EXTI0_IRQn 1 */
 214:Core/Src/stm32f4xx_it.c **** 
 215:Core/Src/stm32f4xx_it.c ****   /* USER CODE END EXTI0_IRQn 1 */
 216:Core/Src/stm32f4xx_it.c **** }
 233              		.loc 1 216 1 is_stmt 0 view .LVU30
 234 0008 08BD     		pop	{r3, pc}
 235              		.cfi_endproc
 236              	.LFE229:
 238              		.section	.text.EXTI15_10_IRQHandler,"ax",%progbits
 239              		.align	1
 240              		.global	EXTI15_10_IRQHandler
 241              		.syntax unified
 242              		.thumb
 243              		.thumb_func
 245              	EXTI15_10_IRQHandler:
 246              	.LFB230:
 217:Core/Src/stm32f4xx_it.c **** 
 218:Core/Src/stm32f4xx_it.c **** /**
 219:Core/Src/stm32f4xx_it.c ****   * @brief This function handles EXTI line[15:10] interrupts.
 220:Core/Src/stm32f4xx_it.c ****   */
 221:Core/Src/stm32f4xx_it.c **** void EXTI15_10_IRQHandler(void)
 222:Core/Src/stm32f4xx_it.c **** {
 247              		.loc 1 222 1 is_stmt 1 view -0
 248              		.cfi_startproc
 249              		@ args = 0, pretend = 0, frame = 0
 250              		@ frame_needed = 0, uses_anonymous_args = 0
ARM GAS  /tmp/ccUpP3Rs.s 			page 9


 251 0000 08B5     		push	{r3, lr}
 252              	.LCFI1:
 253              		.cfi_def_cfa_offset 8
 254              		.cfi_offset 3, -8
 255              		.cfi_offset 14, -4
 223:Core/Src/stm32f4xx_it.c ****   /* USER CODE BEGIN EXTI15_10_IRQn 0 */
 224:Core/Src/stm32f4xx_it.c **** 
 225:Core/Src/stm32f4xx_it.c ****   /* USER CODE END EXTI15_10_IRQn 0 */
 226:Core/Src/stm32f4xx_it.c ****   HAL_GPIO_EXTI_IRQHandler(ENC_CLK_Pin);
 256              		.loc 1 226 3 view .LVU32
 257 0002 4FF48060 		mov	r0, #1024
 258 0006 FFF7FEFF 		bl	HAL_GPIO_EXTI_IRQHandler
 259              	.LVL1:
 227:Core/Src/stm32f4xx_it.c ****   /* USER CODE BEGIN EXTI15_10_IRQn 1 */
 228:Core/Src/stm32f4xx_it.c **** 
 229:Core/Src/stm32f4xx_it.c ****   /* USER CODE END EXTI15_10_IRQn 1 */
 230:Core/Src/stm32f4xx_it.c **** }
 260              		.loc 1 230 1 is_stmt 0 view .LVU33
 261 000a 08BD     		pop	{r3, pc}
 262              		.cfi_endproc
 263              	.LFE230:
 265              		.section	.text.I2C1_EV_IRQHandler,"ax",%progbits
 266              		.align	1
 267              		.global	I2C1_EV_IRQHandler
 268              		.syntax unified
 269              		.thumb
 270              		.thumb_func
 272              	I2C1_EV_IRQHandler:
 273              	.LFB231:
 231:Core/Src/stm32f4xx_it.c **** 
 232:Core/Src/stm32f4xx_it.c **** /**
 233:Core/Src/stm32f4xx_it.c ****   * @brief This function handles I2C1 event interrupt.
 234:Core/Src/stm32f4xx_it.c ****   */
 235:Core/Src/stm32f4xx_it.c **** void I2C1_EV_IRQHandler(void)
 236:Core/Src/stm32f4xx_it.c **** {
 274              		.loc 1 236 1 is_stmt 1 view -0
 275              		.cfi_startproc
 276              		@ args = 0, pretend = 0, frame = 0
 277              		@ frame_needed = 0, uses_anonymous_args = 0
 278 0000 08B5     		push	{r3, lr}
 279              	.LCFI2:
 280              		.cfi_def_cfa_offset 8
 281              		.cfi_offset 3, -8
 282              		.cfi_offset 14, -4
 237:Core/Src/stm32f4xx_it.c ****   /* USER CODE BEGIN I2C1_EV_IRQn 0 */
 238:Core/Src/stm32f4xx_it.c **** 
 239:Core/Src/stm32f4xx_it.c ****   /* USER CODE END I2C1_EV_IRQn 0 */
 240:Core/Src/stm32f4xx_it.c ****   HAL_I2C_EV_IRQHandler(&hi2c1);
 283              		.loc 1 240 3 view .LVU35
 284 0002 0248     		ldr	r0, .L21
 285 0004 FFF7FEFF 		bl	HAL_I2C_EV_IRQHandler
 286              	.LVL2:
 241:Core/Src/stm32f4xx_it.c ****   /* USER CODE BEGIN I2C1_EV_IRQn 1 */
 242:Core/Src/stm32f4xx_it.c **** 
 243:Core/Src/stm32f4xx_it.c ****   /* USER CODE END I2C1_EV_IRQn 1 */
 244:Core/Src/stm32f4xx_it.c **** }
 287              		.loc 1 244 1 is_stmt 0 view .LVU36
ARM GAS  /tmp/ccUpP3Rs.s 			page 10


 288 0008 08BD     		pop	{r3, pc}
 289              	.L22:
 290 000a 00BF     		.align	2
 291              	.L21:
 292 000c 00000000 		.word	hi2c1
 293              		.cfi_endproc
 294              	.LFE231:
 296              		.section	.text.I2C1_ER_IRQHandler,"ax",%progbits
 297              		.align	1
 298              		.global	I2C1_ER_IRQHandler
 299              		.syntax unified
 300              		.thumb
 301              		.thumb_func
 303              	I2C1_ER_IRQHandler:
 304              	.LFB232:
 245:Core/Src/stm32f4xx_it.c **** 
 246:Core/Src/stm32f4xx_it.c **** /**
 247:Core/Src/stm32f4xx_it.c ****   * @brief This function handles I2C1 error interrupt.
 248:Core/Src/stm32f4xx_it.c ****   */
 249:Core/Src/stm32f4xx_it.c **** void I2C1_ER_IRQHandler(void)
 250:Core/Src/stm32f4xx_it.c **** {
 305              		.loc 1 250 1 is_stmt 1 view -0
 306              		.cfi_startproc
 307              		@ args = 0, pretend = 0, frame = 0
 308              		@ frame_needed = 0, uses_anonymous_args = 0
 309 0000 08B5     		push	{r3, lr}
 310              	.LCFI3:
 311              		.cfi_def_cfa_offset 8
 312              		.cfi_offset 3, -8
 313              		.cfi_offset 14, -4
 251:Core/Src/stm32f4xx_it.c ****   /* USER CODE BEGIN I2C1_ER_IRQn 0 */
 252:Core/Src/stm32f4xx_it.c **** 
 253:Core/Src/stm32f4xx_it.c ****   /* USER CODE END I2C1_ER_IRQn 0 */
 254:Core/Src/stm32f4xx_it.c ****   HAL_I2C_ER_IRQHandler(&hi2c1);
 314              		.loc 1 254 3 view .LVU38
 315 0002 0248     		ldr	r0, .L25
 316 0004 FFF7FEFF 		bl	HAL_I2C_ER_IRQHandler
 317              	.LVL3:
 255:Core/Src/stm32f4xx_it.c ****   /* USER CODE BEGIN I2C1_ER_IRQn 1 */
 256:Core/Src/stm32f4xx_it.c **** 
 257:Core/Src/stm32f4xx_it.c ****   /* USER CODE END I2C1_ER_IRQn 1 */
 258:Core/Src/stm32f4xx_it.c **** }
 318              		.loc 1 258 1 is_stmt 0 view .LVU39
 319 0008 08BD     		pop	{r3, pc}
 320              	.L26:
 321 000a 00BF     		.align	2
 322              	.L25:
 323 000c 00000000 		.word	hi2c1
 324              		.cfi_endproc
 325              	.LFE232:
 327              		.section	.text.TIM5_IRQHandler,"ax",%progbits
 328              		.align	1
 329              		.global	TIM5_IRQHandler
 330              		.syntax unified
 331              		.thumb
 332              		.thumb_func
 334              	TIM5_IRQHandler:
ARM GAS  /tmp/ccUpP3Rs.s 			page 11


 335              	.LFB233:
 259:Core/Src/stm32f4xx_it.c **** 
 260:Core/Src/stm32f4xx_it.c **** /**
 261:Core/Src/stm32f4xx_it.c ****   * @brief This function handles TIM5 global interrupt.
 262:Core/Src/stm32f4xx_it.c ****   */
 263:Core/Src/stm32f4xx_it.c **** void TIM5_IRQHandler(void)
 264:Core/Src/stm32f4xx_it.c **** {
 336              		.loc 1 264 1 is_stmt 1 view -0
 337              		.cfi_startproc
 338              		@ args = 0, pretend = 0, frame = 0
 339              		@ frame_needed = 0, uses_anonymous_args = 0
 340 0000 08B5     		push	{r3, lr}
 341              	.LCFI4:
 342              		.cfi_def_cfa_offset 8
 343              		.cfi_offset 3, -8
 344              		.cfi_offset 14, -4
 265:Core/Src/stm32f4xx_it.c ****   /* USER CODE BEGIN TIM5_IRQn 0 */
 266:Core/Src/stm32f4xx_it.c **** 
 267:Core/Src/stm32f4xx_it.c ****   /* USER CODE END TIM5_IRQn 0 */
 268:Core/Src/stm32f4xx_it.c ****   HAL_TIM_IRQHandler(&htim5);
 345              		.loc 1 268 3 view .LVU41
 346 0002 0248     		ldr	r0, .L29
 347 0004 FFF7FEFF 		bl	HAL_TIM_IRQHandler
 348              	.LVL4:
 269:Core/Src/stm32f4xx_it.c ****   /* USER CODE BEGIN TIM5_IRQn 1 */
 270:Core/Src/stm32f4xx_it.c **** 
 271:Core/Src/stm32f4xx_it.c ****   /* USER CODE END TIM5_IRQn 1 */
 272:Core/Src/stm32f4xx_it.c **** }
 349              		.loc 1 272 1 is_stmt 0 view .LVU42
 350 0008 08BD     		pop	{r3, pc}
 351              	.L30:
 352 000a 00BF     		.align	2
 353              	.L29:
 354 000c 00000000 		.word	htim5
 355              		.cfi_endproc
 356              	.LFE233:
 358              		.section	.text.TIM3_IRQHandler,"ax",%progbits
 359              		.align	1
 360              		.global	TIM3_IRQHandler
 361              		.syntax unified
 362              		.thumb
 363              		.thumb_func
 365              	TIM3_IRQHandler:
 366              	.LFB234:
 273:Core/Src/stm32f4xx_it.c **** 
 274:Core/Src/stm32f4xx_it.c **** /**
 275:Core/Src/stm32f4xx_it.c ****   * @brief This function handles TIM3 global interrupt.
 276:Core/Src/stm32f4xx_it.c ****   */
 277:Core/Src/stm32f4xx_it.c **** void TIM3_IRQHandler(void)
 278:Core/Src/stm32f4xx_it.c **** {
 367              		.loc 1 278 1 is_stmt 1 view -0
 368              		.cfi_startproc
 369              		@ args = 0, pretend = 0, frame = 0
 370              		@ frame_needed = 0, uses_anonymous_args = 0
 371 0000 08B5     		push	{r3, lr}
 372              	.LCFI5:
 373              		.cfi_def_cfa_offset 8
ARM GAS  /tmp/ccUpP3Rs.s 			page 12


 374              		.cfi_offset 3, -8
 375              		.cfi_offset 14, -4
 279:Core/Src/stm32f4xx_it.c ****   /* USER CODE BEGIN TIM3_IRQn 0 */
 280:Core/Src/stm32f4xx_it.c **** 
 281:Core/Src/stm32f4xx_it.c ****   /* USER CODE END TIM3_IRQn 0 */
 282:Core/Src/stm32f4xx_it.c ****   HAL_TIM_IRQHandler(&htim3);
 376              		.loc 1 282 3 view .LVU44
 377 0002 0248     		ldr	r0, .L33
 378 0004 FFF7FEFF 		bl	HAL_TIM_IRQHandler
 379              	.LVL5:
 283:Core/Src/stm32f4xx_it.c ****   /* USER CODE BEGIN TIM3_IRQn 1 */
 284:Core/Src/stm32f4xx_it.c **** 
 285:Core/Src/stm32f4xx_it.c ****   /* USER CODE END TIM3_IRQn 1 */
 286:Core/Src/stm32f4xx_it.c **** }
 380              		.loc 1 286 1 is_stmt 0 view .LVU45
 381 0008 08BD     		pop	{r3, pc}
 382              	.L34:
 383 000a 00BF     		.align	2
 384              	.L33:
 385 000c 00000000 		.word	htim3
 386              		.cfi_endproc
 387              	.LFE234:
 389              		.text
 390              	.Letext0:
 391              		.file 2 "/home/alpri/st/stm32cubeclt_1.21.0/GNU-tools-for-STM32/arm-none-eabi/include/machine/_def
 392              		.file 3 "/home/alpri/st/stm32cubeclt_1.21.0/GNU-tools-for-STM32/arm-none-eabi/include/sys/_stdint.
 393              		.file 4 "Drivers/CMSIS/Device/ST/STM32F4xx/Include/stm32f411xe.h"
 394              		.file 5 "Drivers/STM32F4xx_HAL_Driver/Inc/stm32f4xx_hal_def.h"
 395              		.file 6 "Drivers/STM32F4xx_HAL_Driver/Inc/stm32f4xx_hal_dma.h"
 396              		.file 7 "Drivers/STM32F4xx_HAL_Driver/Inc/stm32f4xx_hal_i2c.h"
 397              		.file 8 "Drivers/STM32F4xx_HAL_Driver/Inc/stm32f4xx_hal_tim.h"
 398              		.file 9 "Drivers/STM32F4xx_HAL_Driver/Inc/stm32f4xx_hal_gpio.h"
ARM GAS  /tmp/ccUpP3Rs.s 			page 13


DEFINED SYMBOLS
                            *ABS*:00000000 stm32f4xx_it.c
     /tmp/ccUpP3Rs.s:21     .text.NMI_Handler:00000000 $t
     /tmp/ccUpP3Rs.s:27     .text.NMI_Handler:00000000 NMI_Handler
     /tmp/ccUpP3Rs.s:44     .text.HardFault_Handler:00000000 $t
     /tmp/ccUpP3Rs.s:50     .text.HardFault_Handler:00000000 HardFault_Handler
     /tmp/ccUpP3Rs.s:67     .text.MemManage_Handler:00000000 $t
     /tmp/ccUpP3Rs.s:73     .text.MemManage_Handler:00000000 MemManage_Handler
     /tmp/ccUpP3Rs.s:90     .text.BusFault_Handler:00000000 $t
     /tmp/ccUpP3Rs.s:96     .text.BusFault_Handler:00000000 BusFault_Handler
     /tmp/ccUpP3Rs.s:113    .text.UsageFault_Handler:00000000 $t
     /tmp/ccUpP3Rs.s:119    .text.UsageFault_Handler:00000000 UsageFault_Handler
     /tmp/ccUpP3Rs.s:136    .text.SVC_Handler:00000000 $t
     /tmp/ccUpP3Rs.s:142    .text.SVC_Handler:00000000 SVC_Handler
     /tmp/ccUpP3Rs.s:155    .text.DebugMon_Handler:00000000 $t
     /tmp/ccUpP3Rs.s:161    .text.DebugMon_Handler:00000000 DebugMon_Handler
     /tmp/ccUpP3Rs.s:174    .text.PendSV_Handler:00000000 $t
     /tmp/ccUpP3Rs.s:180    .text.PendSV_Handler:00000000 PendSV_Handler
     /tmp/ccUpP3Rs.s:193    .text.SysTick_Handler:00000000 $t
     /tmp/ccUpP3Rs.s:199    .text.SysTick_Handler:00000000 SysTick_Handler
     /tmp/ccUpP3Rs.s:212    .text.EXTI0_IRQHandler:00000000 $t
     /tmp/ccUpP3Rs.s:218    .text.EXTI0_IRQHandler:00000000 EXTI0_IRQHandler
     /tmp/ccUpP3Rs.s:239    .text.EXTI15_10_IRQHandler:00000000 $t
     /tmp/ccUpP3Rs.s:245    .text.EXTI15_10_IRQHandler:00000000 EXTI15_10_IRQHandler
     /tmp/ccUpP3Rs.s:266    .text.I2C1_EV_IRQHandler:00000000 $t
     /tmp/ccUpP3Rs.s:272    .text.I2C1_EV_IRQHandler:00000000 I2C1_EV_IRQHandler
     /tmp/ccUpP3Rs.s:292    .text.I2C1_EV_IRQHandler:0000000c $d
     /tmp/ccUpP3Rs.s:297    .text.I2C1_ER_IRQHandler:00000000 $t
     /tmp/ccUpP3Rs.s:303    .text.I2C1_ER_IRQHandler:00000000 I2C1_ER_IRQHandler
     /tmp/ccUpP3Rs.s:323    .text.I2C1_ER_IRQHandler:0000000c $d
     /tmp/ccUpP3Rs.s:328    .text.TIM5_IRQHandler:00000000 $t
     /tmp/ccUpP3Rs.s:334    .text.TIM5_IRQHandler:00000000 TIM5_IRQHandler
     /tmp/ccUpP3Rs.s:354    .text.TIM5_IRQHandler:0000000c $d
     /tmp/ccUpP3Rs.s:359    .text.TIM3_IRQHandler:00000000 $t
     /tmp/ccUpP3Rs.s:365    .text.TIM3_IRQHandler:00000000 TIM3_IRQHandler
     /tmp/ccUpP3Rs.s:385    .text.TIM3_IRQHandler:0000000c $d

UNDEFINED SYMBOLS
HAL_GPIO_EXTI_IRQHandler
HAL_I2C_EV_IRQHandler
hi2c1
HAL_I2C_ER_IRQHandler
HAL_TIM_IRQHandler
htim5
htim3
