ARM GAS  /tmp/ccZ3Alhy.s 			page 1


   1              		.cpu cortex-m4
   2              		.arch armv7e-m
   3              		.fpu fpv4-sp-d16
   4              		.eabi_attribute 27, 1
   5              		.eabi_attribute 28, 1
   6              		.eabi_attribute 20, 1
   7              		.eabi_attribute 21, 1
   8              		.eabi_attribute 23, 3
   9              		.eabi_attribute 24, 1
  10              		.eabi_attribute 25, 1
  11              		.eabi_attribute 26, 1
  12              		.eabi_attribute 30, 1
  13              		.eabi_attribute 34, 1
  14              		.eabi_attribute 18, 4
  15              		.file	"tim.c"
  16              		.text
  17              	.Ltext0:
  18              		.cfi_sections	.debug_frame
  19              		.file 1 "Core/Src/tim.c"
  20              		.section	.text.MX_TIM3_Init,"ax",%progbits
  21              		.align	1
  22              		.global	MX_TIM3_Init
  23              		.syntax unified
  24              		.thumb
  25              		.thumb_func
  27              	MX_TIM3_Init:
  28              	.LFB220:
   1:Core/Src/tim.c **** /* USER CODE BEGIN Header */
   2:Core/Src/tim.c **** /**
   3:Core/Src/tim.c ****   ******************************************************************************
   4:Core/Src/tim.c ****   * @file    tim.c
   5:Core/Src/tim.c ****   * @brief   This file provides code for the configuration
   6:Core/Src/tim.c ****   *          of the TIM instances.
   7:Core/Src/tim.c ****   ******************************************************************************
   8:Core/Src/tim.c ****   * @attention
   9:Core/Src/tim.c ****   *
  10:Core/Src/tim.c ****   * Copyright (c) 2026 STMicroelectronics.
  11:Core/Src/tim.c ****   * All rights reserved.
  12:Core/Src/tim.c ****   *
  13:Core/Src/tim.c ****   * This software is licensed under terms that can be found in the LICENSE file
  14:Core/Src/tim.c ****   * in the root directory of this software component.
  15:Core/Src/tim.c ****   * If no LICENSE file comes with this software, it is provided AS-IS.
  16:Core/Src/tim.c ****   *
  17:Core/Src/tim.c ****   ******************************************************************************
  18:Core/Src/tim.c ****   */
  19:Core/Src/tim.c **** /* USER CODE END Header */
  20:Core/Src/tim.c **** /* Includes ------------------------------------------------------------------*/
  21:Core/Src/tim.c **** #include "tim.h"
  22:Core/Src/tim.c **** 
  23:Core/Src/tim.c **** /* USER CODE BEGIN 0 */
  24:Core/Src/tim.c **** 
  25:Core/Src/tim.c **** /* USER CODE END 0 */
  26:Core/Src/tim.c **** 
  27:Core/Src/tim.c **** TIM_HandleTypeDef htim3;
  28:Core/Src/tim.c **** 
  29:Core/Src/tim.c **** /* TIM3 init function */
  30:Core/Src/tim.c **** void MX_TIM3_Init(void)
ARM GAS  /tmp/ccZ3Alhy.s 			page 2


  31:Core/Src/tim.c **** {
  29              		.loc 1 31 1 view -0
  30              		.cfi_startproc
  31              		@ args = 0, pretend = 0, frame = 8
  32              		@ frame_needed = 0, uses_anonymous_args = 0
  33 0000 00B5     		push	{lr}
  34              	.LCFI0:
  35              		.cfi_def_cfa_offset 4
  36              		.cfi_offset 14, -4
  37 0002 83B0     		sub	sp, sp, #12
  38              	.LCFI1:
  39              		.cfi_def_cfa_offset 16
  32:Core/Src/tim.c **** 
  33:Core/Src/tim.c ****   /* USER CODE BEGIN TIM3_Init 0 */
  34:Core/Src/tim.c **** 
  35:Core/Src/tim.c ****   /* USER CODE END TIM3_Init 0 */
  36:Core/Src/tim.c **** 
  37:Core/Src/tim.c ****   TIM_MasterConfigTypeDef sMasterConfig = {0};
  40              		.loc 1 37 3 view .LVU1
  41              		.loc 1 37 27 is_stmt 0 view .LVU2
  42 0004 0023     		movs	r3, #0
  43 0006 0093     		str	r3, [sp]
  44 0008 0193     		str	r3, [sp, #4]
  38:Core/Src/tim.c **** 
  39:Core/Src/tim.c ****   /* USER CODE BEGIN TIM3_Init 1 */
  40:Core/Src/tim.c **** 
  41:Core/Src/tim.c ****   /* USER CODE END TIM3_Init 1 */
  42:Core/Src/tim.c ****   htim3.Instance = TIM3;
  45              		.loc 1 42 3 is_stmt 1 view .LVU3
  46              		.loc 1 42 18 is_stmt 0 view .LVU4
  47 000a 0E48     		ldr	r0, .L7
  48 000c 0E4A     		ldr	r2, .L7+4
  49 000e 0260     		str	r2, [r0]
  43:Core/Src/tim.c ****   htim3.Init.Prescaler = 15;
  50              		.loc 1 43 3 is_stmt 1 view .LVU5
  51              		.loc 1 43 24 is_stmt 0 view .LVU6
  52 0010 0F22     		movs	r2, #15
  53 0012 4260     		str	r2, [r0, #4]
  44:Core/Src/tim.c ****   htim3.Init.CounterMode = TIM_COUNTERMODE_UP;
  54              		.loc 1 44 3 is_stmt 1 view .LVU7
  55              		.loc 1 44 26 is_stmt 0 view .LVU8
  56 0014 8360     		str	r3, [r0, #8]
  45:Core/Src/tim.c ****   htim3.Init.Period = 99;
  57              		.loc 1 45 3 is_stmt 1 view .LVU9
  58              		.loc 1 45 21 is_stmt 0 view .LVU10
  59 0016 6323     		movs	r3, #99
  60 0018 C360     		str	r3, [r0, #12]
  46:Core/Src/tim.c ****   htim3.Init.AutoReloadPreload = TIM_AUTORELOAD_PRELOAD_ENABLE;
  61              		.loc 1 46 3 is_stmt 1 view .LVU11
  62              		.loc 1 46 32 is_stmt 0 view .LVU12
  63 001a 8023     		movs	r3, #128
  64 001c 8361     		str	r3, [r0, #24]
  47:Core/Src/tim.c ****   if (HAL_TIM_Base_Init(&htim3) != HAL_OK)
  65              		.loc 1 47 3 is_stmt 1 view .LVU13
  66              		.loc 1 47 7 is_stmt 0 view .LVU14
  67 001e FFF7FEFF 		bl	HAL_TIM_Base_Init
  68              	.LVL0:
ARM GAS  /tmp/ccZ3Alhy.s 			page 3


  69              		.loc 1 47 6 discriminator 1 view .LVU15
  70 0022 48B9     		cbnz	r0, .L5
  71              	.L2:
  48:Core/Src/tim.c ****   {
  49:Core/Src/tim.c ****     Error_Handler();
  50:Core/Src/tim.c ****   }
  51:Core/Src/tim.c ****   sMasterConfig.MasterOutputTrigger = TIM_TRGO_RESET;
  72              		.loc 1 51 3 is_stmt 1 view .LVU16
  73              		.loc 1 51 37 is_stmt 0 view .LVU17
  74 0024 0023     		movs	r3, #0
  75 0026 0093     		str	r3, [sp]
  52:Core/Src/tim.c ****   sMasterConfig.MasterSlaveMode = TIM_MASTERSLAVEMODE_DISABLE;
  76              		.loc 1 52 3 is_stmt 1 view .LVU18
  77              		.loc 1 52 33 is_stmt 0 view .LVU19
  78 0028 0193     		str	r3, [sp, #4]
  53:Core/Src/tim.c ****   if (HAL_TIMEx_MasterConfigSynchronization(&htim3, &sMasterConfig) != HAL_OK)
  79              		.loc 1 53 3 is_stmt 1 view .LVU20
  80              		.loc 1 53 7 is_stmt 0 view .LVU21
  81 002a 6946     		mov	r1, sp
  82 002c 0548     		ldr	r0, .L7
  83 002e FFF7FEFF 		bl	HAL_TIMEx_MasterConfigSynchronization
  84              	.LVL1:
  85              		.loc 1 53 6 discriminator 1 view .LVU22
  86 0032 20B9     		cbnz	r0, .L6
  87              	.L1:
  54:Core/Src/tim.c ****   {
  55:Core/Src/tim.c ****     Error_Handler();
  56:Core/Src/tim.c ****   }
  57:Core/Src/tim.c ****   /* USER CODE BEGIN TIM3_Init 2 */
  58:Core/Src/tim.c **** 
  59:Core/Src/tim.c ****   /* USER CODE END TIM3_Init 2 */
  60:Core/Src/tim.c **** 
  61:Core/Src/tim.c **** }
  88              		.loc 1 61 1 view .LVU23
  89 0034 03B0     		add	sp, sp, #12
  90              	.LCFI2:
  91              		.cfi_remember_state
  92              		.cfi_def_cfa_offset 4
  93              		@ sp needed
  94 0036 00BD     		pop	{pc}
  95              	.L5:
  96              	.LCFI3:
  97              		.cfi_restore_state
  49:Core/Src/tim.c ****   }
  98              		.loc 1 49 5 is_stmt 1 view .LVU24
  99 0038 FFF7FEFF 		bl	Error_Handler
 100              	.LVL2:
 101 003c F2E7     		b	.L2
 102              	.L6:
  55:Core/Src/tim.c ****   }
 103              		.loc 1 55 5 view .LVU25
 104 003e FFF7FEFF 		bl	Error_Handler
 105              	.LVL3:
 106              		.loc 1 61 1 is_stmt 0 view .LVU26
 107 0042 F7E7     		b	.L1
 108              	.L8:
 109              		.align	2
ARM GAS  /tmp/ccZ3Alhy.s 			page 4


 110              	.L7:
 111 0044 00000000 		.word	htim3
 112 0048 00040040 		.word	1073742848
 113              		.cfi_endproc
 114              	.LFE220:
 116              		.section	.text.HAL_TIM_Base_MspInit,"ax",%progbits
 117              		.align	1
 118              		.global	HAL_TIM_Base_MspInit
 119              		.syntax unified
 120              		.thumb
 121              		.thumb_func
 123              	HAL_TIM_Base_MspInit:
 124              	.LVL4:
 125              	.LFB221:
  62:Core/Src/tim.c **** 
  63:Core/Src/tim.c **** void HAL_TIM_Base_MspInit(TIM_HandleTypeDef* tim_baseHandle)
  64:Core/Src/tim.c **** {
 126              		.loc 1 64 1 is_stmt 1 view -0
 127              		.cfi_startproc
 128              		@ args = 0, pretend = 0, frame = 8
 129              		@ frame_needed = 0, uses_anonymous_args = 0
  65:Core/Src/tim.c **** 
  66:Core/Src/tim.c ****   if(tim_baseHandle->Instance==TIM3)
 130              		.loc 1 66 3 view .LVU28
 131              		.loc 1 66 20 is_stmt 0 view .LVU29
 132 0000 0268     		ldr	r2, [r0]
 133              		.loc 1 66 5 view .LVU30
 134 0002 0E4B     		ldr	r3, .L16
 135 0004 9A42     		cmp	r2, r3
 136 0006 00D0     		beq	.L15
 137 0008 7047     		bx	lr
 138              	.L15:
  64:Core/Src/tim.c **** 
 139              		.loc 1 64 1 view .LVU31
 140 000a 00B5     		push	{lr}
 141              	.LCFI4:
 142              		.cfi_def_cfa_offset 4
 143              		.cfi_offset 14, -4
 144 000c 83B0     		sub	sp, sp, #12
 145              	.LCFI5:
 146              		.cfi_def_cfa_offset 16
  67:Core/Src/tim.c ****   {
  68:Core/Src/tim.c ****   /* USER CODE BEGIN TIM3_MspInit 0 */
  69:Core/Src/tim.c **** 
  70:Core/Src/tim.c ****   /* USER CODE END TIM3_MspInit 0 */
  71:Core/Src/tim.c ****     /* TIM3 clock enable */
  72:Core/Src/tim.c ****     __HAL_RCC_TIM3_CLK_ENABLE();
 147              		.loc 1 72 5 is_stmt 1 view .LVU32
 148              	.LBB2:
 149              		.loc 1 72 5 view .LVU33
 150 000e 0022     		movs	r2, #0
 151 0010 0192     		str	r2, [sp, #4]
 152              		.loc 1 72 5 view .LVU34
 153 0012 03F50D33 		add	r3, r3, #144384
 154 0016 196C     		ldr	r1, [r3, #64]
 155 0018 41F00201 		orr	r1, r1, #2
 156 001c 1964     		str	r1, [r3, #64]
ARM GAS  /tmp/ccZ3Alhy.s 			page 5


 157              		.loc 1 72 5 view .LVU35
 158 001e 1B6C     		ldr	r3, [r3, #64]
 159 0020 03F00203 		and	r3, r3, #2
 160 0024 0193     		str	r3, [sp, #4]
 161              		.loc 1 72 5 view .LVU36
 162 0026 019B     		ldr	r3, [sp, #4]
 163              	.LBE2:
 164              		.loc 1 72 5 view .LVU37
  73:Core/Src/tim.c **** 
  74:Core/Src/tim.c ****     /* TIM3 interrupt Init */
  75:Core/Src/tim.c ****     HAL_NVIC_SetPriority(TIM3_IRQn, 2, 0);
 165              		.loc 1 75 5 view .LVU38
 166 0028 0221     		movs	r1, #2
 167 002a 1D20     		movs	r0, #29
 168              	.LVL5:
 169              		.loc 1 75 5 is_stmt 0 view .LVU39
 170 002c FFF7FEFF 		bl	HAL_NVIC_SetPriority
 171              	.LVL6:
  76:Core/Src/tim.c ****     HAL_NVIC_EnableIRQ(TIM3_IRQn);
 172              		.loc 1 76 5 is_stmt 1 view .LVU40
 173 0030 1D20     		movs	r0, #29
 174 0032 FFF7FEFF 		bl	HAL_NVIC_EnableIRQ
 175              	.LVL7:
  77:Core/Src/tim.c ****   /* USER CODE BEGIN TIM3_MspInit 1 */
  78:Core/Src/tim.c **** 
  79:Core/Src/tim.c ****   /* USER CODE END TIM3_MspInit 1 */
  80:Core/Src/tim.c ****   }
  81:Core/Src/tim.c **** }
 176              		.loc 1 81 1 is_stmt 0 view .LVU41
 177 0036 03B0     		add	sp, sp, #12
 178              	.LCFI6:
 179              		.cfi_def_cfa_offset 4
 180              		@ sp needed
 181 0038 00BD     		pop	{pc}
 182              	.L17:
 183 003a 00BF     		.align	2
 184              	.L16:
 185 003c 00040040 		.word	1073742848
 186              		.cfi_endproc
 187              	.LFE221:
 189              		.section	.text.HAL_TIM_Base_MspDeInit,"ax",%progbits
 190              		.align	1
 191              		.global	HAL_TIM_Base_MspDeInit
 192              		.syntax unified
 193              		.thumb
 194              		.thumb_func
 196              	HAL_TIM_Base_MspDeInit:
 197              	.LVL8:
 198              	.LFB222:
  82:Core/Src/tim.c **** 
  83:Core/Src/tim.c **** void HAL_TIM_Base_MspDeInit(TIM_HandleTypeDef* tim_baseHandle)
  84:Core/Src/tim.c **** {
 199              		.loc 1 84 1 is_stmt 1 view -0
 200              		.cfi_startproc
 201              		@ args = 0, pretend = 0, frame = 0
 202              		@ frame_needed = 0, uses_anonymous_args = 0
 203              		.loc 1 84 1 is_stmt 0 view .LVU43
ARM GAS  /tmp/ccZ3Alhy.s 			page 6


 204 0000 08B5     		push	{r3, lr}
 205              	.LCFI7:
 206              		.cfi_def_cfa_offset 8
 207              		.cfi_offset 3, -8
 208              		.cfi_offset 14, -4
  85:Core/Src/tim.c **** 
  86:Core/Src/tim.c ****   if(tim_baseHandle->Instance==TIM3)
 209              		.loc 1 86 3 is_stmt 1 view .LVU44
 210              		.loc 1 86 20 is_stmt 0 view .LVU45
 211 0002 0268     		ldr	r2, [r0]
 212              		.loc 1 86 5 view .LVU46
 213 0004 064B     		ldr	r3, .L22
 214 0006 9A42     		cmp	r2, r3
 215 0008 00D0     		beq	.L21
 216              	.LVL9:
 217              	.L18:
  87:Core/Src/tim.c ****   {
  88:Core/Src/tim.c ****   /* USER CODE BEGIN TIM3_MspDeInit 0 */
  89:Core/Src/tim.c **** 
  90:Core/Src/tim.c ****   /* USER CODE END TIM3_MspDeInit 0 */
  91:Core/Src/tim.c ****     /* Peripheral clock disable */
  92:Core/Src/tim.c ****     __HAL_RCC_TIM3_CLK_DISABLE();
  93:Core/Src/tim.c **** 
  94:Core/Src/tim.c ****     /* TIM3 interrupt Deinit */
  95:Core/Src/tim.c ****     HAL_NVIC_DisableIRQ(TIM3_IRQn);
  96:Core/Src/tim.c ****   /* USER CODE BEGIN TIM3_MspDeInit 1 */
  97:Core/Src/tim.c **** 
  98:Core/Src/tim.c ****   /* USER CODE END TIM3_MspDeInit 1 */
  99:Core/Src/tim.c ****   }
 100:Core/Src/tim.c **** }
 218              		.loc 1 100 1 view .LVU47
 219 000a 08BD     		pop	{r3, pc}
 220              	.LVL10:
 221              	.L21:
  92:Core/Src/tim.c **** 
 222              		.loc 1 92 5 is_stmt 1 view .LVU48
 223 000c 054A     		ldr	r2, .L22+4
 224 000e 136C     		ldr	r3, [r2, #64]
 225 0010 23F00203 		bic	r3, r3, #2
 226 0014 1364     		str	r3, [r2, #64]
  95:Core/Src/tim.c ****   /* USER CODE BEGIN TIM3_MspDeInit 1 */
 227              		.loc 1 95 5 view .LVU49
 228 0016 1D20     		movs	r0, #29
 229              	.LVL11:
  95:Core/Src/tim.c ****   /* USER CODE BEGIN TIM3_MspDeInit 1 */
 230              		.loc 1 95 5 is_stmt 0 view .LVU50
 231 0018 FFF7FEFF 		bl	HAL_NVIC_DisableIRQ
 232              	.LVL12:
 233              		.loc 1 100 1 view .LVU51
 234 001c F5E7     		b	.L18
 235              	.L23:
 236 001e 00BF     		.align	2
 237              	.L22:
 238 0020 00040040 		.word	1073742848
 239 0024 00380240 		.word	1073887232
 240              		.cfi_endproc
 241              	.LFE222:
ARM GAS  /tmp/ccZ3Alhy.s 			page 7


 243              		.global	htim3
 244              		.section	.bss.htim3,"aw",%nobits
 245              		.align	2
 248              	htim3:
 249 0000 00000000 		.space	72
 249      00000000 
 249      00000000 
 249      00000000 
 249      00000000 
 250              		.text
 251              	.Letext0:
 252              		.file 2 "Drivers/CMSIS/Device/ST/STM32F4xx/Include/stm32f411xe.h"
 253              		.file 3 "/home/alpri/st/stm32cubeclt_1.21.0/GNU-tools-for-STM32/arm-none-eabi/include/machine/_def
 254              		.file 4 "/home/alpri/st/stm32cubeclt_1.21.0/GNU-tools-for-STM32/arm-none-eabi/include/sys/_stdint.
 255              		.file 5 "Drivers/STM32F4xx_HAL_Driver/Inc/stm32f4xx_hal_def.h"
 256              		.file 6 "Drivers/STM32F4xx_HAL_Driver/Inc/stm32f4xx_hal_dma.h"
 257              		.file 7 "Drivers/STM32F4xx_HAL_Driver/Inc/stm32f4xx_hal_tim.h"
 258              		.file 8 "Drivers/STM32F4xx_HAL_Driver/Inc/stm32f4xx_hal_cortex.h"
 259              		.file 9 "Drivers/STM32F4xx_HAL_Driver/Inc/stm32f4xx_hal_tim_ex.h"
 260              		.file 10 "Core/Inc/tim.h"
 261              		.file 11 "Core/Inc/main.h"
ARM GAS  /tmp/ccZ3Alhy.s 			page 8


DEFINED SYMBOLS
                            *ABS*:00000000 tim.c
     /tmp/ccZ3Alhy.s:21     .text.MX_TIM3_Init:00000000 $t
     /tmp/ccZ3Alhy.s:27     .text.MX_TIM3_Init:00000000 MX_TIM3_Init
     /tmp/ccZ3Alhy.s:111    .text.MX_TIM3_Init:00000044 $d
     /tmp/ccZ3Alhy.s:248    .bss.htim3:00000000 htim3
     /tmp/ccZ3Alhy.s:117    .text.HAL_TIM_Base_MspInit:00000000 $t
     /tmp/ccZ3Alhy.s:123    .text.HAL_TIM_Base_MspInit:00000000 HAL_TIM_Base_MspInit
     /tmp/ccZ3Alhy.s:185    .text.HAL_TIM_Base_MspInit:0000003c $d
     /tmp/ccZ3Alhy.s:190    .text.HAL_TIM_Base_MspDeInit:00000000 $t
     /tmp/ccZ3Alhy.s:196    .text.HAL_TIM_Base_MspDeInit:00000000 HAL_TIM_Base_MspDeInit
     /tmp/ccZ3Alhy.s:238    .text.HAL_TIM_Base_MspDeInit:00000020 $d
     /tmp/ccZ3Alhy.s:245    .bss.htim3:00000000 $d

UNDEFINED SYMBOLS
HAL_TIM_Base_Init
HAL_TIMEx_MasterConfigSynchronization
Error_Handler
HAL_NVIC_SetPriority
HAL_NVIC_EnableIRQ
HAL_NVIC_DisableIRQ
